[
  {
    "number": 1,
    "filename": "01-yuki ᰔᩚ - Chudai_00001.mp4",
    "url": "https://x.com/yukitorisauce/status/2001742809364402510?s=46",
    "title": "yuki ᰔᩚ - Chudai",
    "uploader": "yuki ᰔᩚ",
    "username": "yukitorisauce",
    "upload_date": "20251218",
    "duration": 6.345,
    "filesize": 360627,
    "download_date": "2025-12-20 21:52:04"
  },
  {
    "number": 2,
    "filename": "02-ilay - https：⧸⧸t.co⧸IrfAMchsUM_00001.mp4",
    "url": "https://x.com/cravedromance/status/2002106158803566797?s=20",
    "title": "ilay - https://t.co/IrfAMchsUM",
    "uploader": "ilay",
    "username": "cravedromance",
    "upload_date": "20251219",
    "duration": 171.717,
    "filesize": 12552862,
    "download_date": "2025-12-20 22:16:14"
  },
  {
    "number": 3,
    "filename": "03-jess - Should I take my bra off？_00001.mp4",
    "url": "https://x.com/luhvars/status/2002121783911096543?s=20",
    "title": "jess - Should I take my bra off?",
    "uploader": "jess",
    "username": "luhvars",
    "upload_date": "20251219",
    "duration": 6.903,
    "filesize": 557517,
    "download_date": "2025-12-20 23:14:50"
  }
]