[
  {
    "number": 1,
    "filename": "01-阳布布鸭 - Wataa💦_00001.mp4",
    "url": "https://x.com/1yangbubuya/status/1921897675827384326?s=46",
    "title": "阳布布鸭 - Wataa💦",
    "uploader": "阳布布鸭",
    "username": "1yangbubuya",
    "upload_date": "20250512",
    "duration": 7.0,
    "filesize": 757396,
    "download_date": "2025-10-13 21:27:06"
  },
  {
    "number": 2,
    "filename": "02-swag tv - Chudai💦 #nsfw #sex #porn #naked #nudes #hentai #squirt #pussy #goon_00001.mp4",
    "url": "https://x.com/asian99990/status/1977567006833688666?s=46",
    "title": "swag tv - Chudai💦 #nsfw #sex #porn #naked #nudes #hentai #squirt #pussy #goon",
    "uploader": "swag tv",
    "username": "asian99990",
    "upload_date": "20251013",
    "duration": 274.971,
    "filesize": 20235286,
    "download_date": "2025-10-13 21:27:42"
  },
  {
    "number": 3,
    "filename": "03-彤彤 - wataa_00001.mp4",
    "url": "https://x.com/tongtongcome/status/1970090249490739203?s=46",
    "title": "彤彤 - wataa",
    "uploader": "彤彤",
    "username": "Tongtongcome",
    "upload_date": "20250922",
    "duration": 44.202,
    "filesize": 2218242,
    "download_date": "2025-10-13 21:29:03"
  },
  {
    "number": 4,
    "filename": "04-彤彤 - wataa_00001.mp4",
    "url": "https://x.com/tongtongcome/status/1964647757320523855?s=46",
    "title": "彤彤 - wataa",
    "uploader": "彤彤",
    "username": "Tongtongcome",
    "upload_date": "20250907",
    "duration": 8.466,
    "filesize": 508057,
    "download_date": "2025-10-13 21:29:06"
  },
  {
    "number": 5,
    "filename": "05-彤彤 - wataa_00001.mp4",
    "url": "https://x.com/tongtongcome/status/1975167380469715402?s=46",
    "title": "彤彤 - wataa",
    "uploader": "彤彤",
    "username": "Tongtongcome",
    "upload_date": "20251006",
    "duration": 53.803,
    "filesize": 7581660,
    "download_date": "2025-10-13 21:29:11"
  },
  {
    "number": 6,
    "filename": "06-hong14868 - wataa  @ToBulma @ToBulaer  @KawasawaSen @BulmaList_00001.mp4",
    "url": "https://x.com/hong14868/status/1977680315150897369?s=46",
    "title": "hong14868 - wataa  @ToBulma @ToBulaer  @KawasawaSen @BulmaList",
    "uploader": "hong14868",
    "username": "hong14868",
    "upload_date": "20251013",
    "duration": 12.6,
    "filesize": 749099,
    "download_date": "2025-10-13 21:29:15"
  },
  {
    "number": 7,
    "filename": "07-Schoolmom - Chudai 😝  #nsfw #sex #porn #naked #nudes #hentai #squirt #pussy #goon_00001.mp4",
    "url": "https://x.com/scchoolmom/status/1977581421784097013?s=46",
    "title": "Schoolmom - Chudai 😝  #nsfw #sex #porn #naked #nudes #hentai #squirt #pussy #goon",
    "uploader": "Schoolmom",
    "username": "Scchoolmom",
    "upload_date": "20251013",
    "duration": 288.856,
    "filesize": 23788255,
    "download_date": "2025-10-13 21:29:27"
  },
  {
    "number": 8,
    "filename": "08-Lesbianvilllie - Chudai 💦_00001.mp4",
    "url": "https://x.com/lesbianvilllie/status/1977705648952397892?s=46",
    "title": "Lesbianvilllie - Chudai 💦",
    "uploader": "Lesbianvilllie",
    "username": "lesbianvilllie",
    "upload_date": "20251013",
    "duration": 29.001,
    "filesize": 2186795,
    "download_date": "2025-10-13 21:29:31"
  },
  {
    "number": 9,
    "filename": "09-小野拯救世界 - wataa_00001.mp4",
    "url": "https://x.com/xiaoxiaoye0918/status/1977659228975448198",
    "title": "小野拯救世界 - wataa",
    "uploader": "小野拯救世界",
    "username": "xiaoxiaoye0918",
    "upload_date": "20251013",
    "duration": 5.266,
    "filesize": 558526,
    "download_date": "2025-10-13 21:57:21"
  },
  {
    "number": 10,
    "filename": "10-小野拯救世界 - wataa_00001.mp4",
    "url": "https://x.com/xiaoxiaoye0918/status/1977336469242179802",
    "title": "小野拯救世界 - wataa",
    "uploader": "小野拯救世界",
    "username": "xiaoxiaoye0918",
    "upload_date": "20251012",
    "duration": 5.633,
    "filesize": 264881,
    "download_date": "2025-10-13 21:57:24"
  },
  {
    "number": 11,
    "filename": "11-小野拯救世界 - wataa_00001.mp4",
    "url": "https://x.com/xiaoxiaoye0918/status/1976600397960859865",
    "title": "小野拯救世界 - wataa",
    "uploader": "小野拯救世界",
    "username": "xiaoxiaoye0918",
    "upload_date": "20251010",
    "duration": 8.999,
    "filesize": 646508,
    "download_date": "2025-10-13 21:57:26"
  },
  {
    "number": 12,
    "filename": "12-小野拯救世界 - wataa_00001.mp4",
    "url": "https://x.com/xiaoxiaoye0918/status/1976295342514839735",
    "title": "小野拯救世界 - wataa",
    "uploader": "小野拯救世界",
    "username": "xiaoxiaoye0918",
    "upload_date": "20251009",
    "duration": 4.133,
    "filesize": 182935,
    "download_date": "2025-10-13 21:57:29"
  },
  {
    "number": 13,
    "filename": "13-小野拯救世界 - wataa_00001.mp4",
    "url": "https://x.com/xiaoxiaoye0918/status/1974679692021248270",
    "title": "小野拯救世界 - wataa",
    "uploader": "小野拯救世界",
    "username": "xiaoxiaoye0918",
    "upload_date": "20251005",
    "duration": 5.2,
    "filesize": 560710,
    "download_date": "2025-10-13 21:57:31"
  },
  {
    "number": 14,
    "filename": "14-小野拯救世界 - 动感光波～_00001.mp4",
    "url": "https://x.com/xiaoxiaoye0918/status/1975218433739661602",
    "title": "小野拯救世界 - 动感光波～",
    "uploader": "小野拯救世界",
    "username": "xiaoxiaoye0918",
    "upload_date": "20251006",
    "duration": 4.266,
    "filesize": 618757,
    "download_date": "2025-10-13 21:57:51"
  },
  {
    "number": 15,
    "filename": "15-小野拯救世界 - wataa_00001.mp4",
    "url": "https://x.com/xiaoxiaoye0918/status/1975136265180975359",
    "title": "小野拯救世界 - wataa",
    "uploader": "小野拯救世界",
    "username": "xiaoxiaoye0918",
    "upload_date": "20251006",
    "duration": 4.299,
    "filesize": 263743,
    "download_date": "2025-10-13 21:58:10"
  },
  {
    "number": 16,
    "filename": "16-小野拯救世界 - wataa_00001.mp4",
    "url": "https://x.com/xiaoxiaoye0918/status/1974115701876298073",
    "title": "小野拯救世界 - wataa",
    "uploader": "小野拯救世界",
    "username": "xiaoxiaoye0918",
    "upload_date": "20251003",
    "duration": 3.533,
    "filesize": 278121,
    "download_date": "2025-10-13 21:58:12"
  },
  {
    "number": 17,
    "filename": "17-小野拯救世界 - wataa_00001.mp4",
    "url": "https://x.com/xiaoxiaoye0918/status/1974012922616819843",
    "title": "小野拯救世界 - wataa",
    "uploader": "小野拯救世界",
    "username": "xiaoxiaoye0918",
    "upload_date": "20251003",
    "duration": 8.3,
    "filesize": 826333,
    "download_date": "2025-10-13 21:58:29"
  },
  {
    "number": 18,
    "filename": "18-小野拯救世界 - 🫣_00001.mp4",
    "url": "https://x.com/xiaoxiaoye0918/status/1973769241292902595",
    "title": "小野拯救世界 - 🫣",
    "uploader": "小野拯救世界",
    "username": "xiaoxiaoye0918",
    "upload_date": "20251002",
    "duration": 8.098,
    "filesize": 380518,
    "download_date": "2025-10-13 21:58:33"
  },
  {
    "number": 19,
    "filename": "19-小野拯救世界 - wataa_00001.mp4",
    "url": "https://x.com/xiaoxiaoye0918/status/1962468777217704014",
    "title": "小野拯救世界 - wataa",
    "uploader": "小野拯救世界",
    "username": "xiaoxiaoye0918",
    "upload_date": "20250901",
    "duration": 9.0,
    "filesize": 572743,
    "download_date": "2025-10-13 21:58:35"
  },
  {
    "number": 20,
    "filename": "20-小野拯救世界 - wataa_00001.mp4",
    "url": "https://x.com/xiaoxiaoye0918/status/1970188577998049791",
    "title": "小野拯救世界 - wataa",
    "uploader": "小野拯救世界",
    "username": "xiaoxiaoye0918",
    "upload_date": "20250922",
    "duration": 4.0,
    "filesize": 208191,
    "download_date": "2025-10-13 22:00:17"
  },
  {
    "number": 21,
    "filename": "21-小野拯救世界 - wataa_00001.mp4",
    "url": "https://x.com/xiaoxiaoye0918/status/1970068445372026978",
    "title": "小野拯救世界 - wataa",
    "uploader": "小野拯救世界",
    "username": "xiaoxiaoye0918",
    "upload_date": "20250922",
    "duration": 5.733,
    "filesize": 502060,
    "download_date": "2025-10-13 22:00:19"
  },
  {
    "number": 22,
    "filename": "22-小野拯救世界 - chudai🥰_00001.mp4",
    "url": "https://x.com/xiaoxiaoye0918/status/1969705937029186015",
    "title": "小野拯救世界 - chudai🥰",
    "uploader": "小野拯救世界",
    "username": "xiaoxiaoye0918",
    "upload_date": "20250921",
    "duration": 4.69,
    "filesize": 335099,
    "download_date": "2025-10-13 22:00:22"
  },
  {
    "number": 23,
    "filename": "23-小野拯救世界 - wataa_00001.mp4",
    "url": "https://x.com/xiaoxiaoye0918/status/1969699831309623343",
    "title": "小野拯救世界 - wataa",
    "uploader": "小野拯救世界",
    "username": "xiaoxiaoye0918",
    "upload_date": "20250921",
    "duration": 4.086,
    "filesize": 179510,
    "download_date": "2025-10-13 22:00:24"
  },
  {
    "number": 24,
    "filename": "24-小野拯救世界 - wataa_00001.mp4",
    "url": "https://x.com/xiaoxiaoye0918/status/1969336693506355299",
    "title": "小野拯救世界 - wataa",
    "uploader": "小野拯救世界",
    "username": "xiaoxiaoye0918",
    "upload_date": "20250920",
    "duration": 2.599,
    "filesize": 111022,
    "download_date": "2025-10-13 22:00:26"
  },
  {
    "number": 25,
    "filename": "25-小野拯救世界 - 专门拍给你看的喔🥰_00001.mp4",
    "url": "https://x.com/xiaoxiaoye0918/status/1969388874368762124",
    "title": "小野拯救世界 - 专门拍给你看的喔🥰",
    "uploader": "小野拯救世界",
    "username": "xiaoxiaoye0918",
    "upload_date": "20250920",
    "duration": 3.099,
    "filesize": 496328,
    "download_date": "2025-10-13 22:00:28"
  },
  {
    "number": 26,
    "filename": "26-Lesbianvilllie - Chudai 💦_00001.mp4",
    "url": "https://x.com/lesbianvilllie/status/1977705709648187694",
    "title": "Lesbianvilllie - Chudai 💦",
    "uploader": "Lesbianvilllie",
    "username": "lesbianvilllie",
    "upload_date": "20251013",
    "duration": 22.291,
    "filesize": 871232,
    "download_date": "2025-10-13 22:00:48"
  },
  {
    "number": 27,
    "filename": "27-star - wataa🤍_00001.mp4",
    "url": "https://x.com/more0fstar/status/1977506677143511438",
    "title": "star - wataa🤍",
    "uploader": "star",
    "username": "more0fstar",
    "upload_date": "20251012",
    "duration": 12.033,
    "filesize": 2380842,
    "download_date": "2025-10-13 22:01:51"
  },
  {
    "number": 28,
    "filename": "28-The sex positions - Chudai 🖤   #nsfw #sex #porn #naked #nudes #hentai #squirt #pussy #goon_00001.mp4",
    "url": "https://x.com/x0duringporn/status/1977559962781114757",
    "title": "The sex positions - Chudai 🖤   #nsfw #sex #porn #naked #nudes #hentai #squirt #pussy #goon",
    "uploader": "The sex positions",
    "username": "x0duringporn",
    "upload_date": "20251013",
    "duration": 54.485,
    "filesize": 668923,
    "download_date": "2025-10-13 22:02:28"
  },
  {
    "number": 29,
    "filename": "29-红杏日记 - Wataa @BBBBTTTCC @SexytoBaby  @SexytoDoll  @SexytoGirl_00001.mp4",
    "url": "https://x.com/hongxinrj/status/1976963235912745178",
    "title": "红杏日记 - Wataa @BBBBTTTCC @SexytoBaby  @SexytoDoll  @SexytoGirl",
    "uploader": "红杏日记",
    "username": "hongxinrj",
    "upload_date": "20251011",
    "duration": 60.0,
    "filesize": 8709413,
    "download_date": "2025-10-13 22:02:43"
  },
  {
    "number": 30,
    "filename": "30-北北 - Wataa💦  @ToBulaer @ToBulma @KawasawaSen @BulmaList_00001.mp4",
    "url": "https://x.com/beibei_1128/status/1958812980818121099",
    "title": "北北 - Wataa💦  @ToBulaer @ToBulma @KawasawaSen @BulmaList",
    "uploader": "北北",
    "username": "beibei_1128",
    "upload_date": "20250822",
    "duration": 35.3,
    "filesize": 4228746,
    "download_date": "2025-10-13 22:41:01"
  },
  {
    "number": 31,
    "filename": "31-Megersa - wataa😍_00001.mp4",
    "url": "https://x.com/b_megersa/status/1974846092790657527",
    "title": "Megersa - wataa😍",
    "uploader": "Megersa",
    "username": "b_megersa",
    "upload_date": "20251005",
    "duration": 14.033,
    "filesize": 802407,
    "download_date": "2025-10-13 22:41:03"
  },
  {
    "number": 32,
    "filename": "32-北北 - Wataa💦  @ToBulaer @ToBulma @KawasawaSen @BulmaList_00001.mp4",
    "url": "https://x.com/beibei_1128/status/1958812980818121099",
    "title": "北北 - Wataa💦  @ToBulaer @ToBulma @KawasawaSen @BulmaList",
    "uploader": "北北",
    "username": "beibei_1128",
    "upload_date": "20250822",
    "duration": 35.3,
    "filesize": 4228746,
    "download_date": "2025-10-13 22:46:51"
  },
  {
    "number": 33,
    "filename": "33-Megersa - wataa😍_00001.mp4",
    "url": "https://x.com/b_megersa/status/1974846092790657527",
    "title": "Megersa - wataa😍",
    "uploader": "Megersa",
    "username": "b_megersa",
    "upload_date": "20251005",
    "duration": 14.033,
    "filesize": 802407,
    "download_date": "2025-10-13 22:46:53"
  },
  {
    "number": 34,
    "filename": "34-Videoviral - Chudai......🙉🙈  #nsfw #sex #porn #naked #nudes #henatai #squirt #anal..._00001.mp4",
    "url": "https://x.com/Videoviral33856/status/1977414542557872327",
    "title": "Videoviral - Chudai......🙉🙈  #nsfw #sex #porn #naked #nudes #henatai #squirt #anal...",
    "uploader": "Videoviral",
    "username": "Videoviral33856",
    "upload_date": "20251012",
    "duration": 364.066,
    "filesize": 20357448,
    "download_date": "2025-10-13 22:47:00"
  },
  {
    "number": 35,
    "filename": "35-糖心视频𝐗 - Chudai🍑_00001.mp4",
    "url": "https://x.com/Jess8526/status/1973328888442003902",
    "title": "糖心视频𝐗 - Chudai🍑",
    "uploader": "糖心视频𝐗",
    "username": "Jess8526",
    "upload_date": "20251001",
    "duration": 1675.75,
    "filesize": 353947570,
    "download_date": "2025-10-13 22:48:50"
  },
  {
    "number": 36,
    "filename": "36-Amit Singh - Chudai🍑https：⧸⧸t.co⧸llcFlWN2q1_00001.mp4",
    "url": "https://x.com/AmitKum40826040/status/1975910235081728353",
    "title": "Amit Singh - Chudai🍑https://t.co/llcFlWN2q1",
    "uploader": "Amit Singh",
    "username": "AmitKum40826040",
    "upload_date": "20251008",
    "duration": 139.066,
    "filesize": 10391937,
    "download_date": "2025-10-14 00:17:30"
  },
  {
    "number": 37,
    "filename": "37-Er - wataa😍_00001.mp4",
    "url": "https://x.com/Erdeepa37324163/status/1976574172051759557",
    "title": "Er - wataa😍",
    "uploader": "Er",
    "username": "Erdeepa37324163",
    "upload_date": "20251010",
    "duration": 29.3,
    "filesize": 923258,
    "download_date": "2025-10-14 00:17:32"
  },
  {
    "number": 38,
    "filename": "38-Lesbianvilllie - Chudai 💦_00001.mp4",
    "url": "https://x.com/lesbianvilllie/status/1977705782826213627",
    "title": "Lesbianvilllie - Chudai 💦",
    "uploader": "Lesbianvilllie",
    "username": "lesbianvilllie",
    "upload_date": "20251013",
    "duration": 66.292,
    "filesize": 3985983,
    "download_date": "2025-10-14 00:17:34"
  },
  {
    "number": 39,
    "filename": "39-93 - https：⧸⧸t.co⧸sk1ST7STZC_00001.mp4",
    "url": "https://x.com/IE93P/status/1977777517923623409",
    "title": "93 - https://t.co/sk1ST7STZC",
    "uploader": "93",
    "username": "IE93P",
    "upload_date": "20251013",
    "duration": 26.238,
    "filesize": 2699719,
    "download_date": "2025-10-14 00:17:50"
  },
  {
    "number": 40,
    "filename": "40-佐佐 - wataa_00001.mp4",
    "url": "https://x.com/chennianjun22/status/1977412323540451692?s=46",
    "title": "佐佐 - wataa",
    "uploader": "佐佐",
    "username": "chennianjun22",
    "upload_date": "20251012",
    "duration": 55.472,
    "filesize": 2634778,
    "download_date": "2025-10-14 00:46:45"
  },
  {
    "number": 41,
    "filename": "41-lili - Chudai😍_00001.mp4",
    "url": "https://x.com/ashishp81732255/status/1977753782055563722?s=46",
    "title": "lili - Chudai😍",
    "uploader": "lili",
    "username": "AshishP81732255",
    "upload_date": "20251013",
    "duration": 28.566,
    "filesize": 2084440,
    "download_date": "2025-10-14 00:46:47"
  },
  {
    "number": 42,
    "filename": "42-Enjoy It's Me 500 k - Chudai..🙈  #nsfw #sex #porn #naked #nudes #hentai #squirt #pussy #goon_00001.mp4",
    "url": "https://x.com/enjoyitsme/status/1973925862849364467?s=46",
    "title": "Enjoy It's Me 500 k - Chudai..🙈  #nsfw #sex #porn #naked #nudes #hentai #squirt #pussy #goon",
    "uploader": "Enjoy It's Me 500 k",
    "username": "Enjoyitsme",
    "upload_date": "20251003",
    "duration": 535.94,
    "filesize": 31658609,
    "download_date": "2025-10-14 00:47:07"
  },
  {
    "number": 43,
    "filename": "43-Sasha Blaze - chudai_00001.mp4",
    "url": "https://x.com/sasha_blazexx/status/1977117037324312578?s=46",
    "title": "Sasha Blaze - chudai",
    "uploader": "Sasha Blaze",
    "username": "sasha_blazexx",
    "upload_date": "20251011",
    "duration": 13.613,
    "filesize": 772875,
    "download_date": "2025-10-14 06:16:35"
  },
  {
    "number": 44,
    "filename": "44-Q - Wataa_00001.mp4",
    "url": "https://x.com/qqqloveyou/status/1977343760402162028?s=46",
    "title": "Q - Wataa",
    "uploader": "Q",
    "username": "QQQloveyou",
    "upload_date": "20251012",
    "duration": 66.266,
    "filesize": 3102095,
    "download_date": "2025-10-14 06:16:37"
  },
  {
    "number": 45,
    "filename": "45-阿尼亚酱✨ - 💙 Chudai 🩷 Wataa 💙_00001.mp4",
    "url": "https://x.com/aniyajiiang/status/1977659176232030298?s=46",
    "title": "阿尼亚酱✨ - 💙 Chudai 🩷 Wataa 💙",
    "uploader": "阿尼亚酱✨",
    "username": "Aniyajiiang",
    "upload_date": "20251013",
    "duration": 1862.426,
    "filesize": 481967757,
    "download_date": "2025-10-14 06:18:59"
  },
  {
    "number": 46,
    "filename": "46-ダービージョッキー🐴 - 🦄🦄🦄_00001.mp4",
    "url": "https://x.com/derby_jockey_/status/1977863600980074989?s=46",
    "title": "ダービージョッキー🐴 - 🦄🦄🦄",
    "uploader": "ダービージョッキー🐴",
    "username": "derby_jockey_",
    "upload_date": "20251013",
    "duration": 3572.745,
    "filesize": 717544597,
    "download_date": "2025-10-14 08:42:33"
  },
  {
    "number": 47,
    "filename": "47-Dirty Flashing in Public 👅 - Chudai 🙈_00001.mp4",
    "url": "https://x.com/dirtyflashing_/status/1977962648361975959?s=46",
    "title": "Dirty Flashing in Public 👅 - Chudai 🙈",
    "uploader": "Dirty Flashing in Public 👅",
    "username": "dirtyflashing_",
    "upload_date": "20251014",
    "duration": 58.862,
    "filesize": 3127730,
    "download_date": "2025-10-14 17:09:41"
  },
  {
    "number": 48,
    "filename": "48-Rbbca - Wataa_00001.mp4",
    "url": "https://x.com/rbcbbg/status/1961480495398883453?s=46",
    "title": "Rbbca - Wataa",
    "uploader": "Rbbca",
    "username": "rbcbbg",
    "upload_date": "20250829",
    "duration": 19.276,
    "filesize": 1305522,
    "download_date": "2025-10-14 17:09:43"
  },
  {
    "number": 49,
    "filename": "49-嘻嘻小奶猫 - wataa💕_00001.mp4",
    "url": "https://x.com/sexytokimi/status/1975152859009417400?s=46",
    "title": "嘻嘻小奶猫 - wataa💕",
    "uploader": "嘻嘻小奶猫",
    "username": "Sexytokimi",
    "upload_date": "20251006",
    "duration": 140.086,
    "filesize": 9147011,
    "download_date": "2025-10-14 17:09:45"
  },
  {
    "number": 50,
    "filename": "50-x - https：⧸⧸t.co⧸A1CQ12vkam_00001.mp4",
    "url": "https://x.com/pornotwts/status/1971404443381006802?s=46",
    "title": "x - https://t.co/A1CQ12vkam",
    "uploader": "x",
    "username": "pornotwts",
    "upload_date": "20250926",
    "duration": 375.743,
    "filesize": 16494099,
    "download_date": "2025-10-14 17:09:50"
  },
  {
    "number": 51,
    "filename": "51-Dirty Flashing in Public 👅 - Chudai 🙈_00001.mp4",
    "url": "https://x.com/dirtyflashing_/status/1977599958875541616?s=46",
    "title": "Dirty Flashing in Public 👅 - Chudai 🙈",
    "uploader": "Dirty Flashing in Public 👅",
    "username": "dirtyflashing_",
    "upload_date": "20251013",
    "duration": 45.162,
    "filesize": 3235538,
    "download_date": "2025-10-14 17:09:51"
  },
  {
    "number": 52,
    "filename": "52-HisPrettyLittlePassenger✨ - Wataa 🎀_00001.mp4",
    "url": "https://x.com/hisfavpassenger/status/1970535194152276182?s=46",
    "title": "HisPrettyLittlePassenger✨ - Wataa 🎀",
    "uploader": "HisPrettyLittlePassenger✨",
    "username": "HisFavPassenger",
    "upload_date": "20250923",
    "duration": 18.566,
    "filesize": 1542177,
    "download_date": "2025-10-14 17:09:53"
  },
  {
    "number": 53,
    "filename": "53-OnlyFans万事屋 - Chudai🌊  @BBYouzhiyuan @SexytoDoll @SexytoGirl @SexytoBaby_00001.mp4",
    "url": "https://x.com/ofanslsp/status/1974422671485186461?s=46",
    "title": "OnlyFans万事屋 - Chudai🌊  @BBYouzhiyuan @SexytoDoll @SexytoGirl @SexytoBaby",
    "uploader": "OnlyFans万事屋",
    "username": "OFansLsp",
    "upload_date": "20251004",
    "duration": 266.499,
    "filesize": 16101119,
    "download_date": "2025-10-14 17:09:57"
  },
  {
    "number": 54,
    "filename": "54-卷个泡芙吃 - chudai💫  #远程控制  #反差眼镜妹  #评论区自取_00001.mp4",
    "url": "https://x.com/melissaray42768/status/1969378023523963212?s=46",
    "title": "卷个泡芙吃 - chudai💫  #远程控制  #反差眼镜妹  #评论区自取",
    "uploader": "卷个泡芙吃",
    "username": "MelissaRay42768",
    "upload_date": "20250920",
    "duration": 226.742,
    "filesize": 10721699,
    "download_date": "2025-10-14 17:10:01"
  },
  {
    "number": 55,
    "filename": "55-北纬雨绵绵 - Wataa🫦_00001.mp4",
    "url": "https://x.com/palpitater0/status/1960928958595391553?s=46",
    "title": "北纬雨绵绵 - Wataa🫦",
    "uploader": "北纬雨绵绵",
    "username": "PalpitateR0",
    "upload_date": "20250828",
    "duration": 1065.958,
    "filesize": 132573642,
    "download_date": "2025-10-14 17:10:37"
  },
  {
    "number": 56,
    "filename": "56-Hottie Lesbian Mom (18+) - Chudai 😍_00001.mp4",
    "url": "https://x.com/sismilfs90/status/1977976714690171214?s=46",
    "title": "Hottie Lesbian Mom (18+) - Chudai 😍",
    "uploader": "Hottie Lesbian Mom (18+)",
    "username": "leswlwtee",
    "upload_date": "20250919",
    "duration": 93.158,
    "filesize": 1709801,
    "download_date": "2025-10-14 17:10:39"
  },
  {
    "number": 57,
    "filename": "57-Hottie Lesbian Mom (18+) - Chudai 😍_00001.mp4",
    "url": "https://x.com/leswlwtee/status/1975093570710413787?s=46",
    "title": "Hottie Lesbian Mom (18+) - Chudai 😍",
    "uploader": "Hottie Lesbian Mom (18+)",
    "username": "leswlwtee",
    "upload_date": "20251006",
    "duration": 31.137,
    "filesize": 652731,
    "download_date": "2025-10-14 17:10:40"
  },
  {
    "number": 58,
    "filename": "58-Hottie Lesbian Mom (18+) - Chudai 😍_00001.mp4",
    "url": "https://x.com/leswlwtee/status/1975093568349057029?s=46",
    "title": "Hottie Lesbian Mom (18+) - Chudai 😍",
    "uploader": "Hottie Lesbian Mom (18+)",
    "username": "leswlwtee",
    "upload_date": "20251006",
    "duration": 58.212,
    "filesize": 1487817,
    "download_date": "2025-10-14 17:10:42"
  },
  {
    "number": 59,
    "filename": "59-Hottie Lesbian Mom (18+) - Chudai 😍_00001.mp4",
    "url": "https://x.com/leswlwtee/status/1975093367240585244?s=46",
    "title": "Hottie Lesbian Mom (18+) - Chudai 😍",
    "uploader": "Hottie Lesbian Mom (18+)",
    "username": "leswlwtee",
    "upload_date": "20251006",
    "duration": 15.812,
    "filesize": 945962,
    "download_date": "2025-10-14 17:10:43"
  },
  {
    "number": 60,
    "filename": "60-Hottie Lesbian Mom (18+) - Chudai 😍_00001.mp4",
    "url": "https://x.com/leswlwtee/status/1975093360047399214?s=46",
    "title": "Hottie Lesbian Mom (18+) - Chudai 😍",
    "uploader": "Hottie Lesbian Mom (18+)",
    "username": "leswlwtee",
    "upload_date": "20251006",
    "duration": 56.703,
    "filesize": 4050857,
    "download_date": "2025-10-14 17:10:45"
  },
  {
    "number": 61,
    "filename": "61-Hottie Lesbian Mom (18+) - Chudai 😍_00001.mp4",
    "url": "https://x.com/leswlwtee/status/1968746740699291971?s=46",
    "title": "Hottie Lesbian Mom (18+) - Chudai 😍",
    "uploader": "Hottie Lesbian Mom (18+)",
    "username": "leswlwtee",
    "upload_date": "20250918",
    "duration": 21.478,
    "filesize": 2080674,
    "download_date": "2025-10-14 17:10:47"
  },
  {
    "number": 62,
    "filename": "62-yq-K - Chudai🤪_00001.mp4",
    "url": "https://x.com/yq_ko01/status/1947620624324866304?s=46",
    "title": "yq-K - Chudai🤪",
    "uploader": "yq-K",
    "username": "YQ_KO01",
    "upload_date": "20250722",
    "duration": 135.72,
    "filesize": 11405414,
    "download_date": "2025-10-14 17:10:50"
  },
  {
    "number": 63,
    "filename": "63-Dirty Flashing in Public 👅 - Chudai 🙈_00001.mp4",
    "url": "https://x.com/dirtyflashing_/status/1977963006156996868?s=46",
    "title": "Dirty Flashing in Public 👅 - Chudai 🙈",
    "uploader": "Dirty Flashing in Public 👅",
    "username": "dirtyflashing_",
    "upload_date": "20251014",
    "duration": 60.093,
    "filesize": 10947293,
    "download_date": "2025-10-14 17:11:04"
  },
  {
    "number": 64,
    "filename": "64-L . v e - car sex hits diff_00001.mp4",
    "url": "https://x.com/gooncluby/status/1975905891984769061?s=46",
    "title": "L . v e - car sex hits diff",
    "uploader": "L . v e",
    "username": "GoonCluby",
    "upload_date": "20251008",
    "duration": 182.431,
    "filesize": 18270271,
    "download_date": "2025-10-14 17:11:09"
  },
  {
    "number": 65,
    "filename": "65-L . v e - lowkey think i'll never meet someone as s＊x-obsessed as me 😭 I could ..._00001.mp4",
    "url": "https://x.com/gooncluby/status/1977950978109472912?s=46",
    "title": "L . v e - lowkey think i'll never meet someone as s*x-obsessed as me 😭 I could ...",
    "uploader": "L . v e",
    "username": "GoonCluby",
    "upload_date": "20251014",
    "duration": 96.918,
    "filesize": 4335803,
    "download_date": "2025-10-14 17:11:11"
  },
  {
    "number": 66,
    "filename": "66-L . v e - need someone who could handle nights like this with me_00001.mp4",
    "url": "https://x.com/gooncluby/status/1977847152425804271?s=46",
    "title": "L . v e - need someone who could handle nights like this with me",
    "uploader": "L . v e",
    "username": "GoonCluby",
    "upload_date": "20251013",
    "duration": 53.7,
    "filesize": 4533693,
    "download_date": "2025-10-14 17:11:13"
  },
  {
    "number": 67,
    "filename": "67-L . v e - can we recreate this rn ？_00001.mp4",
    "url": "https://x.com/gooncluby/status/1977170868393722341?s=46",
    "title": "L . v e - can we recreate this rn ?",
    "uploader": "L . v e",
    "username": "GoonCluby",
    "upload_date": "20251012",
    "duration": 94.896,
    "filesize": 5938289,
    "download_date": "2025-10-14 17:11:15"
  },
  {
    "number": 68,
    "filename": "68-L . v e - exactly what I need rn_00001.mp4",
    "url": "https://x.com/gooncluby/status/1976661706614136905?s=46",
    "title": "L . v e - exactly what I need rn",
    "uploader": "L . v e",
    "username": "GoonCluby",
    "upload_date": "20251010",
    "duration": 105.72,
    "filesize": 11685624,
    "download_date": "2025-10-14 17:11:18"
  },
  {
    "number": 69,
    "filename": "69-L . v e - wet enough ？_00001.mp4",
    "url": "https://x.com/gooncluby/status/1976421551244497027?s=46",
    "title": "L . v e - wet enough ?",
    "uploader": "L . v e",
    "username": "GoonCluby",
    "upload_date": "20251009",
    "duration": 236.117,
    "filesize": 16636213,
    "download_date": "2025-10-14 17:11:23"
  },
  {
    "number": 70,
    "filename": "70-L . v e - dude is the razor's worst enemy #1_00001.mp4",
    "url": "https://x.com/gooncluby/status/1976134396660023635?s=46",
    "title": "L . v e - dude is the razor's worst enemy #1",
    "uploader": "L . v e",
    "username": "GoonCluby",
    "upload_date": "20251009",
    "duration": 90.2,
    "filesize": 8946759,
    "download_date": "2025-10-14 17:11:29"
  },
  {
    "number": 71,
    "filename": "71-L . v e - dude is the razor's worst enemy #2_00002.mp4",
    "url": "https://x.com/gooncluby/status/1976134396660023635?s=46",
    "title": "L . v e - dude is the razor's worst enemy #2",
    "uploader": "L . v e",
    "username": "GoonCluby",
    "upload_date": "20251009",
    "duration": 123.9,
    "filesize": 11374201,
    "download_date": "2025-10-14 17:11:29"
  },
  {
    "number": 72,
    "filename": "72-L . v e - a violent rough sex would fix me rn_00001.mp4",
    "url": "https://x.com/gooncluby/status/1975029484316504274?s=46",
    "title": "L . v e - a violent rough sex would fix me rn",
    "uploader": "L . v e",
    "username": "GoonCluby",
    "upload_date": "20251006",
    "duration": 35.4,
    "filesize": 3196751,
    "download_date": "2025-10-14 17:11:30"
  },
  {
    "number": 73,
    "filename": "73-x - https：⧸⧸t.co⧸nm0sku4qIy_00001.mp4",
    "url": "https://x.com/pornotwts/status/1977168867383558472?s=46",
    "title": "x - https://t.co/nm0sku4qIy",
    "uploader": "x",
    "username": "pornotwts",
    "upload_date": "20251012",
    "duration": 80.014,
    "filesize": 7621591,
    "download_date": "2025-10-14 17:11:32"
  },
  {
    "number": 74,
    "filename": "74-x - https：⧸⧸t.co⧸sraXjoiip5_00001.mp4",
    "url": "https://x.com/pornotwts/status/1977177370227622232?s=46",
    "title": "x - https://t.co/sraXjoiip5",
    "uploader": "x",
    "username": "pornotwts",
    "upload_date": "20251012",
    "duration": 6.462,
    "filesize": 330894,
    "download_date": "2025-10-14 17:11:34"
  },
  {
    "number": 75,
    "filename": "75-Hottie Lesbian Mom (18+) - Chudai 😍_00001.mp4",
    "url": "https://x.com/sismilfs90/status/1977976719828201739?s=46",
    "title": "Hottie Lesbian Mom (18+) - Chudai 😍",
    "uploader": "Hottie Lesbian Mom (18+)",
    "username": "leswlwtee",
    "upload_date": "20250919",
    "duration": 51.455,
    "filesize": 3747609,
    "download_date": "2025-10-14 17:11:36"
  },
  {
    "number": 76,
    "filename": "76-x - https：⧸⧸t.co⧸CAKsJnXuc7_00001.mp4",
    "url": "https://x.com/pornotwts/status/1977459714993586572?s=46",
    "title": "x - https://t.co/CAKsJnXuc7",
    "uploader": "x",
    "username": "pornotwts",
    "upload_date": "20251012",
    "duration": 248.666,
    "filesize": 33708418,
    "download_date": "2025-10-14 17:11:45"
  },
  {
    "number": 77,
    "filename": "77-Dirty Flashing in Public 👅 - Chudai 🙈_00001.mp4",
    "url": "https://x.com/dirtyflashing_/status/1977834562807050599?s=46",
    "title": "Dirty Flashing in Public 👅 - Chudai 🙈",
    "uploader": "Dirty Flashing in Public 👅",
    "username": "dirtyflashing_",
    "upload_date": "20251013",
    "duration": 42.747,
    "filesize": 5289070,
    "download_date": "2025-10-14 17:11:47"
  },
  {
    "number": 78,
    "filename": "78-Dirty Flashing in Public 👅 - Chudai 🙈_00001.mp4",
    "url": "https://x.com/dirtyflashing_/status/1977650131102241081?s=46",
    "title": "Dirty Flashing in Public 👅 - Chudai 🙈",
    "uploader": "Dirty Flashing in Public 👅",
    "username": "dirtyflashing_",
    "upload_date": "20251013",
    "duration": 60.093,
    "filesize": 7941150,
    "download_date": "2025-10-14 17:11:49"
  },
  {
    "number": 79,
    "filename": "79-Dirty Flashing in Public 👅 - Chudai 🙈_00001.mp4",
    "url": "https://x.com/dirtyflashing_/status/1977551600467218453?s=46",
    "title": "Dirty Flashing in Public 👅 - Chudai 🙈",
    "uploader": "Dirty Flashing in Public 👅",
    "username": "dirtyflashing_",
    "upload_date": "20251013",
    "duration": 48.088,
    "filesize": 4366748,
    "download_date": "2025-10-14 17:11:51"
  },
  {
    "number": 80,
    "filename": "80-Dirty Flashing in Public 👅 - Chudai 🙈_00001.mp4",
    "url": "https://x.com/dirtyflashing_/status/1977551221033668720?s=46",
    "title": "Dirty Flashing in Public 👅 - Chudai 🙈",
    "uploader": "Dirty Flashing in Public 👅",
    "username": "dirtyflashing_",
    "upload_date": "20251013",
    "duration": 41.308,
    "filesize": 3351044,
    "download_date": "2025-10-14 17:11:53"
  },
  {
    "number": 81,
    "filename": "81-x - https：⧸⧸t.co⧸4KMY5KN53p_00001.mp4",
    "url": "https://x.com/pornotwts/status/1964782645252129190?s=46",
    "title": "x - https://t.co/4KMY5KN53p",
    "uploader": "x",
    "username": "pornotwts",
    "upload_date": "20250907",
    "duration": 59.192,
    "filesize": 3151986,
    "download_date": "2025-10-14 17:12:03"
  },
  {
    "number": 82,
    "filename": "82-L . v e - me and fckin who ？_00001.mp4",
    "url": "https://x.com/gooncluby/status/1971014980737900550?s=46",
    "title": "L . v e - me and fckin who ?",
    "uploader": "L . v e",
    "username": "GoonCluby",
    "upload_date": "20250925",
    "duration": 415.36,
    "filesize": 26849309,
    "download_date": "2025-10-14 17:12:10"
  },
  {
    "number": 83,
    "filename": "83-x - https：⧸⧸t.co⧸qGpg4AnkoN_00001.mp4",
    "url": "https://x.com/pornotwts/status/1977872549435392468?s=46",
    "title": "x - https://t.co/qGpg4AnkoN",
    "uploader": "x",
    "username": "pornotwts",
    "upload_date": "20251013",
    "duration": 17.877,
    "filesize": 954554,
    "download_date": "2025-10-14 17:12:12"
  },
  {
    "number": 84,
    "filename": "84-Emily - wataa_00001.mp4",
    "url": "https://x.com/emily_3576/status/1965959731677376710?s=46",
    "title": "Emily - wataa",
    "uploader": "Emily",
    "username": "Emily_3576",
    "upload_date": "20250911",
    "duration": 23.6,
    "filesize": 963162,
    "download_date": "2025-10-14 17:12:14"
  },
  {
    "number": 85,
    "filename": "85-重庆貂蝉 - wataa_00001.mp4",
    "url": "https://x.com/wududiaochan/status/1955593005462945853?s=46",
    "title": "重庆貂蝉 - wataa",
    "uploader": "重庆貂蝉",
    "username": "Wududiaochan",
    "upload_date": "20250813",
    "duration": 180.6,
    "filesize": 13741578,
    "download_date": "2025-10-14 17:12:18"
  },
  {
    "number": 86,
    "filename": "86-经典分享 - Wataa_00001.mp4",
    "url": "https://x.com/duai520/status/1968900855970545883?s=46",
    "title": "经典分享 - Wataa",
    "uploader": "经典分享",
    "username": "duai520",
    "upload_date": "20250919",
    "duration": 16.233,
    "filesize": 1760185,
    "download_date": "2025-10-14 17:12:19"
  },
  {
    "number": 87,
    "filename": "87-yq-K - Chudai💦_00001.mp4",
    "url": "https://x.com/yq_ko01/status/1955959839466906082?s=46",
    "title": "yq-K - Chudai💦",
    "uploader": "yq-K",
    "username": "YQ_KO01",
    "upload_date": "20250814",
    "duration": 138.855,
    "filesize": 14718307,
    "download_date": "2025-10-14 17:12:23"
  },
  {
    "number": 88,
    "filename": "88-tb＊＊＊0415💎💎（淘宝哥） - 学生妹真的好嫩啊_00001.mp4",
    "url": "https://x.com/ming_li17498/status/1972676584239722660?s=46",
    "title": "tb***0415💎💎（淘宝哥） - 学生妹真的好嫩啊",
    "uploader": "tb***0415💎💎（淘宝哥）",
    "username": "ming_li17498",
    "upload_date": "20250929",
    "duration": 19.446,
    "filesize": 1414830,
    "download_date": "2025-10-14 17:12:25"
  },
  {
    "number": 89,
    "filename": "89-露出少女小微 - wataa💕 #姐夫当着姐姐的面艹我  @BBYouzhiyuan @SexytoDoll @SexytoGirl @SexytoBaby_00001.mp4",
    "url": "https://x.com/laoshishe/status/1965235207512228019?s=46",
    "title": "露出少女小微 - wataa💕 #姐夫当着姐姐的面艹我  @BBYouzhiyuan @SexytoDoll @SexytoGirl @SexytoBaby",
    "uploader": "露出少女小微",
    "username": "laoshishe",
    "upload_date": "20250909",
    "duration": 1098.094,
    "filesize": 83838935,
    "download_date": "2025-10-14 17:12:48"
  },
  {
    "number": 90,
    "filename": "90-露出少女小微 - wataa_00001.mp4",
    "url": "https://x.com/laoshishe/status/1977566711906963592?s=46",
    "title": "露出少女小微 - wataa",
    "uploader": "露出少女小微",
    "username": "laoshishe",
    "upload_date": "20251013",
    "duration": 200.783,
    "filesize": 14312287,
    "download_date": "2025-10-14 17:12:52"
  },
  {
    "number": 91,
    "filename": "91-露出少女小微 - wataa_00001.mp4",
    "url": "https://x.com/laoshishe/status/1976841936498557386?s=46",
    "title": "露出少女小微 - wataa",
    "uploader": "露出少女小微",
    "username": "laoshishe",
    "upload_date": "20251011",
    "duration": 175.38,
    "filesize": 15198846,
    "download_date": "2025-10-14 17:12:56"
  },
  {
    "number": 92,
    "filename": "92-露出少女小微 - wataa💕 @BBBBTTTCC @SexytoBaby @SexytoDoll @SexytoGirl_00001.mp4",
    "url": "https://x.com/laoshishe/status/1976117160851194168?s=46",
    "title": "露出少女小微 - wataa💕 @BBBBTTTCC @SexytoBaby @SexytoDoll @SexytoGirl",
    "uploader": "露出少女小微",
    "username": "laoshishe",
    "upload_date": "20251009",
    "duration": 91.556,
    "filesize": 7335888,
    "download_date": "2025-10-14 17:12:58"
  },
  {
    "number": 93,
    "filename": "93-露出少女小微 - wataa💕 @BBBBTTTCC @SexytoBaby @SexytoDoll @SexytoGirl_00001.mp4",
    "url": "https://x.com/laoshishe/status/1975510676216164673?s=46",
    "title": "露出少女小微 - wataa💕 @BBBBTTTCC @SexytoBaby @SexytoDoll @SexytoGirl",
    "uploader": "露出少女小微",
    "username": "laoshishe",
    "upload_date": "20251007",
    "duration": 199.111,
    "filesize": 16152586,
    "download_date": "2025-10-14 17:13:03"
  },
  {
    "number": 94,
    "filename": "94-露出少女小微 - wataa💕_00001.mp4",
    "url": "https://x.com/laoshishe/status/1975222519063011568?s=46",
    "title": "露出少女小微 - wataa💕",
    "uploader": "露出少女小微",
    "username": "laoshishe",
    "upload_date": "20251006",
    "duration": 236.402,
    "filesize": 15216959,
    "download_date": "2025-10-14 17:13:07"
  },
  {
    "number": 95,
    "filename": "95-露出少女小微 - wataa💕_00001.mp4",
    "url": "https://x.com/laoshishe/status/1975153120243323135?s=46",
    "title": "露出少女小微 - wataa💕",
    "uploader": "露出少女小微",
    "username": "laoshishe",
    "upload_date": "20251006",
    "duration": 218.499,
    "filesize": 13679127,
    "download_date": "2025-10-14 17:13:11"
  },
  {
    "number": 96,
    "filename": "96-露出少女小微 - wataa💕 @BBBBTTTCC @SexytoBaby @SexytoDoll @SexytoGirl_00001.mp4",
    "url": "https://x.com/laoshishe/status/1974689482227278004?s=46",
    "title": "露出少女小微 - wataa💕 @BBBBTTTCC @SexytoBaby @SexytoDoll @SexytoGirl",
    "uploader": "露出少女小微",
    "username": "laoshishe",
    "upload_date": "20251005",
    "duration": 177.006,
    "filesize": 14030856,
    "download_date": "2025-10-14 17:13:15"
  },
  {
    "number": 97,
    "filename": "97-露出少女小微 - wataa💕_00001.mp4",
    "url": "https://x.com/laoshishe/status/1973390802316566956?s=46",
    "title": "露出少女小微 - wataa💕",
    "uploader": "露出少女小微",
    "username": "laoshishe",
    "upload_date": "20251001",
    "duration": 181.975,
    "filesize": 12047401,
    "download_date": "2025-10-14 17:13:18"
  },
  {
    "number": 98,
    "filename": "98-露出少女小微 - wataa💕_00001.mp4",
    "url": "https://x.com/laoshishe/status/1970847642050834820?s=46",
    "title": "露出少女小微 - wataa💕",
    "uploader": "露出少女小微",
    "username": "laoshishe",
    "upload_date": "20250924",
    "duration": 199.111,
    "filesize": 16152586,
    "download_date": "2025-10-14 17:13:23"
  },
  {
    "number": 99,
    "filename": "99-露出少女小微 - wataa💕_00001.mp4",
    "url": "https://x.com/laoshishe/status/1970677064354406518?s=46",
    "title": "露出少女小微 - wataa💕",
    "uploader": "露出少女小微",
    "username": "laoshishe",
    "upload_date": "20250924",
    "duration": 557.371,
    "filesize": 39973191,
    "download_date": "2025-10-14 17:13:34"
  },
  {
    "number": 100,
    "filename": "100-露出少女小微 - wataa💕_00001.mp4",
    "url": "https://x.com/laoshishe/status/1969780729459638319?s=46",
    "title": "露出少女小微 - wataa💕",
    "uploader": "露出少女小微",
    "username": "laoshishe",
    "upload_date": "20250921",
    "duration": 645.468,
    "filesize": 58182931,
    "download_date": "2025-10-14 17:13:50"
  },
  {
    "number": 101,
    "filename": "101-露出少女小微 - wataa💕_00001.mp4",
    "url": "https://x.com/laoshishe/status/1969448081008837059?s=46",
    "title": "露出少女小微 - wataa💕",
    "uploader": "露出少女小微",
    "username": "laoshishe",
    "upload_date": "20250920",
    "duration": 649.996,
    "filesize": 52094200,
    "download_date": "2025-10-14 17:14:05"
  },
  {
    "number": 102,
    "filename": "102-露出少女小微 - wataa💕   @BBYouzhiyuan @SexytoDoll @SexytoGirl @SexytoBaby_00001.mp4",
    "url": "https://x.com/laoshishe/status/1968619280867434709?s=46",
    "title": "露出少女小微 - wataa💕   @BBYouzhiyuan @SexytoDoll @SexytoGirl @SexytoBaby",
    "uploader": "露出少女小微",
    "username": "laoshishe",
    "upload_date": "20250918",
    "duration": 396.178,
    "filesize": 39947624,
    "download_date": "2025-10-14 17:14:16"
  },
  {
    "number": 103,
    "filename": "103-露出少女小微 - wataa💕 #哥哥喜欢我张开双腿  @BBYouzhiyuan @SexytoDoll @SexytoGirl @SexytoBaby_00001.mp4",
    "url": "https://x.com/laoshishe/status/1968159394233036889?s=46",
    "title": "露出少女小微 - wataa💕 #哥哥喜欢我张开双腿  @BBYouzhiyuan @SexytoDoll @SexytoGirl @SexytoBaby",
    "uploader": "露出少女小微",
    "username": "laoshishe",
    "upload_date": "20250917",
    "duration": 923.457,
    "filesize": 125267928,
    "download_date": "2025-10-14 17:14:50"
  },
  {
    "number": 104,
    "filename": "104-露出少女小微 - wataa💕 #角度要放好  @BBYouzhiyuan @SexytoDoll @SexytoGirl @SexytoBaby_00001.mp4",
    "url": "https://x.com/laoshishe/status/1960467793544912950?s=46",
    "title": "露出少女小微 - wataa💕 #角度要放好  @BBYouzhiyuan @SexytoDoll @SexytoGirl @SexytoBaby",
    "uploader": "露出少女小微",
    "username": "laoshishe",
    "upload_date": "20250826",
    "duration": 1020.888,
    "filesize": 73766051,
    "download_date": "2025-10-14 17:15:11"
  },
  {
    "number": 105,
    "filename": "105-O - Wataa_00001.mp4",
    "url": "https://x.com/OPAOGUONAITIME/status/1977705538889584923",
    "title": "O - Wataa",
    "uploader": "O",
    "username": "OPAOGUONAITIME",
    "upload_date": "20251013",
    "duration": 16.4,
    "filesize": 707186,
    "download_date": "2025-10-14 22:24:21"
  },
  {
    "number": 106,
    "filename": "106-oo - wataa_00001.mp4",
    "url": "https://x.com/xiaoc_tut/status/1978108631317889416",
    "title": "oo - wataa",
    "uploader": "oo",
    "username": "xiaoc_tut",
    "upload_date": "20251014",
    "duration": 21.205,
    "filesize": 3141533,
    "download_date": "2025-10-14 22:24:23"
  },
  {
    "number": 107,
    "filename": "107-O - Wataa_00001.mp4",
    "url": "https://x.com/OPAOGUONAITIME/status/1957030259666424164",
    "title": "O - Wataa",
    "uploader": "O",
    "username": "OPAOGUONAITIME",
    "upload_date": "20250817",
    "duration": 42.966,
    "filesize": 2166589,
    "download_date": "2025-10-14 22:25:09"
  },
  {
    "number": 108,
    "filename": "108-猫了个咪 - 精彩高清无码AV欣赏：头套哥和校园制服妹的激情碰撞！_00001.mp4",
    "url": "https://x.com/QQ202202/status/1977888331703697657",
    "title": "猫了个咪 - 精彩高清无码AV欣赏：头套哥和校园制服妹的激情碰撞！",
    "uploader": "猫了个咪",
    "username": "QQ202202",
    "upload_date": "20251014",
    "duration": 1359.166,
    "filesize": 208557070,
    "download_date": "2025-10-14 22:26:11"
  },
  {
    "number": 109,
    "filename": "109-糖心Vlog官方 - Chudai🩷 #软软兔 #萝莉 #兄妹_00001.mp4",
    "url": "https://x.com/TangxiinVlog/status/1977770464882868244",
    "title": "糖心Vlog官方 - Chudai🩷 #软软兔 #萝莉 #兄妹",
    "uploader": "糖心Vlog官方",
    "username": "TangxiinVlog",
    "upload_date": "20251013",
    "duration": 1700.327,
    "filesize": 436595946,
    "download_date": "2025-10-14 22:28:18"
  },
  {
    "number": 110,
    "filename": "110-Silver Monroe - CHUDAI_00001.mp4",
    "url": "https://x.com/Silversmilkersx/status/1976030520359395653",
    "title": "Silver Monroe - CHUDAI",
    "uploader": "Silver Monroe",
    "username": "Silversmilkersx",
    "upload_date": "20251008",
    "duration": 56.401,
    "filesize": 5428426,
    "download_date": "2025-10-14 22:28:21"
  },
  {
    "number": 111,
    "filename": "111-虾虾（🉑️）互推 - https：⧸⧸t.co⧸5JdFkgoOHb_00001.mp4",
    "url": "https://x.com/911xlx/status/1978093944157135061",
    "title": "虾虾（🉑️）互推 - https://t.co/5JdFkgoOHb",
    "uploader": "虾虾（🉑️）互推",
    "username": "911xlx",
    "upload_date": "20251014",
    "duration": 3426.092,
    "filesize": 937707311,
    "download_date": "2025-10-14 22:44:18"
  },
  {
    "number": 112,
    "filename": "112-DoGGy STylE SEx - Chudai 🙊   #nsfw #sex #porn #naked #nudes #hentai #squirt #pussy #goon_00001.mp4",
    "url": "https://x.com/Doggy_style_SEx/status/1977280504333549578",
    "title": "DoGGy STylE SEx - Chudai 🙊   #nsfw #sex #porn #naked #nudes #hentai #squirt #pussy #goon",
    "uploader": "DoGGy STylE SEx",
    "username": "Doggy_style_SEx",
    "upload_date": "20251012",
    "duration": 14.4,
    "filesize": 1904601,
    "download_date": "2025-10-14 22:44:30"
  },
  {
    "number": 113,
    "filename": "113-O - Wataa_00001.mp4",
    "url": "https://x.com/OPAOGUONAITIME/status/1977705538889584923",
    "title": "O - Wataa",
    "uploader": "O",
    "username": "OPAOGUONAITIME",
    "upload_date": "20251013",
    "duration": 16.4,
    "filesize": 707186,
    "download_date": "2025-10-14 22:45:00"
  },
  {
    "number": 114,
    "filename": "114-oo - wataa_00001.mp4",
    "url": "https://x.com/xiaoc_tut/status/1978108631317889416",
    "title": "oo - wataa",
    "uploader": "oo",
    "username": "xiaoc_tut",
    "upload_date": "20251014",
    "duration": 21.205,
    "filesize": 3141533,
    "download_date": "2025-10-14 22:45:02"
  },
  {
    "number": 115,
    "filename": "115-O - Wataa_00001.mp4",
    "url": "https://x.com/OPAOGUONAITIME/status/1957030259666424164",
    "title": "O - Wataa",
    "uploader": "O",
    "username": "OPAOGUONAITIME",
    "upload_date": "20250817",
    "duration": 42.966,
    "filesize": 2166589,
    "download_date": "2025-10-14 22:45:41"
  },
  {
    "number": 116,
    "filename": "116-猫了个咪 - 精彩高清无码AV欣赏：头套哥和校园制服妹的激情碰撞！_00001.mp4",
    "url": "https://x.com/QQ202202/status/1977888331703697657",
    "title": "猫了个咪 - 精彩高清无码AV欣赏：头套哥和校园制服妹的激情碰撞！",
    "uploader": "猫了个咪",
    "username": "QQ202202",
    "upload_date": "20251014",
    "duration": 1359.166,
    "filesize": 208557070,
    "download_date": "2025-10-14 22:46:40"
  },
  {
    "number": 117,
    "filename": "117-糖心Vlog官方 - Chudai🩷 #软软兔 #萝莉 #兄妹_00001.mp4",
    "url": "https://x.com/TangxiinVlog/status/1977770464882868244",
    "title": "糖心Vlog官方 - Chudai🩷 #软软兔 #萝莉 #兄妹",
    "uploader": "糖心Vlog官方",
    "username": "TangxiinVlog",
    "upload_date": "20251013",
    "duration": 1700.327,
    "filesize": 436595946,
    "download_date": "2025-10-14 22:48:44"
  },
  {
    "number": 118,
    "filename": "118-Silver Monroe - CHUDAI_00001.mp4",
    "url": "https://x.com/Silversmilkersx/status/1976030520359395653",
    "title": "Silver Monroe - CHUDAI",
    "uploader": "Silver Monroe",
    "username": "Silversmilkersx",
    "upload_date": "20251008",
    "duration": 56.401,
    "filesize": 5428426,
    "download_date": "2025-10-14 22:48:46"
  },
  {
    "number": 119,
    "filename": "119-Tisdale Jame - https：⧸⧸t.co⧸bJWBOKEFSo_00001.mp4",
    "url": "https://x.com/jametisdal58846/status/1977512757441540288?s=46",
    "title": "Tisdale Jame - https://t.co/bJWBOKEFSo",
    "uploader": "Tisdale Jame",
    "username": "JameTisdal58846",
    "upload_date": "20251012",
    "duration": 5558.648,
    "filesize": 603855476,
    "download_date": "2025-10-14 23:28:59"
  },
  {
    "number": 120,
    "filename": "120-欠妥 - 耐不住寂寞就这样_00001.mp4",
    "url": "https://x.com/vv_surou10/status/1977577723901116841?s=46",
    "title": "欠妥 - 耐不住寂寞就这样",
    "uploader": "欠妥",
    "username": "vv_Surou10",
    "upload_date": "20251013",
    "duration": 3.411,
    "filesize": 234977,
    "download_date": "2025-10-14 23:29:01"
  },
  {
    "number": 121,
    "filename": "121-🇨🇳 大牛🇨🇳 - 这是真饿了_00001.mp4",
    "url": "https://x.com/appraiser008/status/1967490193008869619?s=46",
    "title": "🇨🇳 大牛🇨🇳 - 这是真饿了",
    "uploader": "🇨🇳 大牛🇨🇳",
    "username": "Appraiser008",
    "upload_date": "20250915",
    "duration": 29.914,
    "filesize": 1804149,
    "download_date": "2025-10-14 23:29:04"
  },
  {
    "number": 122,
    "filename": "122-真实国产NO.1 - wataa @BBBBTTTCC @SexytoBaby @SexytoDoll @SexytoGirl_00001.mp4",
    "url": "https://x.com/zsgc777/status/1978657147241320794?s=46",
    "title": "真实国产NO.1 - wataa @BBBBTTTCC @SexytoBaby @SexytoDoll @SexytoGirl",
    "uploader": "真实国产NO.1",
    "username": "ZSGC777",
    "upload_date": "20251016",
    "duration": 2035.466,
    "filesize": 131652930,
    "download_date": "2025-10-16 10:36:35"
  },
  {
    "number": 123,
    "filename": "123-GOOD VIBES - Chudai 🍑  #nsfw #sex #porn #naked #nudes #hentai #squirt #pussy #goon_00001.mp4",
    "url": "https://x.com/milfhd0/status/1977998949610066019?s=46",
    "title": "GOOD VIBES - Chudai 🍑  #nsfw #sex #porn #naked #nudes #hentai #squirt #pussy #goon",
    "uploader": "GOOD VIBES",
    "username": "milfhd0",
    "upload_date": "20251014",
    "duration": 38.638,
    "filesize": 2980766,
    "download_date": "2025-10-16 10:36:38"
  },
  {
    "number": 124,
    "filename": "124-. - https：⧸⧸t.co⧸GjaQ4PHhKz_00001.mp4",
    "url": "https://x.com/deityofnightt/status/1978469391236026769?s=46",
    "title": ". - https://t.co/GjaQ4PHhKz",
    "uploader": ".",
    "username": "deityofnightt",
    "upload_date": "20251015",
    "duration": 9.4,
    "filesize": 827723,
    "download_date": "2025-10-16 10:36:39"
  },
  {
    "number": 125,
    "filename": "125-饱饱鸭 - wataa 💕_00001.mp4",
    "url": "https://x.com/baobaoyo0/status/1969255672890933509?s=46",
    "title": "饱饱鸭 - wataa 💕",
    "uploader": "饱饱鸭",
    "username": "baobaoyo0",
    "upload_date": "20250920",
    "duration": 45.731,
    "filesize": 2777190,
    "download_date": "2025-10-16 10:36:41"
  },
  {
    "number": 126,
    "filename": "126-GOOD VIBES - Chudai 🍑  #nsfw #sex #porn #naked #nudes #hentai #squirt #pussy #goon_00001.mp4",
    "url": "https://x.com/milfhd0/status/1977998949610066019?s=46",
    "title": "GOOD VIBES - Chudai 🍑  #nsfw #sex #porn #naked #nudes #hentai #squirt #pussy #goon",
    "uploader": "GOOD VIBES",
    "username": "milfhd0",
    "upload_date": "20251014",
    "duration": 38.638,
    "filesize": 2980766,
    "download_date": "2025-10-16 10:48:19"
  },
  {
    "number": 127,
    "filename": "127-真实国产NO.1 - wataa @BBBBTTTCC @SexytoBaby @SexytoDoll @SexytoGirl_00001.mp4",
    "url": "https://x.com/zsgc777/status/1978657147241320794?s=46",
    "title": "真实国产NO.1 - wataa @BBBBTTTCC @SexytoBaby @SexytoDoll @SexytoGirl",
    "uploader": "真实国产NO.1",
    "username": "ZSGC777",
    "upload_date": "20251016",
    "duration": 2035.466,
    "filesize": 131652930,
    "download_date": "2025-10-16 10:48:59"
  },
  {
    "number": 128,
    "filename": "128-. - https：⧸⧸t.co⧸GjaQ4PHhKz_00001.mp4",
    "url": "https://x.com/deityofnightt/status/1978469391236026769?s=46",
    "title": ". - https://t.co/GjaQ4PHhKz",
    "uploader": ".",
    "username": "deityofnightt",
    "upload_date": "20251015",
    "duration": 9.4,
    "filesize": 827723,
    "download_date": "2025-10-16 10:49:01"
  },
  {
    "number": 129,
    "filename": "129-Silver Monroe - CHUDAI_00001.mp4",
    "url": "https://x.com/silversmilkersx/status/1978207208807555185?s=46",
    "title": "Silver Monroe - CHUDAI",
    "uploader": "Silver Monroe",
    "username": "Silversmilkersx",
    "upload_date": "20251014",
    "duration": 45.139,
    "filesize": 5495825,
    "download_date": "2025-10-16 10:49:03"
  },
  {
    "number": 130,
    "filename": "130-Silver Monroe - CHUDAI_00001.mp4",
    "url": "https://x.com/silversmilkersx/status/1978207208807555185?s=46",
    "title": "Silver Monroe - CHUDAI",
    "uploader": "Silver Monroe",
    "username": "Silversmilkersx",
    "upload_date": "20251014",
    "duration": 45.139,
    "filesize": 5495825,
    "download_date": "2025-10-16 11:22:57"
  },
  {
    "number": 131,
    "filename": "131-Sister 18+ - Chudai_00001.mp4",
    "url": "https://x.com/hayamifukada/status/1976708588526518554?s=46",
    "title": "Sister 18+ - Chudai",
    "uploader": "Sister 18+",
    "username": "Hayamifukada",
    "upload_date": "20251010",
    "duration": 127.895,
    "filesize": 6990588,
    "download_date": "2025-10-16 11:22:59"
  },
  {
    "number": 132,
    "filename": "132-小桃兔兔 - wataa_00001.mp4",
    "url": "https://x.com/h_alkiris/status/1974343648981737977?s=46",
    "title": "小桃兔兔 - wataa",
    "uploader": "小桃兔兔",
    "username": "h_alkiris",
    "upload_date": "20251004",
    "duration": 13.676,
    "filesize": 848639,
    "download_date": "2025-10-16 11:23:27"
  },
  {
    "number": 133,
    "filename": "133-少女情怀总是梦 - Wataa @BBBBTTTCC @SexytoBaby @SexytoDoll @SexytoGirl #同城交友 #主页置顶_00001.mp4",
    "url": "https://x.com/harshsi74607567/status/1978413038723281407?s=46",
    "title": "少女情怀总是梦 - Wataa @BBBBTTTCC @SexytoBaby @SexytoDoll @SexytoGirl #同城交友 #主页置顶",
    "uploader": "少女情怀总是梦",
    "username": "HarshSi74607567",
    "upload_date": "20251015",
    "duration": 1013.133,
    "filesize": 164975648,
    "download_date": "2025-10-16 11:24:20"
  },
  {
    "number": 134,
    "filename": "134-阿尼亚酱✨ - 💙 Chudai 🩷 Wataa 💙_00001.mp4",
    "url": "https://x.com/aniyajiiang/status/1978133515792474615?s=46",
    "title": "阿尼亚酱✨ - 💙 Chudai 🩷 Wataa 💙",
    "uploader": "阿尼亚酱✨",
    "username": "Aniyajiiang",
    "upload_date": "20251014",
    "duration": 2497.166,
    "filesize": 573838705,
    "download_date": "2025-10-16 11:27:21"
  },
  {
    "number": 135,
    "filename": "135-饱饱鸭 - wataa 💕_00001.mp4",
    "url": "https://x.com/baobaoyo0/status/1969255672890933509?s=46",
    "title": "饱饱鸭 - wataa 💕",
    "uploader": "饱饱鸭",
    "username": "baobaoyo0",
    "upload_date": "20250920",
    "duration": 45.731,
    "filesize": 2777190,
    "download_date": "2025-10-16 11:27:24"
  },
  {
    "number": 136,
    "filename": "136-GOOD VIBES - Chudai 🍑  #nsfw #sex #porn #naked #nudes #hentai #squirt #pussy #goon_00001.mp4",
    "url": "https://x.com/milfhd0/status/1977998949610066019?s=46",
    "title": "GOOD VIBES - Chudai 🍑  #nsfw #sex #porn #naked #nudes #hentai #squirt #pussy #goon",
    "uploader": "GOOD VIBES",
    "username": "milfhd0",
    "upload_date": "20251014",
    "duration": 38.638,
    "filesize": 2980766,
    "download_date": "2025-10-16 11:27:26"
  },
  {
    "number": 137,
    "filename": "137-真实国产NO.1 - wataa @BBBBTTTCC @SexytoBaby @SexytoDoll @SexytoGirl_00001.mp4",
    "url": "https://x.com/zsgc777/status/1978657147241320794?s=46",
    "title": "真实国产NO.1 - wataa @BBBBTTTCC @SexytoBaby @SexytoDoll @SexytoGirl",
    "uploader": "真实国产NO.1",
    "username": "ZSGC777",
    "upload_date": "20251016",
    "duration": 2035.466,
    "filesize": 131652930,
    "download_date": "2025-10-16 11:28:07"
  },
  {
    "number": 138,
    "filename": "138-. - https：⧸⧸t.co⧸GjaQ4PHhKz_00001.mp4",
    "url": "https://x.com/deityofnightt/status/1978469391236026769?s=46",
    "title": ". - https://t.co/GjaQ4PHhKz",
    "uploader": ".",
    "username": "deityofnightt",
    "upload_date": "20251015",
    "duration": 9.4,
    "filesize": 827723,
    "download_date": "2025-10-16 11:28:09"
  },
  {
    "number": 139,
    "filename": "139-Lesbianvilllie - Chudai 💦_00001.mp4",
    "url": "https://x.com/lesbianvillie/status/1978072811261338019?s=46",
    "title": "Lesbianvilllie - Chudai 💦",
    "uploader": "Lesbianvilllie",
    "username": "Lesbianvillie",
    "upload_date": "20251014",
    "duration": 11.4,
    "filesize": 1419492,
    "download_date": "2025-10-16 11:57:13"
  },
  {
    "number": 140,
    "filename": "140-Lesbianvilllie - Chudai 💦_00001.mp4",
    "url": "https://x.com/lesbianvillie/status/1978434421804921159?s=46",
    "title": "Lesbianvilllie - Chudai 💦",
    "uploader": "Lesbianvilllie",
    "username": "Lesbianvillie",
    "upload_date": "20251015",
    "duration": 123.135,
    "filesize": 4458397,
    "download_date": "2025-10-16 11:57:15"
  },
  {
    "number": 141,
    "filename": "141-Lesbianvilllie - Chudai 💦_00001.mp4",
    "url": "https://x.com/lesbianvillie/status/1978434375780827240?s=46",
    "title": "Lesbianvilllie - Chudai 💦",
    "uploader": "Lesbianvilllie",
    "username": "Lesbianvillie",
    "upload_date": "20251015",
    "duration": 8.192,
    "filesize": 1112308,
    "download_date": "2025-10-16 11:57:17"
  },
  {
    "number": 142,
    "filename": "142-Diana🤍⭐️ - wataa_00001.mp4",
    "url": "https://x.com/teenpretty86884/status/1978461983906173269?s=46",
    "title": "Diana🤍⭐️ - wataa",
    "uploader": "Diana🤍⭐️",
    "username": "teenpretty86884",
    "upload_date": "20251015",
    "duration": 16.201,
    "filesize": 681808,
    "download_date": "2025-10-16 16:56:09"
  },
  {
    "number": 143,
    "filename": "143-Girls drink men's sperm - Chudai.......🙈🙈_00001.mp4",
    "url": "https://x.com/girlslovemoods/status/1975233474400567575?s=46",
    "title": "Girls drink men's sperm - Chudai.......🙈🙈",
    "uploader": "Girls drink men's sperm",
    "username": "girlslovemoods",
    "upload_date": "20251006",
    "duration": 16.253,
    "filesize": 1840129,
    "download_date": "2025-10-16 17:07:59"
  },
  {
    "number": 144,
    "filename": "144-胡桃夹心 - Wataa❤️  @Xiaoxiaofoer @ToukaYuan @MitsumeDoji_00001.mp4",
    "url": "https://x.com/ll27836/status/1978377270751330654?s=46",
    "title": "胡桃夹心 - Wataa❤️  @Xiaoxiaofoer @ToukaYuan @MitsumeDoji",
    "uploader": "胡桃夹心",
    "username": "LL27836",
    "upload_date": "20251015",
    "duration": 84.633,
    "filesize": 4711262,
    "download_date": "2025-10-16 17:08:10"
  },
  {
    "number": 145,
    "filename": "145-莹莹 - Wataa 💕  @BBBBTTTCC @SexytoGirl @SexytoDoll @SexytoBaby_00001.mp4",
    "url": "https://x.com/tu278361/status/1977661531107328039?s=46",
    "title": "莹莹 - Wataa 💕  @BBBBTTTCC @SexytoGirl @SexytoDoll @SexytoBaby",
    "uploader": "莹莹",
    "username": "tu278361",
    "upload_date": "20251013",
    "duration": 10.6,
    "filesize": 1116694,
    "download_date": "2025-10-16 17:08:12"
  },
  {
    "number": 146,
    "filename": "146-猫十七 - wataa_00001.mp4",
    "url": "https://x.com/xuhuumi/status/1978022278806798702?s=46",
    "title": "猫十七 - wataa",
    "uploader": "猫十七",
    "username": "xuhuumi",
    "upload_date": "20251014",
    "duration": 18.166,
    "filesize": 793557,
    "download_date": "2025-10-16 17:08:13"
  },
  {
    "number": 147,
    "filename": "147-阿尼亚酱✨ - 💙 Chudai 🩷 Wataa 💙_00001.mp4",
    "url": "https://x.com/aniyajiiang/status/1979036840964559298?s=46",
    "title": "阿尼亚酱✨ - 💙 Chudai 🩷 Wataa 💙",
    "uploader": "阿尼亚酱✨",
    "username": "Aniyajiiang",
    "upload_date": "20251017",
    "duration": 1167.801,
    "filesize": 368964195,
    "download_date": "2025-10-18 00:10:17"
  },
  {
    "number": 148,
    "filename": "148-The-maniacccccc - wataa #jk #cosplay   @BBBBTTTCC @SexytoBaby @SexytoDoll @SexytoGirl_00001.mp4",
    "url": "https://x.com/farhada06616659/status/1979086420233932978?s=46",
    "title": "The-maniacccccc - wataa #jk #cosplay   @BBBBTTTCC @SexytoBaby @SexytoDoll @SexytoGirl",
    "uploader": "The-maniacccccc",
    "username": "FarhadA06616659",
    "upload_date": "20251017",
    "duration": 95.381,
    "filesize": 8770089,
    "download_date": "2025-10-18 00:10:21"
  },
  {
    "number": 149,
    "filename": "149-西萌工作室 - wataa🔥  #1v1视频裸聊  #一对一视频调教  #线下约炮_00001.mp4",
    "url": "https://x.com/ximeng6688/status/1978113255974289693?s=46",
    "title": "西萌工作室 - wataa🔥  #1v1视频裸聊  #一对一视频调教  #线下约炮",
    "uploader": "西萌工作室",
    "username": "ximeng6688",
    "upload_date": "20251014",
    "duration": 753.907,
    "filesize": 52474649,
    "download_date": "2025-10-18 00:11:14"
  },
  {
    "number": 150,
    "filename": "150-阿尼亚酱✨ - 💙 Chudai 🩷 Wataa 💙_00001.mp4",
    "url": "https://x.com/aniyajiiang/status/1979224329834631391?s=46",
    "title": "阿尼亚酱✨ - 💙 Chudai 🩷 Wataa 💙",
    "uploader": "阿尼亚酱✨",
    "username": "Aniyajiiang",
    "upload_date": "20251017",
    "duration": 1071.4,
    "filesize": 145186080,
    "download_date": "2025-10-18 00:11:57"
  },
  {
    "number": 151,
    "filename": "151-小优优子 - wataa #把我舔爽奖励内射_00001.mp4",
    "url": "https://x.com/ebenmiracle1/status/1979191390409232725?s=46",
    "title": "小优优子 - wataa #把我舔爽奖励内射",
    "uploader": "小优优子",
    "username": "Ebenmiracle1",
    "upload_date": "20251017",
    "duration": 41.795,
    "filesize": 1356974,
    "download_date": "2025-10-18 00:12:18"
  },
  {
    "number": 152,
    "filename": "152-hong14868 - wataa  @ToBulma @ToBulaer  @KawasawaSen @BulmaList_00001.mp4",
    "url": "https://x.com/hong14868/status/1978697753904529450?s=46",
    "title": "hong14868 - wataa  @ToBulma @ToBulaer  @KawasawaSen @BulmaList",
    "uploader": "hong14868",
    "username": "hong14868",
    "upload_date": "20251016",
    "duration": 14.333,
    "filesize": 996147,
    "download_date": "2025-10-19 23:16:25"
  },
  {
    "number": 153,
    "filename": "153-小小桃 - wataa🥟 @ToBulma @ToBulaer @KawasawaSen @BulmaList_00001.mp4",
    "url": "https://x.com/shixiaotaon/status/1979813493508600001?s=46",
    "title": "小小桃 - wataa🥟 @ToBulma @ToBulaer @KawasawaSen @BulmaList",
    "uploader": "小小桃",
    "username": "shixiaotaon",
    "upload_date": "20251019",
    "duration": 46.166,
    "filesize": 13254116,
    "download_date": "2025-10-19 23:16:30"
  },
  {
    "number": 154,
    "filename": "154-小小桃 - wataa🩶 @ToBulma @ToBulaer @KawasawaSen @BulmaList_00001.mp4",
    "url": "https://x.com/shixiaotaon/status/1977762780477276343?s=46",
    "title": "小小桃 - wataa🩶 @ToBulma @ToBulaer @KawasawaSen @BulmaList",
    "uploader": "小小桃",
    "username": "shixiaotaon",
    "upload_date": "20251013",
    "duration": 61.833,
    "filesize": 16101940,
    "download_date": "2025-10-19 23:16:36"
  },
  {
    "number": 155,
    "filename": "155-小小桃 - wataa🥵 @ToBulma @ToBulaer @KawasawaSen @BulmaList_00001.mp4",
    "url": "https://x.com/shixiaotaon/status/1975105313755042097?s=46",
    "title": "小小桃 - wataa🥵 @ToBulma @ToBulaer @KawasawaSen @BulmaList",
    "uploader": "小小桃",
    "username": "shixiaotaon",
    "upload_date": "20251006",
    "duration": 42.3,
    "filesize": 11185297,
    "download_date": "2025-10-19 23:16:40"
  },
  {
    "number": 156,
    "filename": "156-COUPLE FUN🐼 - Wataa_00001.mp4",
    "url": "https://x.com/_couplefun/status/1979612313381429690?s=46",
    "title": "COUPLE FUN🐼 - Wataa",
    "uploader": "COUPLE FUN🐼",
    "username": "_couplefun",
    "upload_date": "20251018",
    "duration": 53.011,
    "filesize": 4779982,
    "download_date": "2025-10-19 23:16:43"
  },
  {
    "number": 157,
    "filename": "157-COUPLE FUN🐼 - Wataa_00001.mp4",
    "url": "https://x.com/_couplefun/status/1979829166787776801?s=46",
    "title": "COUPLE FUN🐼 - Wataa",
    "uploader": "COUPLE FUN🐼",
    "username": "_couplefun",
    "upload_date": "20251019",
    "duration": 58.101,
    "filesize": 4456378,
    "download_date": "2025-10-19 23:16:45"
  },
  {
    "number": 158,
    "filename": "158-COUPLE FUN🐼 - Wataa_00001.mp4",
    "url": "https://x.com/_couplefun/status/1979829150446944381?s=46",
    "title": "COUPLE FUN🐼 - Wataa",
    "uploader": "COUPLE FUN🐼",
    "username": "_couplefun",
    "upload_date": "20251019",
    "duration": 15.812,
    "filesize": 1548857,
    "download_date": "2025-10-19 23:16:48"
  },
  {
    "number": 159,
    "filename": "159-COUPLE FUN🐼 - Wataa_00001.mp4",
    "url": "https://x.com/_couplefun/status/1979829131660697817?s=46",
    "title": "COUPLE FUN🐼 - Wataa",
    "uploader": "COUPLE FUN🐼",
    "username": "_couplefun",
    "upload_date": "20251019",
    "duration": 16.393,
    "filesize": 398613,
    "download_date": "2025-10-19 23:16:50"
  },
  {
    "number": 160,
    "filename": "160-COUPLE FUN🐼 - Wataa_00001.mp4",
    "url": "https://x.com/_couplefun/status/1979612347686658328?s=46",
    "title": "COUPLE FUN🐼 - Wataa",
    "uploader": "COUPLE FUN🐼",
    "username": "_couplefun",
    "upload_date": "20251018",
    "duration": 13.8,
    "filesize": 1385696,
    "download_date": "2025-10-19 23:16:52"
  },
  {
    "number": 161,
    "filename": "161-COUPLE FUN🐼 - Wataa_00001.mp4",
    "url": "https://x.com/_couplefun/status/1979467066705862826?s=46",
    "title": "COUPLE FUN🐼 - Wataa",
    "uploader": "COUPLE FUN🐼",
    "username": "_couplefun",
    "upload_date": "20251018",
    "duration": 60.07,
    "filesize": 6421426,
    "download_date": "2025-10-19 23:16:55"
  },
  {
    "number": 162,
    "filename": "162-猫姬里子 - 不知名女明星洗澡视频流出_00001.mp4",
    "url": "https://x.com/reunnn2/status/1940062459559325869?s=46",
    "title": "猫姬里子 - 不知名女明星洗澡视频流出",
    "uploader": "猫姬里子",
    "username": "Reunnn2",
    "upload_date": "20250701",
    "duration": 4.876,
    "filesize": 466620,
    "download_date": "2025-10-19 23:18:36"
  },
  {
    "number": 163,
    "filename": "163-DOM虐(主页领养母狗） - wataa  @BBBBTTTCC @SexytoBaby @SexytoDoll @SexytoGirl_00001.mp4",
    "url": "https://x.com/jabu96335397/status/1979923135982911632?s=46",
    "title": "DOM虐(主页领养母狗） - wataa  @BBBBTTTCC @SexytoBaby @SexytoDoll @SexytoGirl",
    "uploader": "DOM虐(主页领养母狗）",
    "username": "JABU96335397",
    "upload_date": "20251019",
    "duration": 44.833,
    "filesize": 4197171,
    "download_date": "2025-10-19 23:24:08"
  },
  {
    "number": 164,
    "filename": "164-DOM虐(主页领养母狗） - 更多虐待 调教视频 已经上传到母狗园 百万母狗调教视频 可下载观看 👇  外部福利群 👉_00001.mp4",
    "url": "https://x.com/jabu96335397/status/1978475690094956800?s=46",
    "title": "DOM虐(主页领养母狗） - 更多虐待 调教视频 已经上传到母狗园 百万母狗调教视频 可下载观看 👇  外部福利群 👉",
    "uploader": "DOM虐(主页领养母狗）",
    "username": "JABU96335397",
    "upload_date": "20251015",
    "duration": 138.6,
    "filesize": 9195310,
    "download_date": "2025-10-19 23:24:11"
  },
  {
    "number": 165,
    "filename": "165-Bella_0406_(归来版) - wataa  @BBBBTTTCC @SexytoBaby @SexytoDoll @SexytoGirl_00001.mp4",
    "url": "https://x.com/jabu96335397/status/1979927691378987051?s=46",
    "title": "Bella_0406_(归来版) - wataa  @BBBBTTTCC @SexytoBaby @SexytoDoll @SexytoGirl",
    "uploader": "Bella_0406_(归来版)",
    "username": "HossainZabad",
    "upload_date": "20251019",
    "duration": 59.125,
    "filesize": 2839505,
    "download_date": "2025-10-19 23:24:13"
  },
  {
    "number": 166,
    "filename": "166-芙蓉御姐 - wataa_00001.mp4",
    "url": "https://x.com/tx010_tv/status/1979941543558758911?s=46",
    "title": "芙蓉御姐 - wataa",
    "uploader": "芙蓉御姐",
    "username": "laoshiai",
    "upload_date": "20251019",
    "duration": 574.368,
    "filesize": 41003164,
    "download_date": "2025-10-19 23:24:25"
  },
  {
    "number": 167,
    "filename": "167-Felipe - wataa😍_00001.mp4",
    "url": "https://x.com/felipes30879602/status/1979511125415973311?s=46",
    "title": "Felipe - wataa😍",
    "uploader": "Felipe",
    "username": "FelipeS30879602",
    "upload_date": "20251018",
    "duration": 24.3,
    "filesize": 2258491,
    "download_date": "2025-10-19 23:24:37"
  },
  {
    "number": 168,
    "filename": "168-皓文 - 认识多年的炮友 今天偷偷出来约炮 还是那么骚，也不知道中间被多少人操过_00001.mp4",
    "url": "https://x.com/haowen040822/status/1979867825398513677?s=46",
    "title": "皓文 - 认识多年的炮友 今天偷偷出来约炮 还是那么骚，也不知道中间被多少人操过",
    "uploader": "皓文",
    "username": "Haowen040822",
    "upload_date": "20251019",
    "duration": 51.25,
    "filesize": 5691647,
    "download_date": "2025-10-19 23:26:33"
  },
  {
    "number": 169,
    "filename": "169-乖犬属性 - Wataa   @BBBBTTTCC @SexytoGirl @SexytoDoll @SexytoBaby_00001.mp4",
    "url": "https://x.com/illqwq1408/status/1979609906090226112?s=46",
    "title": "乖犬属性 - Wataa   @BBBBTTTCC @SexytoGirl @SexytoDoll @SexytoBaby",
    "uploader": "乖犬属性",
    "username": "illqwq1408",
    "upload_date": "20251018",
    "duration": 20.466,
    "filesize": 3027542,
    "download_date": "2025-10-20 06:40:28"
  },
  {
    "number": 170,
    "filename": "170-理氏（接1⧸1和定制版） - wataa_00001.mp4",
    "url": "https://x.com/iui520/status/1976940926422728925?s=46",
    "title": "理氏（接1/1和定制版） - wataa",
    "uploader": "理氏（接1/1和定制版）",
    "username": "iui520",
    "upload_date": "20251011",
    "duration": 114.754,
    "filesize": 8745415,
    "download_date": "2025-10-20 06:40:30"
  },
  {
    "number": 171,
    "filename": "171-理氏（接1⧸1和定制版） - Wataa❤️  @Xiaoxiaofoer @MitsumeDoji @OoniDevil_00001.mp4",
    "url": "https://x.com/iui520/status/1979105346049167697?s=46",
    "title": "理氏（接1/1和定制版） - Wataa❤️  @Xiaoxiaofoer @MitsumeDoji @OoniDevil",
    "uploader": "理氏（接1/1和定制版）",
    "username": "iui520",
    "upload_date": "20251017",
    "duration": 64.512,
    "filesize": 6935225,
    "download_date": "2025-10-20 06:40:33"
  },
  {
    "number": 172,
    "filename": "172-理氏（接1⧸1和定制版） - Wataa❤️ @Xiaoxiaofoer  @Toukayuan @MitsumeDoji_00001.mp4",
    "url": "https://x.com/iui520/status/1976211900317958644?s=46",
    "title": "理氏（接1/1和定制版） - Wataa❤️ @Xiaoxiaofoer  @Toukayuan @MitsumeDoji",
    "uploader": "理氏（接1/1和定制版）",
    "username": "iui520",
    "upload_date": "20251009",
    "duration": 71.371,
    "filesize": 7669751,
    "download_date": "2025-10-20 06:40:35"
  },
  {
    "number": 173,
    "filename": "173-理氏（接1⧸1和定制版） - Wataa🌹 @Xiaoxiaofoer  @Toukayuan @MitsumeDoji_00001.mp4",
    "url": "https://x.com/iui520/status/1975852144457883984?s=46",
    "title": "理氏（接1/1和定制版） - Wataa🌹 @Xiaoxiaofoer  @Toukayuan @MitsumeDoji",
    "uploader": "理氏（接1/1和定制版）",
    "username": "iui520",
    "upload_date": "20251008",
    "duration": 186.75,
    "filesize": 16719411,
    "download_date": "2025-10-20 06:40:40"
  },
  {
    "number": 174,
    "filename": "174-理氏（接1⧸1和定制版） - Wataa❤️  @Xiaoxiaofoer  @Toukayuan @MitsumeDoji_00001.mp4",
    "url": "https://x.com/iui520/status/1975489989644624193?s=46",
    "title": "理氏（接1/1和定制版） - Wataa❤️  @Xiaoxiaofoer  @Toukayuan @MitsumeDoji",
    "uploader": "理氏（接1/1和定制版）",
    "username": "iui520",
    "upload_date": "20251007",
    "duration": 35.953,
    "filesize": 2526587,
    "download_date": "2025-10-20 06:40:42"
  },
  {
    "number": 175,
    "filename": "175-理氏（接1⧸1和定制版） - Wataa💗  @Xiaoxiaofoer  @Toukayuan @MitsumeDoji_00001.mp4",
    "url": "https://x.com/iui520/status/1974765128068608158?s=46",
    "title": "理氏（接1/1和定制版） - Wataa💗  @Xiaoxiaofoer  @Toukayuan @MitsumeDoji",
    "uploader": "理氏（接1/1和定制版）",
    "username": "iui520",
    "upload_date": "20251005",
    "duration": 81.187,
    "filesize": 2713570,
    "download_date": "2025-10-20 06:40:44"
  },
  {
    "number": 176,
    "filename": "176-软糖Fudge - wataa新人报道 @sktwogirl @sktwolris @sktworel @sktwober_00001.mp4",
    "url": "https://x.com/bossno520/status/1979448925812875689?s=46",
    "title": "软糖Fudge - wataa新人报道 @sktwogirl @sktwolris @sktworel @sktwober",
    "uploader": "软糖Fudge",
    "username": "BossNo520",
    "upload_date": "20251018",
    "duration": 59.393,
    "filesize": 6418873,
    "download_date": "2025-10-20 06:40:46"
  },
  {
    "number": 177,
    "filename": "177-可乐（努力赚钱版） - wataa @sktwogirl @sktwolris @sktworel @sktwober_00001.mp4",
    "url": "https://x.com/abcde123578/status/1979454263400239613?s=46",
    "title": "可乐（努力赚钱版） - wataa @sktwogirl @sktwolris @sktworel @sktwober",
    "uploader": "可乐（努力赚钱版）",
    "username": "Abcde123578",
    "upload_date": "20251018",
    "duration": 24.466,
    "filesize": 3619372,
    "download_date": "2025-10-20 06:40:47"
  },
  {
    "number": 178,
    "filename": "178-可乐（努力赚钱版） - wataa❤️‍🔥 @sktwogirl @sktwolris @sktworel @sktwober_00001.mp4",
    "url": "https://x.com/abcde123578/status/1979114522959814924?s=46",
    "title": "可乐（努力赚钱版） - wataa❤️‍🔥 @sktwogirl @sktwolris @sktworel @sktwober",
    "uploader": "可乐（努力赚钱版）",
    "username": "Abcde123578",
    "upload_date": "20251017",
    "duration": 10.433,
    "filesize": 431079,
    "download_date": "2025-10-20 06:40:49"
  },
  {
    "number": 179,
    "filename": "179-中野三玖 - Wataa💗  @BBBBTTTCC @SexytoGirl @SexytoDoll @SexytoBaby_00001.mp4",
    "url": "https://x.com/sanye321/status/1978736432983236952?s=46",
    "title": "中野三玖 - Wataa💗  @BBBBTTTCC @SexytoGirl @SexytoDoll @SexytoBaby",
    "uploader": "中野三玖",
    "username": "sanye321",
    "upload_date": "20251016",
    "duration": 58.7,
    "filesize": 7420865,
    "download_date": "2025-10-20 06:40:52"
  },
  {
    "number": 180,
    "filename": "180-晚华樱子 - Wataa❤️ @MitsumeDoji  @OoniDevil  @Xiaoxiaofoer_00001.mp4",
    "url": "https://x.com/ouo5201/status/1979462422739193919?s=46",
    "title": "晚华樱子 - Wataa❤️ @MitsumeDoji  @OoniDevil  @Xiaoxiaofoer",
    "uploader": "晚华樱子",
    "username": "ouo5201",
    "upload_date": "20251018",
    "duration": 59.516,
    "filesize": 12677336,
    "download_date": "2025-10-20 06:42:04"
  },
  {
    "number": 181,
    "filename": "181-晚华樱子 - Wataa❤️  @Xiaoxiaofoer  @Toukayuan @MitsumeDoji_00001.mp4",
    "url": "https://x.com/ouo5201/status/1978737383022457169?s=46",
    "title": "晚华樱子 - Wataa❤️  @Xiaoxiaofoer  @Toukayuan @MitsumeDoji",
    "uploader": "晚华樱子",
    "username": "ouo5201",
    "upload_date": "20251016",
    "duration": 34.72,
    "filesize": 3124899,
    "download_date": "2025-10-20 06:42:06"
  },
  {
    "number": 182,
    "filename": "182-晚华樱子 - Wataa❤️  @Xiaoxiaofoer  @Toukayuan @MitsumeDoji_00001.mp4",
    "url": "https://x.com/ouo5201/status/1978375697656672507?s=46",
    "title": "晚华樱子 - Wataa❤️  @Xiaoxiaofoer  @Toukayuan @MitsumeDoji",
    "uploader": "晚华樱子",
    "username": "ouo5201",
    "upload_date": "20251015",
    "duration": 74.916,
    "filesize": 4767744,
    "download_date": "2025-10-20 06:42:08"
  },
  {
    "number": 183,
    "filename": "183-晚华樱子 - Wataa🧡  @Xiaoxiaofoer  @Toukayuan @MitsumeDoji_00001.mp4",
    "url": "https://x.com/ouo5201/status/1976922037039120486?s=46",
    "title": "晚华樱子 - Wataa🧡  @Xiaoxiaofoer  @Toukayuan @MitsumeDoji",
    "uploader": "晚华樱子",
    "username": "ouo5201",
    "upload_date": "20251011",
    "duration": 110.9,
    "filesize": 11068091,
    "download_date": "2025-10-20 06:42:12"
  },
  {
    "number": 184,
    "filename": "184-晚华樱子 - Wataa❤️  @Xiaoxiaofoer  @Toukayuan @MitsumeDoji_00001.mp4",
    "url": "https://x.com/ouo5201/status/1976202514015060398?s=46",
    "title": "晚华樱子 - Wataa❤️  @Xiaoxiaofoer  @Toukayuan @MitsumeDoji",
    "uploader": "晚华樱子",
    "username": "ouo5201",
    "upload_date": "20251009",
    "duration": 63.466,
    "filesize": 17245111,
    "download_date": "2025-10-20 06:42:16"
  },
  {
    "number": 185,
    "filename": "185-晚华樱子 - Wataa❤️  @Xiaoxiaofoer  @Toukayuan @MitsumeDoji_00001.mp4",
    "url": "https://x.com/ouo5201/status/1975481946093555934?s=46",
    "title": "晚华樱子 - Wataa❤️  @Xiaoxiaofoer  @Toukayuan @MitsumeDoji",
    "uploader": "晚华樱子",
    "username": "ouo5201",
    "upload_date": "20251007",
    "duration": 82.833,
    "filesize": 21615515,
    "download_date": "2025-10-20 06:42:22"
  },
  {
    "number": 186,
    "filename": "186-胡桃夹心 - Wataa💗 @Xiaoxiaofoer @MitsumeDoji @OoniDevil_00001.mp4",
    "url": "https://x.com/ll27836/status/1979102619718046068?s=46",
    "title": "胡桃夹心 - Wataa💗 @Xiaoxiaofoer @MitsumeDoji @OoniDevil",
    "uploader": "胡桃夹心",
    "username": "LL27836",
    "upload_date": "20251017",
    "duration": 78.833,
    "filesize": 12427617,
    "download_date": "2025-10-20 06:42:26"
  },
  {
    "number": 187,
    "filename": "187-nini ౨ৎ - Chudai_00001.mp4",
    "url": "https://x.com/ninicherri/status/1979998337961980199?s=46",
    "title": "nini ౨ৎ - Chudai",
    "uploader": "nini ౨ৎ",
    "username": "ninicherri",
    "upload_date": "20251019",
    "duration": 11.028,
    "filesize": 896735,
    "download_date": "2025-10-20 06:42:28"
  },
  {
    "number": 188,
    "filename": "188-小新の日常 - Wataa💦 #吞精 #口爆 #母狗_00001.mp4",
    "url": "https://x.com/Xiaoxinriichang/status/1980295904893780310",
    "title": "小新の日常 - Wataa💦 #吞精 #口爆 #母狗",
    "uploader": "小新の日常",
    "username": "Xiaoxinriichang",
    "upload_date": "20251020",
    "duration": 16.297,
    "filesize": 1400965,
    "download_date": "2025-10-20 22:51:13"
  },
  {
    "number": 189,
    "filename": "189-小北 - wataa 💦_00001.mp4",
    "url": "https://x.com/beibei_1128ovo/status/1980153066218537315",
    "title": "小北 - wataa 💦",
    "uploader": "小北",
    "username": "beibei_1128ovo",
    "upload_date": "20251020",
    "duration": 25.054,
    "filesize": 1821131,
    "download_date": "2025-10-20 22:52:12"
  },
  {
    "number": 190,
    "filename": "190-なお - Chudai💦_00001.mp4",
    "url": "https://x.com/129naoki_/status/1978109895674114435",
    "title": "なお - Chudai💦",
    "uploader": "なお",
    "username": "129naoki_",
    "upload_date": "20251014",
    "duration": 63.666,
    "filesize": 7703223,
    "download_date": "2025-10-20 23:25:30"
  },
  {
    "number": 191,
    "filename": "191-小北 - Wataa🍑_00001.mp4",
    "url": "https://x.com/beibei_1128ovo/status/1946845706225954836",
    "title": "小北 - Wataa🍑",
    "uploader": "小北",
    "username": "beibei_1128ovo",
    "upload_date": "20250720",
    "duration": 21.57,
    "filesize": 2735095,
    "download_date": "2025-10-20 23:32:16"
  },
  {
    "number": 192,
    "filename": "192-小北 - Wataa💕_00001.mp4",
    "url": "https://x.com/beibei_1128ovo/status/1950840854383656974",
    "title": "小北 - Wataa💕",
    "uploader": "小北",
    "username": "beibei_1128ovo",
    "upload_date": "20250731",
    "duration": 29.91,
    "filesize": 2392095,
    "download_date": "2025-10-20 23:32:19"
  },
  {
    "number": 193,
    "filename": "193-小北 - 大家下午好呀，天气热一定要注意补水_00001.mp4",
    "url": "https://x.com/beibei_1128ovo/status/1952647092234772585",
    "title": "小北 - 大家下午好呀，天气热一定要注意补水",
    "uploader": "小北",
    "username": "beibei_1128ovo",
    "upload_date": "20250805",
    "duration": 40.449,
    "filesize": 3800679,
    "download_date": "2025-10-20 23:32:22"
  },
  {
    "number": 194,
    "filename": "194-小北 - wataa 💦_00001.mp4",
    "url": "https://x.com/beibei_1128ovo/status/1980153066218537315",
    "title": "小北 - wataa 💦",
    "uploader": "小北",
    "username": "beibei_1128ovo",
    "upload_date": "20251020",
    "duration": 25.054,
    "filesize": 1821131,
    "download_date": "2025-10-20 23:32:25"
  },
  {
    "number": 195,
    "filename": "195-小妈🍇 - 插进去的那一瞬间感觉就像破处了一样 @sktwogirl @sktwolris @sktworel  @sktwober_00001.mp4",
    "url": "https://x.com/20i4i3/status/1979775743694721161",
    "title": "小妈🍇 - 插进去的那一瞬间感觉就像破处了一样 @sktwogirl @sktwolris @sktworel  @sktwober",
    "uploader": "小妈🍇",
    "username": "20i4i3",
    "upload_date": "20251019",
    "duration": 74.506,
    "filesize": 2732026,
    "download_date": "2025-10-20 23:32:28"
  },
  {
    "number": 196,
    "filename": "196-饱饱鸭 - 自己在宿舍里面玩嗨了 潮喷了🥵_00001.mp4",
    "url": "https://x.com/baobaoyo0/status/1980121385994428803",
    "title": "饱饱鸭 - 自己在宿舍里面玩嗨了 潮喷了🥵",
    "uploader": "饱饱鸭",
    "username": "baobaoyo0",
    "upload_date": "20251020",
    "duration": 80.296,
    "filesize": 5130972,
    "download_date": "2025-10-20 23:32:31"
  },
  {
    "number": 197,
    "filename": "197-仔仔の幻想机 - 连冲了两个凌晨  现在有点无欲无求（但不知道今晚会不会再冲）昨天用手今天用玩具  昨天控制潮吹今天站在地上扶着墙猛猛高潮   顺便把满是爱..._00001.mp4",
    "url": "https://x.com/zaizaiya0/status/1980117388151685300",
    "title": "仔仔の幻想机 - 连冲了两个凌晨  现在有点无欲无求（但不知道今晚会不会再冲）昨天用手今天用玩具  昨天控制潮吹今天站在地上扶着墙猛猛高潮   顺便把满是爱...",
    "uploader": "仔仔の幻想机",
    "username": "zaizaiya0",
    "upload_date": "20251020",
    "duration": 18.47,
    "filesize": 3630232,
    "download_date": "2025-10-20 23:32:35"
  },
  {
    "number": 198,
    "filename": "198-太阳味烤冷奶 - wataa_00001.mp4",
    "url": "https://x.com/2005011fff/status/1975006726329172147",
    "title": "太阳味烤冷奶 - wataa",
    "uploader": "太阳味烤冷奶",
    "username": "2005011fff",
    "upload_date": "20251006",
    "duration": 30.933,
    "filesize": 3557164,
    "download_date": "2025-10-20 23:32:52"
  },
  {
    "number": 199,
    "filename": "199-仔仔の幻想机 - 出生年份：2003.7.11 拥有道具：跳蛋，贞操带，肛塞，乳夹 破处年龄：15 三洞以开几洞：三洞全开 性经验几人：20人+ 操你的都是..._00001.mp4",
    "url": "https://x.com/zaizaiya0/status/1856247492637286440",
    "title": "仔仔の幻想机 - 出生年份：2003.7.11 拥有道具：跳蛋，贞操带，肛塞，乳夹 破处年龄：15 三洞以开几洞：三洞全开 性经验几人：20人+ 操你的都是...",
    "uploader": "仔仔の幻想机",
    "username": "zaizaiya0",
    "upload_date": "20241112",
    "duration": 11.238,
    "filesize": 1007951,
    "download_date": "2025-10-20 23:33:26"
  },
  {
    "number": 200,
    "filename": "200-糖心Vlog官方 - Chudai🩷 #二代CC #肛交 #母狗_00001.mp4",
    "url": "https://x.com/TangxiinVlog/status/1980115438039372100",
    "title": "糖心Vlog官方 - Chudai🩷 #二代CC #肛交 #母狗",
    "uploader": "糖心Vlog官方",
    "username": "TangxiinVlog",
    "upload_date": "20251020",
    "duration": 1448.066,
    "filesize": 365737355,
    "download_date": "2025-10-20 23:35:36"
  },
  {
    "number": 201,
    "filename": "201-手牛的滑子 - 滑子又有新玩具啦这次是@leqiezi的靓仔款🤓爱心蛋蛋拍的屁股啪啪响软硬适中爽的流出白浆了🥵_00001.mp4",
    "url": "https://x.com/IIIIIY63/status/1977432453553012948",
    "title": "手牛的滑子 - 滑子又有新玩具啦这次是@leqiezi的靓仔款🤓爱心蛋蛋拍的屁股啪啪响软硬适中爽的流出白浆了🥵",
    "uploader": "手牛的滑子",
    "username": "IIIIIY63",
    "upload_date": "20251012",
    "duration": 95.899,
    "filesize": 8799331,
    "download_date": "2025-10-20 23:35:41"
  },
  {
    "number": 202,
    "filename": "202-人妻奶兮 - 被男大的玩具强制高潮了，还是00后会玩啊！年轻使不完的劲，折腾一晚上，今天早上起来又来一次，我腿都软了。你们说我要不要给他个红包啊_00001.mp4",
    "url": "https://x.com/naixicc/status/1979719828756930628",
    "title": "人妻奶兮 - 被男大的玩具强制高潮了，还是00后会玩啊！年轻使不完的劲，折腾一晚上，今天早上起来又来一次，我腿都软了。你们说我要不要给他个红包啊",
    "uploader": "人妻奶兮",
    "username": "naixicc",
    "upload_date": "20251019",
    "duration": 29.418,
    "filesize": 1703494,
    "download_date": "2025-10-20 23:35:44"
  },
  {
    "number": 203,
    "filename": "203-饱饱鸭 - 教学楼漏出💜  @sktwogirl  @sktwolris @sktworel  @sktwober_00001.mp4",
    "url": "https://x.com/baobaoyo0/status/1979045366684172561",
    "title": "饱饱鸭 - 教学楼漏出💜  @sktwogirl  @sktwolris @sktworel  @sktwober",
    "uploader": "饱饱鸭",
    "username": "baobaoyo0",
    "upload_date": "20251017",
    "duration": 22.083,
    "filesize": 2250133,
    "download_date": "2025-10-20 23:35:47"
  },
  {
    "number": 204,
    "filename": "204-敏妹 - 周日愉快🤍_00001.mp4",
    "url": "https://x.com/xinbaobao9/status/1979782550613868586",
    "title": "敏妹 - 周日愉快🤍",
    "uploader": "敏妹",
    "username": "xinbaobao9",
    "upload_date": "20251019",
    "duration": 13.395,
    "filesize": 649393,
    "download_date": "2025-10-20 23:35:49"
  },
  {
    "number": 205,
    "filename": "205-饱饱鸭 - wataa🩵_00001.mp4",
    "url": "https://x.com/baobaoyo0/status/1977590205382340964",
    "title": "饱饱鸭 - wataa🩵",
    "uploader": "饱饱鸭",
    "username": "baobaoyo0",
    "upload_date": "20251013",
    "duration": 75.743,
    "filesize": 4757317,
    "download_date": "2025-10-20 23:35:52"
  },
  {
    "number": 206,
    "filename": "206-饱饱鸭 - wataa🧸_00001.mp4",
    "url": "https://x.com/baobaoyo0/status/1976517682175619180",
    "title": "饱饱鸭 - wataa🧸",
    "uploader": "饱饱鸭",
    "username": "baobaoyo0",
    "upload_date": "20251010",
    "duration": 20.438,
    "filesize": 1497949,
    "download_date": "2025-10-20 23:35:54"
  },
  {
    "number": 207,
    "filename": "207-饱饱鸭 - wataa💌_00001.mp4",
    "url": "https://x.com/baobaoyo0/status/1973964836100059621",
    "title": "饱饱鸭 - wataa💌",
    "uploader": "饱饱鸭",
    "username": "baobaoyo0",
    "upload_date": "20251003",
    "duration": 45.033,
    "filesize": 3608097,
    "download_date": "2025-10-20 23:35:56"
  },
  {
    "number": 208,
    "filename": "208-饱饱鸭 - wataa_00001.mp4",
    "url": "https://x.com/baobaoyo0/status/1971065851639205954",
    "title": "饱饱鸭 - wataa",
    "uploader": "饱饱鸭",
    "username": "baobaoyo0",
    "upload_date": "20250925",
    "duration": 93.766,
    "filesize": 7873254,
    "download_date": "2025-10-20 23:36:00"
  },
  {
    "number": 209,
    "filename": "209-饱饱鸭 - wataa_00001.mp4",
    "url": "https://x.com/baobaoyo0/status/1969976075087462905",
    "title": "饱饱鸭 - wataa",
    "uploader": "饱饱鸭",
    "username": "baobaoyo0",
    "upload_date": "20250922",
    "duration": 63.166,
    "filesize": 4345342,
    "download_date": "2025-10-20 23:36:03"
  },
  {
    "number": 210,
    "filename": "210-饱饱鸭 - wataa 💕_00001.mp4",
    "url": "https://x.com/baobaoyo0/status/1969255672890933509",
    "title": "饱饱鸭 - wataa 💕",
    "uploader": "饱饱鸭",
    "username": "baobaoyo0",
    "upload_date": "20250920",
    "duration": 45.731,
    "filesize": 2777190,
    "download_date": "2025-10-20 23:36:05"
  },
  {
    "number": 211,
    "filename": "211-Indo Beauty - Chudai..💦 #nsfw #sex #porn #naked #nudes #hentai #squirt #pussy #goon_00001.mp4",
    "url": "https://x.com/sex_tok01/status/1979578673662705699",
    "title": "Indo Beauty - Chudai..💦 #nsfw #sex #porn #naked #nudes #hentai #squirt #pussy #goon",
    "uploader": "Indo Beauty",
    "username": "sex_tok01",
    "upload_date": "20251018",
    "duration": 180.4,
    "filesize": 15051829,
    "download_date": "2025-10-20 23:36:11"
  },
  {
    "number": 212,
    "filename": "212-爱露出的小奶猫 - wataa💕_00001.mp4",
    "url": "https://x.com/Sexytokiti/status/1973355954428321885",
    "title": "爱露出的小奶猫 - wataa💕",
    "uploader": "爱露出的小奶猫",
    "username": "Sexytokiti",
    "upload_date": "20251001",
    "duration": 177.586,
    "filesize": 13148725,
    "download_date": "2025-10-20 23:36:16"
  },
  {
    "number": 213,
    "filename": "213-爱露出的小奶猫 - wataa💕 @BBBBTTTCC @SexytoBaby @SexytoDoll @SexytoGirl_00001.mp4",
    "url": "https://x.com/Sexytokiti/status/1974690028770279425",
    "title": "爱露出的小奶猫 - wataa💕 @BBBBTTTCC @SexytoBaby @SexytoDoll @SexytoGirl",
    "uploader": "爱露出的小奶猫",
    "username": "Sexytokiti",
    "upload_date": "20251005",
    "duration": 933.697,
    "filesize": 98250637,
    "download_date": "2025-10-20 23:36:54"
  },
  {
    "number": 214,
    "filename": "214-爱露出的小奶猫 - wataa💕 #弟弟又日我啊  @BBYouzhiyuan @SexytoDoll @SexytoGirl @SexytoBaby_00001.mp4",
    "url": "https://x.com/Sexytokiti/status/1964510431428346004",
    "title": "爱露出的小奶猫 - wataa💕 #弟弟又日我啊  @BBYouzhiyuan @SexytoDoll @SexytoGirl @SexytoBaby",
    "uploader": "爱露出的小奶猫",
    "username": "Sexytokiti",
    "upload_date": "20250907",
    "duration": 1975.6,
    "filesize": 175853165,
    "download_date": "2025-10-20 23:37:57"
  },
  {
    "number": 215,
    "filename": "215-性感人妻周娜娜🍃 - wataa💦 @BBBBTTTCC @SexytoBaby @SexytoDoll @SexytoGirl_00001.mp4",
    "url": "https://x.com/baobei956/status/1980281111709454367",
    "title": "性感人妻周娜娜🍃 - wataa💦 @BBBBTTTCC @SexytoBaby @SexytoDoll @SexytoGirl",
    "uploader": "性感人妻周娜娜🍃",
    "username": "baobei956",
    "upload_date": "20251020",
    "duration": 474.802,
    "filesize": 25425563,
    "download_date": "2025-10-20 23:38:08"
  },
  {
    "number": 216,
    "filename": "216-小妹亭亭 - wataa_00001.mp4",
    "url": "https://x.com/GaecMax/status/1979884068620882040",
    "title": "小妹亭亭 - wataa",
    "uploader": "小妹亭亭",
    "username": "GaecMax",
    "upload_date": "20251019",
    "duration": 236.217,
    "filesize": 15601278,
    "download_date": "2025-10-21 00:09:21"
  },
  {
    "number": 217,
    "filename": "217-噗噗Vlog-（精彩视频） - wataa🔥_00001.mp4",
    "url": "https://x.com/Pupu788Vlog/status/1978354299412324445",
    "title": "噗噗Vlog-（精彩视频） - wataa🔥",
    "uploader": "噗噗Vlog-（精彩视频）",
    "username": "Pupu788Vlog",
    "upload_date": "20251015",
    "duration": 32.786,
    "filesize": 3404091,
    "download_date": "2025-10-21 00:09:46"
  },
  {
    "number": 218,
    "filename": "218-奶妹2号 - wataa🍑_00001.mp4",
    "url": "https://x.com/naimei0023/status/1966390758401028213",
    "title": "奶妹2号 - wataa🍑",
    "uploader": "奶妹2号",
    "username": "naimei0023",
    "upload_date": "20250912",
    "duration": 29.0,
    "filesize": 5959595,
    "download_date": "2025-10-21 00:10:03"
  },
  {
    "number": 219,
    "filename": "219-lucky - 学生妹 @ToBulaer @ToBulma @KawasawaSen @BulmaList_00001.mp4",
    "url": "https://x.com/opyuor/status/1980194361301520573",
    "title": "lucky - 学生妹 @ToBulaer @ToBulma @KawasawaSen @BulmaList",
    "uploader": "lucky",
    "username": "opyuor",
    "upload_date": "20251020",
    "duration": 7.533,
    "filesize": 622267,
    "download_date": "2025-10-21 00:10:07"
  },
  {
    "number": 220,
    "filename": "220-kino - Wataa_00001.mp4",
    "url": "https://x.com/kino15_m/status/1979075938311639197",
    "title": "kino - Wataa",
    "uploader": "kino",
    "username": "kino15_m",
    "upload_date": "20251017",
    "duration": 13.653,
    "filesize": 1648836,
    "download_date": "2025-10-21 00:10:15"
  },
  {
    "number": 221,
    "filename": "221-奶妹 - 最近老有宝宝说进不来预览群，所以又新弄了个群👉https：⧸⧸t.co⧸oFibva6NTl 反正不收费进来看看叭~_00001.mp4",
    "url": "https://x.com/Naimei0727/status/1785745216198357263",
    "title": "奶妹 - 最近老有宝宝说进不来预览群，所以又新弄了个群👉https://t.co/oFibva6NTl 反正不收费进来看看叭~",
    "uploader": "奶妹",
    "username": "Naimei0727",
    "upload_date": "20240501",
    "duration": 2.6,
    "filesize": 185678,
    "download_date": "2025-10-21 00:10:19"
  },
  {
    "number": 222,
    "filename": "222-芋圆呀呀 - wataa  ♾️  chudai  @sktwogirl  @sktwolris @sktworel  @sktwober_00001.mp4",
    "url": "https://x.com/__yuyuanyaya/status/1979748066304593974",
    "title": "芋圆呀呀 - wataa  ♾️  chudai  @sktwogirl  @sktwolris @sktworel  @sktwober",
    "uploader": "芋圆呀呀",
    "username": "__yuyuanyaya",
    "upload_date": "20251019",
    "duration": 65.875,
    "filesize": 7615188,
    "download_date": "2025-10-21 00:10:25"
  },
  {
    "number": 223,
    "filename": "223-Anna Deloss 🍒 - Wataa 👅_00001.mp4",
    "url": "https://x.com/Deloss_AnnaLA/status/1980080321522807275",
    "title": "Anna Deloss 🍒 - Wataa 👅",
    "uploader": "Anna Deloss 🍒",
    "username": "Deloss_AnnaLA",
    "upload_date": "20251020",
    "duration": 1871.876,
    "filesize": 324486549,
    "download_date": "2025-10-21 00:13:04"
  },
  {
    "number": 224,
    "filename": "224-Charming Squirt 💕 - CHUDAI_00001.mp4",
    "url": "https://x.com/Charming_Squirt/status/1978195147503399408",
    "title": "Charming Squirt 💕 - CHUDAI",
    "uploader": "Charming Squirt 💕",
    "username": "Charming_Squirt",
    "upload_date": "20251014",
    "duration": 55.82,
    "filesize": 6803488,
    "download_date": "2025-10-21 00:13:10"
  },
  {
    "number": 225,
    "filename": "225-吃瓜猎奇 - 深圳精神小妹免費分享TG群組 👇👇👇_00001.mp4",
    "url": "https://x.com/x0521sun/status/1958384010918609063",
    "title": "吃瓜猎奇 - 深圳精神小妹免費分享TG群組 👇👇👇",
    "uploader": "吃瓜猎奇",
    "username": "x0521sun",
    "upload_date": "20250821",
    "duration": 4.8,
    "filesize": 168485,
    "download_date": "2025-10-21 00:13:13"
  },
  {
    "number": 226,
    "filename": "226-挽挽（江浙沪 - wataa @Xiaoxiaofoer  @MitsumeDoji  @ToukaYuan_00001.mp4",
    "url": "https://x.com/wanwanoiil/status/1971638470843204041",
    "title": "挽挽（江浙沪 - wataa @Xiaoxiaofoer  @MitsumeDoji  @ToukaYuan",
    "uploader": "挽挽（江浙沪",
    "username": "wanwanoiil",
    "upload_date": "20250926",
    "duration": 20.966,
    "filesize": 4054040,
    "download_date": "2025-10-21 00:13:17"
  },
  {
    "number": 227,
    "filename": "227-鉴黄の小新 - wataa_00001.mp4",
    "url": "https://x.com/guirendanbao/status/1979268291920302125?s=46",
    "title": "鉴黄の小新 - wataa",
    "uploader": "鉴黄の小新",
    "username": "guirendanbao",
    "upload_date": "20251017",
    "duration": 16.5,
    "filesize": 1242157,
    "download_date": "2025-10-22 16:16:31"
  },
  {
    "number": 228,
    "filename": "228-鉴黄の小新 - wataa_00001.mp4",
    "url": "https://x.com/guirendanbao/status/1979399218071826577?s=46",
    "title": "鉴黄の小新 - wataa",
    "uploader": "鉴黄の小新",
    "username": "guirendanbao",
    "upload_date": "20251018",
    "duration": 11.7,
    "filesize": 739135,
    "download_date": "2025-10-22 16:16:58"
  },
  {
    "number": 229,
    "filename": "229-鉴黄の小新 - wataa_00001.mp4",
    "url": "https://x.com/guirendanbao/status/1978868370872168802?s=46",
    "title": "鉴黄の小新 - wataa",
    "uploader": "鉴黄の小新",
    "username": "guirendanbao",
    "upload_date": "20251016",
    "duration": 104.768,
    "filesize": 16328246,
    "download_date": "2025-10-22 16:17:04"
  },
  {
    "number": 230,
    "filename": "230-咬耳朵 - Wataa💕_00001.mp4",
    "url": "https://x.com/wy25390914/status/1980567781629391121?s=46",
    "title": "咬耳朵 - Wataa💕",
    "uploader": "咬耳朵",
    "username": "wy25390914",
    "upload_date": "20251021",
    "duration": 93.67,
    "filesize": 12489405,
    "download_date": "2025-10-22 16:22:34"
  },
  {
    "number": 231,
    "filename": "231-IVANNOCHKA - wataa_00001.mp4",
    "url": "https://x.com/18sholey/status/1978458179315847338?s=46",
    "title": "IVANNOCHKA - wataa",
    "uploader": "IVANNOCHKA",
    "username": "18sholey",
    "upload_date": "20251015",
    "duration": 9.27,
    "filesize": 659105,
    "download_date": "2025-10-22 16:22:57"
  },
  {
    "number": 232,
    "filename": "232-Nami 🦋 - Wataa_00001.mp4",
    "url": "https://x.com/sweeet_nami/status/1960840769184653691?s=46",
    "title": "Nami 🦋 - Wataa",
    "uploader": "Nami 🦋",
    "username": "sweeet_nami",
    "upload_date": "20250827",
    "duration": 11.898,
    "filesize": 694045,
    "download_date": "2025-10-22 16:23:08"
  },
  {
    "number": 233,
    "filename": "233-AA视频 - Wataa_00001.mp4",
    "url": "https://x.com/andrphillipe12/status/1980868843255034012?s=46",
    "title": "AA视频 - Wataa",
    "uploader": "AA视频",
    "username": "AndrPhillipe12",
    "upload_date": "20251022",
    "duration": 1532.006,
    "filesize": 459022311,
    "download_date": "2025-10-22 16:25:19"
  },
  {
    "number": 234,
    "filename": "234-咬耳朵 - wataa🥵  @Xiaoxiaofoer @MitsumeDoji @OoniDevil_00001.mp4",
    "url": "https://x.com/wy25390914/status/1980578650081890498?s=46",
    "title": "咬耳朵 - wataa🥵  @Xiaoxiaofoer @MitsumeDoji @OoniDevil",
    "uploader": "咬耳朵",
    "username": "wy25390914",
    "upload_date": "20251021",
    "duration": 40.338,
    "filesize": 5063660,
    "download_date": "2025-10-22 16:25:21"
  },
  {
    "number": 235,
    "filename": "235-很乖一只 - Wataa 💦 @smlnzhl @SMlnZhi_00001.mp4",
    "url": "https://x.com/luyio0/status/1968363964087382144?s=46",
    "title": "很乖一只 - Wataa 💦 @smlnzhl @SMlnZhi",
    "uploader": "很乖一只",
    "username": "luyio0",
    "upload_date": "20250917",
    "duration": 23.933,
    "filesize": 2305701,
    "download_date": "2025-10-22 16:25:23"
  },
  {
    "number": 236,
    "filename": "236-Unico - 喷了一地水还叫这么淫荡，想被爸爸的大肉棒调教了_00001.mp4",
    "url": "https://x.com/unico755/status/1980557882883207171?s=46",
    "title": "Unico - 喷了一地水还叫这么淫荡，想被爸爸的大肉棒调教了",
    "uploader": "Unico",
    "username": "Unico755",
    "upload_date": "20251021",
    "duration": 87.933,
    "filesize": 8325425,
    "download_date": "2025-10-22 16:25:25"
  },
  {
    "number": 237,
    "filename": "237-i小棂酱 - wataa @BBBBTTTCC @SexytoDoll  @SexytoGirl  @SexytoBaby_00001.mp4",
    "url": "https://x.com/focus3396/status/1976812145129251144?s=46",
    "title": "i小棂酱 - wataa @BBBBTTTCC @SexytoDoll  @SexytoGirl  @SexytoBaby",
    "uploader": "i小棂酱",
    "username": "focus3396",
    "upload_date": "20251011",
    "duration": 34.202,
    "filesize": 6927000,
    "download_date": "2025-10-22 16:25:28"
  },
  {
    "number": 238,
    "filename": "238-ADULT CITY - Chudai   #nsfw #sex #porn #naked #nudes #hentai #squirt #pussy #goon_00001.mp4",
    "url": "https://x.com/adultcityx/status/1978052148291305763?s=46",
    "title": "ADULT CITY - Chudai   #nsfw #sex #porn #naked #nudes #hentai #squirt #pussy #goon",
    "uploader": "ADULT CITY",
    "username": "AdultCityX",
    "upload_date": "20251014",
    "duration": 138.646,
    "filesize": 5497333,
    "download_date": "2025-10-22 16:25:29"
  },
  {
    "number": 239,
    "filename": "239-ADULT CITY - Chudai   #nsfw #sex #porn #naked #nudes #hentai #squirt #pussy #goon_00001.mp4",
    "url": "https://x.com/adultcityx/status/1979510404775911821?s=46",
    "title": "ADULT CITY - Chudai   #nsfw #sex #porn #naked #nudes #hentai #squirt #pussy #goon",
    "uploader": "ADULT CITY",
    "username": "AdultCityX",
    "upload_date": "20251018",
    "duration": 42.399,
    "filesize": 3981894,
    "download_date": "2025-10-22 16:25:31"
  },
  {
    "number": 240,
    "filename": "240-四世同堂 - wataa_00001.mp4",
    "url": "https://x.com/amaccreey/status/1977713863283056926?s=46",
    "title": "四世同堂 - wataa",
    "uploader": "四世同堂",
    "username": "AMaccreey",
    "upload_date": "20251013",
    "duration": 30.066,
    "filesize": 2388659,
    "download_date": "2025-10-22 16:25:33"
  },
  {
    "number": 241,
    "filename": "241-爱吃香菜💦 - wataa @BBBBTTTCC @SexytoBaby @SexytoDoll @SexytoGirl_00001.mp4",
    "url": "https://x.com/brighto15615589/status/1980469096467804366?s=46",
    "title": "爱吃香菜💦 - wataa @BBBBTTTCC @SexytoBaby @SexytoDoll @SexytoGirl",
    "uploader": "爱吃香菜💦",
    "username": "Brighto15615589",
    "upload_date": "20251021",
    "duration": 2091.981,
    "filesize": 420329108,
    "download_date": "2025-10-23 16:31:26"
  },
  {
    "number": 242,
    "filename": "242-爱吃香菜💦 - wataa @BBBBTTTCC @SexytoBaby @SexytoDoll @SexytoGirl_00001.mp4",
    "url": "https://x.com/brighto15615589/status/1981193876330185000?s=46",
    "title": "爱吃香菜💦 - wataa @BBBBTTTCC @SexytoBaby @SexytoDoll @SexytoGirl",
    "uploader": "爱吃香菜💦",
    "username": "Brighto15615589",
    "upload_date": "20251023",
    "duration": 3523.751,
    "filesize": 671932343,
    "download_date": "2025-10-23 16:34:32"
  },
  {
    "number": 243,
    "filename": "243-SecretAffairX - Chudai...🙈  #nsfw #sex #porn #naked #nudes  #squirt #pussy #hardsex  ..._00001.mp4",
    "url": "https://x.com/lust_affair/status/1979921384596721712?s=46",
    "title": "SecretAffairX - Chudai...🙈  #nsfw #sex #porn #naked #nudes  #squirt #pussy #hardsex  ...",
    "uploader": "SecretAffairX",
    "username": "lust_affair",
    "upload_date": "20251019",
    "duration": 599.098,
    "filesize": 28073726,
    "download_date": "2025-10-23 16:34:40"
  },
  {
    "number": 244,
    "filename": "244-REALTY SHOWS - Chudai💦 #nsfw #sex #porn #naked #nudes #hentai #squirt #pussy #goon_00001.mp4",
    "url": "https://x.com/r27203269/status/1979970347358400895?s=46",
    "title": "REALTY SHOWS - Chudai💦 #nsfw #sex #porn #naked #nudes #hentai #squirt #pussy #goon",
    "uploader": "REALTY SHOWS",
    "username": "r27203269",
    "upload_date": "20251019",
    "duration": 1540.879,
    "filesize": 475585429,
    "download_date": "2025-10-23 16:36:51"
  },
  {
    "number": 245,
    "filename": "245-REALTY SHOWS - Chudai💦 #nsfw #sex #porn #naked #nudes #hentai #squirt #pussy #goon_00001.mp4",
    "url": "https://x.com/r27203269/status/1979473169443430746?s=46",
    "title": "REALTY SHOWS - Chudai💦 #nsfw #sex #porn #naked #nudes #hentai #squirt #pussy #goon",
    "uploader": "REALTY SHOWS",
    "username": "r27203269",
    "upload_date": "20251018",
    "duration": 1989.648,
    "filesize": 172821308,
    "download_date": "2025-10-23 16:37:38"
  },
  {
    "number": 246,
    "filename": "246-Q - Wataa_00001.mp4",
    "url": "https://x.com/qqqloveyou/status/1982771988570783792?s=46",
    "title": "Q - Wataa",
    "uploader": "Q",
    "username": "QQQloveyou",
    "upload_date": "20251027",
    "duration": 37.099,
    "filesize": 2061201,
    "download_date": "2025-10-27 18:45:14"
  }
]