77
78
79
80
81
82
83
84
85
86
87
88
89
90
91
92
93
94
95
97
98
99
100
101
102
103
104
105
106
107
108
109
110
111
112
113
115
116
117
118
119
120
121
122
123
124
125
126
127
128
129
130
131
132
133
134
137
138
139
140
141
142
143
144
145
146
147
148
149
150
152
153
154
155
156
157
158
159
160
161
162
163
164
165
166
167
168
169
170
171
172
173
174
175
176
177
178
179
180
181
182
183
184
185
186
187
188
189
191
192
193
195
196
197
198
199
200
201
202
203
204
205
207
208
209
210
211
212
213
214
215
216
217
218
219
220
221
222
223
224
225
226
227
228
229
230
231
232
233
234
235
236
237
238
239
240
241
242
244
245
246
247
249
250
251
252
253
254
255
256
257
258
259
260
261
262
264
265
266
267
268
269
270
271
272
273
274
275
276
277
278
279
280
281
282
283
284
285
288
289
290
291
292
293
294
295
296
305
309
313
314
315
316
317
318
319
320
321
322
323
324
325
326
327
328
329
330
331
332
333
334
335
336
337
338
339
340
341
342
343
344
345
346
347
348
349
350
351
352
353
354
355
356
357
358
359
360
361
362
363
364
365
366
367
368
369
370
371
372
373
374
375
447
448
450
455
462
468
471
472
475
477
478
479
480
481
485
486
490
491
495
499
502
505
508
509
510
511
512
514
515
517
519
521
522
523
525
528
529
530
531
532
533
534
535
536
540
545
547
550
552
553
555
556
557
558
559
560
561
563
564
565
566
569
572
573
574
575
580
647
648
649
650
669
670
671
672
673
699
703
726
733
739
777
781
792
826
827
828
829
830
831
832
839
842
848
853
854
856
858
864
866
867
869
870
871
872
873
874
875
876
877
878
879
880
881
882
883
884
885
903
904
905
906
909
911
912
920
921
922
923
924
940
941
948
994
995
996
997
998
1004
1005
1006
1007
1008
1009
1010
1011
1012
1013
1014
1015
1016
1017
1018
1019
1020
1021
1022
1023
1024
1025
1026
1027
1028
1029
1030
1053
1055
1056
1057
1059
1060
1062
96
114
135
136
151
190
194
206
243
248
286
451
