[
  {
    "number": 5,
    "filename": "05-Rbbca - Wataa.mp4",
    "url": "https://x.com/rbcbbg/status/1973434978118832308?s=46",
    "title": "Rbbca - Wataa",
    "uploader": "Rbbca",
    "username": "rbcbbg",
    "upload_date": "20251001",
    "duration": 28.456,
    "filesize": 0,
    "download_date": "2025-10-03 01:03:22"
  },
  {
    "number": 5,
    "filename": "05-Rbbca - Wataa.mp4",
    "url": "https://x.com/rbcbbg/status/1973434978118832308?s=46",
    "title": "Rbbca - Wataa",
    "uploader": "Rbbca",
    "username": "rbcbbg",
    "upload_date": "20251001",
    "duration": 28.456,
    "filesize": 0,
    "download_date": "2025-10-03 01:05:54"
  },
  {
    "number": 5,
    "filename": "05-Rbbca - Wataa.mp4",
    "url": "https://x.com/rbcbbg/status/1973434978118832308?s=46",
    "title": "Rbbca - Wataa",
    "uploader": "Rbbca",
    "username": "rbcbbg",
    "upload_date": "20251001",
    "duration": 28.456,
    "filesize": 0,
    "download_date": "2025-10-03 01:10:08"
  },
  {
    "number": 6,
    "filename": "06-Rbbca - Wataa.mp4",
    "url": "https://x.com/rbcbbg/status/1973434978118832308?s=46",
    "title": "Rbbca - Wataa",
    "uploader": "Rbbca",
    "username": "rbcbbg",
    "upload_date": "20251001",
    "duration": 28.456,
    "filesize": 0,
    "download_date": "2025-10-03 01:12:09"
  },
  {
    "number": 5,
    "filename": "05-Rbbca - Wataa.mp4",
    "url": "https://x.com/rbcbbg/status/1973434978118832308?s=46",
    "title": "Rbbca - Wataa",
    "uploader": "Rbbca",
    "username": "rbcbbg",
    "upload_date": "20251001",
    "duration": 28.456,
    "filesize": 0,
    "download_date": "2025-10-03 01:56:03"
  },
  {
    "number": 6,
    "filename": "06-Rbbca - Wataa.mp4",
    "url": "https://x.com/rbcbbg/status/1973434978118832308?s=46",
    "title": "Rbbca - Wataa",
    "uploader": "Rbbca",
    "uploader_id": "rbcbbg",
    "username": "rbcbbg",
    "upload_date": "20251001",
    "duration": 28.456,
    "view_count": null,
    "like_count": 25616,
    "repost_count": 2946,
    "description": "Wataa https://t.co/Fw1e0s29Hz",
    "resolution": "1080x1920",
    "filesize": 0,
    "download_date": "2025-10-03 02:24:20"
  },
  {
    "number": 7,
    "filename": "07-Rbbca - Wataa.mp4",
    "url": "https://x.com/rbcbbg/status/1973434978118832308?s=46",
    "title": "Rbbca - Wataa",
    "uploader": "Rbbca",
    "username": "rbcbbg",
    "upload_date": "20251001",
    "duration": 28.456,
    "filesize": 0,
    "download_date": "2025-10-03 02:25:54"
  }
]