[
  {
    "number": 1,
    "filename": "01-World Sex HD - Wataa💦 #nsfw #sex #porn #naked #nudes #hentai #squirt #pussy #goon #o..._00001.mp4",
    "url": "https://x.com/world_sex369/status/1981066683860365652?s=46",
    "title": "World Sex HD - Wataa💦 #nsfw #sex #porn #naked #nudes #hentai #squirt #pussy #goon #o...",
    "uploader": "World Sex HD",
    "username": "World_sex369",
    "upload_date": "20251022",
    "duration": 124.389,
    "filesize": 7578715,
    "download_date": "2025-11-05 02:05:39"
  },
  {
    "number": 2,
    "filename": "02-World Sex HD - Wataa💦  #nsfw #sex #porn #naked #nudes #hentai #squirt #pussy #goon #..._00001.mp4",
    "url": "https://x.com/world_sex369/status/1984768197212717566?s=46",
    "title": "World Sex HD - Wataa💦  #nsfw #sex #porn #naked #nudes #hentai #squirt #pussy #goon #...",
    "uploader": "World Sex HD",
    "username": "World_sex369",
    "upload_date": "20251101",
    "duration": 384.87,
    "filesize": 18670835,
    "download_date": "2025-11-05 02:05:44"
  },
  {
    "number": 3,
    "filename": "03-World Sex HD - Wataa💦  #nsfw #sex #porn #naked #nudes #hentai #squirt #pussy #goon #..._00001.mp4",
    "url": "https://x.com/world_sex369/status/1981809826675180018?s=46",
    "title": "World Sex HD - Wataa💦  #nsfw #sex #porn #naked #nudes #hentai #squirt #pussy #goon #...",
    "uploader": "World Sex HD",
    "username": "World_sex369",
    "upload_date": "20251024",
    "duration": 193.887,
    "filesize": 14117605,
    "download_date": "2025-11-05 02:08:43"
  },
  {
    "number": 4,
    "filename": "04-Xvideos... - Chudai..#XXL猛漢町 #XXSIVK #XXL同伴集結 #XXL猛汉特区 #xxl漢気二丁目 #xxprettyfaacee_00001.mp4",
    "url": "https://x.com/avxxl__/status/1986038786736714226?s=46",
    "title": "Xvideos... - Chudai..#XXL猛漢町 #XXSIVK #XXL同伴集結 #XXL猛汉特区 #xxl漢気二丁目 #xxprettyfaacee",
    "uploader": "Xvideos...",
    "username": "AVXXL__",
    "upload_date": "20251105",
    "duration": 102.817,
    "filesize": 7782927,
    "download_date": "2025-11-07 00:19:31"
  },
  {
    "number": 5,
    "filename": "05-18 Omegle - Wataa_00001.mp4",
    "url": "https://x.com/ome9a_hub/status/1986086100717195519?s=46",
    "title": "18 Omegle - Wataa",
    "uploader": "18 Omegle",
    "username": "Ome9a_Hub",
    "upload_date": "20251105",
    "duration": 48.233,
    "filesize": 3238448,
    "download_date": "2025-11-07 00:19:33"
  },
  {
    "number": 6,
    "filename": "06-挽挽（江浙沪 - 乖乖的 像小狗一样 @SexytoGirl  @SexytoBaby  @SexytoDoll  @BBBBTTTCC_00001.mp4",
    "url": "https://x.com/wanwanoiil/status/1986048264475681002?s=46",
    "title": "挽挽（江浙沪 - 乖乖的 像小狗一样 @SexytoGirl  @SexytoBaby  @SexytoDoll  @BBBBTTTCC",
    "uploader": "挽挽（江浙沪",
    "username": "wanwanoiil",
    "upload_date": "20251105",
    "duration": 29.395,
    "filesize": 3018742,
    "download_date": "2025-11-07 00:19:35"
  },
  {
    "number": 7,
    "filename": "07-阿尼亚酱✨ - Wataa✨_00001.mp4",
    "url": "https://x.com/aniyajiiang/status/1986287408732905775?s=46",
    "title": "阿尼亚酱✨ - Wataa✨",
    "uploader": "阿尼亚酱✨",
    "username": "Aniyajiiang",
    "upload_date": "20251106",
    "duration": 597.867,
    "filesize": 89277378,
    "download_date": "2025-11-07 00:20:05"
  },
  {
    "number": 8,
    "filename": "08-恩崽（🚪13.14） - wataa_00001.mp4",
    "url": "https://x.com/enzaizi/status/1964788518049497526?s=46",
    "title": "恩崽（🚪13.14） - wataa",
    "uploader": "恩崽（🚪13.14）",
    "username": "enzaizi",
    "upload_date": "20250907",
    "duration": 4.293,
    "filesize": 333773,
    "download_date": "2025-11-07 00:20:06"
  },
  {
    "number": 9,
    "filename": "09-91学院 - wataa  @BBBBTTTCC @SexytoBaby @SexytoDoll @SexytoGirl #1_00001.mp4",
    "url": "https://x.com/nazar61019542/status/1986015604818743723?s=46",
    "title": "91学院 - wataa  @BBBBTTTCC @SexytoBaby @SexytoDoll @SexytoGirl #1",
    "uploader": "91学院",
    "username": "Nazar61019542",
    "upload_date": "20251105",
    "duration": 172.406,
    "filesize": 11731082,
    "download_date": "2025-11-07 00:20:12"
  },
  {
    "number": 10,
    "filename": "10-91学院 - wataa  @BBBBTTTCC @SexytoBaby @SexytoDoll @SexytoGirl #2_00002.mp4",
    "url": "https://x.com/nazar61019542/status/1986015604818743723?s=46",
    "title": "91学院 - wataa  @BBBBTTTCC @SexytoBaby @SexytoDoll @SexytoGirl #2",
    "uploader": "91学院",
    "username": "Nazar61019542",
    "upload_date": "20251105",
    "duration": 65.766,
    "filesize": 2903175,
    "download_date": "2025-11-07 00:20:12"
  },
  {
    "number": 11,
    "filename": "11-91学院 - wataa  @BBBBTTTCC @SexytoBaby @SexytoDoll @SexytoGirl #3_00003.mp4",
    "url": "https://x.com/nazar61019542/status/1986015604818743723?s=46",
    "title": "91学院 - wataa  @BBBBTTTCC @SexytoBaby @SexytoDoll @SexytoGirl #3",
    "uploader": "91学院",
    "username": "Nazar61019542",
    "upload_date": "20251105",
    "duration": 10.611,
    "filesize": 495300,
    "download_date": "2025-11-07 00:20:12"
  },
  {
    "number": 12,
    "filename": "12-虾虾（🉑️）互推 - https：⧸⧸t.co⧸KUarYUBog9_00001.mp4",
    "url": "https://x.com/911xlx/status/1986047845984809020?s=46",
    "title": "虾虾（🉑️）互推 - https://t.co/KUarYUBog9",
    "uploader": "虾虾（🉑️）互推",
    "username": "911xlx",
    "upload_date": "20251105",
    "duration": 2468.301,
    "filesize": 289464430,
    "download_date": "2025-11-07 00:21:58"
  },
  {
    "number": 13,
    "filename": "13-重庆貂蝉 - wataa_00001.mp4",
    "url": "https://x.com/wududiaochan/status/1986400009731121339?s=46",
    "title": "重庆貂蝉 - wataa",
    "uploader": "重庆貂蝉",
    "username": "Wududiaochan",
    "upload_date": "20251106",
    "duration": 76.09,
    "filesize": 5408413,
    "download_date": "2025-11-07 00:28:28"
  },
  {
    "number": 14,
    "filename": "14-成都杀手倩 - wataa_00001.mp4",
    "url": "https://x.com/qianqiansss/status/1938924057405304902?s=46",
    "title": "成都杀手倩 - wataa",
    "uploader": "成都杀手倩",
    "username": "qianqiansss",
    "upload_date": "20250628",
    "duration": 53.316,
    "filesize": 2984782,
    "download_date": "2025-11-07 00:31:20"
  },
  {
    "number": 15,
    "filename": "15-成都杀手倩 - wataa_00001.mp4",
    "url": "https://x.com/qianqiansss/status/1940726728491667546?s=46",
    "title": "成都杀手倩 - wataa",
    "uploader": "成都杀手倩",
    "username": "qianqiansss",
    "upload_date": "20250703",
    "duration": 31.773,
    "filesize": 1900096,
    "download_date": "2025-11-07 00:31:23"
  },
  {
    "number": 16,
    "filename": "16-沈幼楚. - chudai_00001.mp4",
    "url": "https://x.com/shenyouchua/status/1982402592572633167?s=46",
    "title": "沈幼楚. - chudai",
    "uploader": "沈幼楚.",
    "username": "shenyouchua",
    "upload_date": "20251026",
    "duration": 2.925,
    "filesize": 160024,
    "download_date": "2025-11-07 00:31:45"
  },
  {
    "number": 17,
    "filename": "17-91学院（官方） - wataa  @BBBBTTTCC @SexytoBaby @SexytoDoll @SexytoGirl #1_00001.mp4",
    "url": "https://x.com/satownspayaso1/status/1986760907645723015?s=46",
    "title": "91学院（官方） - wataa  @BBBBTTTCC @SexytoBaby @SexytoDoll @SexytoGirl #1",
    "uploader": "91学院（官方）",
    "username": "satownspayaso1",
    "upload_date": "20251107",
    "duration": 6.066,
    "filesize": 501342,
    "download_date": "2025-11-07 22:42:46"
  },
  {
    "number": 18,
    "filename": "18-91学院（官方） - wataa  @BBBBTTTCC @SexytoBaby @SexytoDoll @SexytoGirl #2_00002.mp4",
    "url": "https://x.com/satownspayaso1/status/1986760907645723015?s=46",
    "title": "91学院（官方） - wataa  @BBBBTTTCC @SexytoBaby @SexytoDoll @SexytoGirl #2",
    "uploader": "91学院（官方）",
    "username": "satownspayaso1",
    "upload_date": "20251107",
    "duration": 42.566,
    "filesize": 2534932,
    "download_date": "2025-11-07 22:42:46"
  },
  {
    "number": 19,
    "filename": "19-91学院（官方） - wataa  @BBBBTTTCC @SexytoBaby @SexytoDoll @SexytoGirl #3_00003.mp4",
    "url": "https://x.com/satownspayaso1/status/1986760907645723015?s=46",
    "title": "91学院（官方） - wataa  @BBBBTTTCC @SexytoBaby @SexytoDoll @SexytoGirl #3",
    "uploader": "91学院（官方）",
    "username": "satownspayaso1",
    "upload_date": "20251107",
    "duration": 164.4,
    "filesize": 10995271,
    "download_date": "2025-11-07 22:42:46"
  },
  {
    "number": 20,
    "filename": "20-骚到骨子里还装纯 - wataa  @BBBBTTTCC @SexytoBaby @SexytoDoll @SexytoGirl_00001.mp4",
    "url": "https://x.com/saosaode777/status/1986807499639644299?s=46",
    "title": "骚到骨子里还装纯 - wataa  @BBBBTTTCC @SexytoBaby @SexytoDoll @SexytoGirl",
    "uploader": "骚到骨子里还装纯",
    "username": "saosaode777",
    "upload_date": "20251107",
    "duration": 1662.966,
    "filesize": 51236259,
    "download_date": "2025-11-07 22:48:34"
  },
  {
    "number": 21,
    "filename": "21-jk少女时代 - wataa  @BBBBTTTCC @SexytoBaby @SexytoDoll @SexytoGirl_00001.mp4",
    "url": "https://x.com/surajsi97420445/status/1986791512387334217?s=46",
    "title": "jk少女时代 - wataa  @BBBBTTTCC @SexytoBaby @SexytoDoll @SexytoGirl",
    "uploader": "jk少女时代",
    "username": "SuRajsi97420445",
    "upload_date": "20251107",
    "duration": 95.3,
    "filesize": 6043270,
    "download_date": "2025-11-07 22:48:36"
  },
  {
    "number": 22,
    "filename": "22-女奴调教师 - wataa  @BBBBTTTCC @SexytoBaby @SexytoDoll @SexytoGirl_00001.mp4",
    "url": "https://x.com/saosaode777/status/1986810375896195397?s=46",
    "title": "女奴调教师 - wataa  @BBBBTTTCC @SexytoBaby @SexytoDoll @SexytoGirl",
    "uploader": "女奴调教师",
    "username": "v1Y1iTUJcSYRvc0",
    "upload_date": "20251107",
    "duration": 184.433,
    "filesize": 15691628,
    "download_date": "2025-11-07 22:48:42"
  },
  {
    "number": 23,
    "filename": "23-dom女玩家 - wataa  @BBBBTTTCC @SexytoBaby @SexytoDoll @SexytoGirl_00001.mp4",
    "url": "https://x.com/hazelk2659/status/1989345600509460670?s=46",
    "title": "dom女玩家 - wataa  @BBBBTTTCC @SexytoBaby @SexytoDoll @SexytoGirl",
    "uploader": "dom女玩家",
    "username": "HazelK2659",
    "upload_date": "20251114",
    "duration": 61.433,
    "filesize": 1696499,
    "download_date": "2025-11-14 23:30:11"
  },
  {
    "number": 24,
    "filename": "24-反差少女精选 - wataa  @BBBBTTTCC @SexytoBaby @SexytoDoll @SexytoGirl_00001.mp4",
    "url": "https://x.com/qadroahmed7/status/1989345712157630580?s=46",
    "title": "反差少女精选 - wataa  @BBBBTTTCC @SexytoBaby @SexytoDoll @SexytoGirl",
    "uploader": "反差少女精选",
    "username": "QadroAhmed7",
    "upload_date": "20251114",
    "duration": 551.279,
    "filesize": 47693285,
    "download_date": "2025-11-14 23:30:32"
  },
  {
    "number": 25,
    "filename": "25-DOM虐(主页领养母狗） - wataa  @BBBBTTTCC @SexytoBaby @SexytoDoll @SexytoGirl_00001.mp4",
    "url": "https://x.com/jabu96335397/status/1989293167070560318?s=46",
    "title": "DOM虐(主页领养母狗） - wataa  @BBBBTTTCC @SexytoBaby @SexytoDoll @SexytoGirl",
    "uploader": "DOM虐(主页领养母狗）",
    "username": "JABU96335397",
    "upload_date": "20251114",
    "duration": 86.0,
    "filesize": 5129916,
    "download_date": "2025-11-14 23:30:34"
  },
  {
    "number": 26,
    "filename": "26-奶椰西米露 - Wataa🎀_00001.mp4",
    "url": "https://x.com/naiyeximilu/status/1990086709577486436?s=46",
    "title": "奶椰西米露 - Wataa🎀",
    "uploader": "奶椰西米露",
    "username": "Naiyeximilu",
    "upload_date": "20251116",
    "duration": 1085.881,
    "filesize": 69191334,
    "download_date": "2025-11-18 11:33:16"
  },
  {
    "number": 27,
    "filename": "27-好撸-资源社 - wataa @BBBBTTTCC @SexytoBaby @SexytoDoll @SexytoGirl_00001.mp4",
    "url": "https://x.com/hlzys777/status/1990209267253878946?s=46",
    "title": "好撸-资源社 - wataa @BBBBTTTCC @SexytoBaby @SexytoDoll @SexytoGirl",
    "uploader": "好撸-资源社",
    "username": "HLZYS777",
    "upload_date": "20251117",
    "duration": 582.148,
    "filesize": 96833757,
    "download_date": "2025-11-18 11:33:45"
  },
  {
    "number": 28,
    "filename": "28-桃桃🍑 - 这辈子以来最爽的一次！_00001.mp4",
    "url": "https://x.com/wdqhctt/status/1961800678168465724?s=46",
    "title": "桃桃🍑 - 这辈子以来最爽的一次！",
    "uploader": "桃桃🍑",
    "username": "wdqhcTt",
    "upload_date": "20250830",
    "duration": 40.066,
    "filesize": 3253308,
    "download_date": "2025-11-18 11:33:47"
  },
  {
    "number": 29,
    "filename": "29-糯米好乖 - Wataa 💰  @BBBBTTTCC @SexytoGirl @SexytoDoll @SexytoBaby_00001.mp4",
    "url": "https://x.com/kuruomio/status/1990291336482972076?s=46",
    "title": "糯米好乖 - Wataa 💰  @BBBBTTTCC @SexytoGirl @SexytoDoll @SexytoBaby",
    "uploader": "糯米好乖",
    "username": "kuruomio",
    "upload_date": "20251117",
    "duration": 6.116,
    "filesize": 1153960,
    "download_date": "2025-11-18 11:33:48"
  },
  {
    "number": 30,
    "filename": "30-奶椰西米露 - Wataa🎀_00001.mp4",
    "url": "https://x.com/naiyeximilu/status/1990796637455987175?s=46",
    "title": "奶椰西米露 - Wataa🎀",
    "uploader": "奶椰西米露",
    "username": "Naiyeximilu",
    "upload_date": "20251118",
    "duration": 1582.718,
    "filesize": 104626641,
    "download_date": "2025-11-19 23:03:49"
  },
  {
    "number": 31,
    "filename": "31-多水小美💦 - wataa @BBBBTTTCC @SexytoBaby @SexytoDoll @SexytoGirl_00001.mp4",
    "url": "https://x.com/hazelnarvios/status/1990978344087658899?s=46",
    "title": "多水小美💦 - wataa @BBBBTTTCC @SexytoBaby @SexytoDoll @SexytoGirl",
    "uploader": "多水小美💦",
    "username": "HazelNarvios",
    "upload_date": "20251119",
    "duration": 953.738,
    "filesize": 212499058,
    "download_date": "2025-11-19 23:09:44"
  },
  {
    "number": 32,
    "filename": "32-推特最后一个纯爱战士 - chudai🇨🇳_00001.mp4",
    "url": "https://x.com/bertiemaxi66340/status/1990696814929195521?s=46",
    "title": "推特最后一个纯爱战士 - chudai🇨🇳",
    "uploader": "推特最后一个纯爱战士",
    "username": "BertieMaxi66340",
    "upload_date": "20251118",
    "duration": 1159.576,
    "filesize": 140290686,
    "download_date": "2025-11-19 23:10:40"
  },
  {
    "number": 33,
    "filename": "33-暴虐爱好者 - wataa  @BBBBTTTCC @SexytoBaby @SexytoDoll @SexytoGirl_00001.mp4",
    "url": "https://x.com/rahul56519662/status/1991165527780368841?s=46",
    "title": "暴虐爱好者 - wataa  @BBBBTTTCC @SexytoBaby @SexytoDoll @SexytoGirl",
    "uploader": "暴虐爱好者",
    "username": "adotun59",
    "upload_date": "20251119",
    "duration": 139.366,
    "filesize": 14354772,
    "download_date": "2025-11-19 23:10:46"
  },
  {
    "number": 34,
    "filename": "34-玩偶姐姐 𝕏 - Wataa🍑 漏了漏了尿漏了 哈哈哈🤣_00001.mp4",
    "url": "https://x.com/lifestylesetc/status/1991164577988694191?s=46",
    "title": "玩偶姐姐 𝕏 - Wataa🍑 漏了漏了尿漏了 哈哈哈🤣",
    "uploader": "玩偶姐姐 𝕏",
    "username": "Wanoujiejier",
    "upload_date": "20251119",
    "duration": 19.62,
    "filesize": 4915681,
    "download_date": "2025-11-19 23:10:50"
  },
  {
    "number": 35,
    "filename": "35-Honey 果子 - Wataa🔥_00001.mp4",
    "url": "https://x.com/madelinero62533/status/1992767915767267435?s=46",
    "title": "Honey 果子 - Wataa🔥",
    "uploader": "Honey 果子",
    "username": "MadelineRo62533",
    "upload_date": "20251124",
    "duration": 6.315,
    "filesize": 553721,
    "download_date": "2025-11-24 23:42:02"
  },
  {
    "number": 36,
    "filename": "36-多水小美💦 - wataa @BBBBTTTCC @SexytoBaby @SexytoDoll @SexytoGirl_00001.mp4",
    "url": "https://x.com/hazelnarvios/status/1990978344087658899?s=46",
    "title": "多水小美💦 - wataa @BBBBTTTCC @SexytoBaby @SexytoDoll @SexytoGirl",
    "uploader": "多水小美💦",
    "username": "HazelNarvios",
    "upload_date": "20251119",
    "duration": 953.738,
    "filesize": 212499058,
    "download_date": "2025-11-24 23:43:35"
  },
  {
    "number": 37,
    "filename": "37-推特最后一个纯爱战士 - chudai🇨🇳_00001.mp4",
    "url": "https://x.com/bertiemaxi66340/status/1990696814929195521?s=46",
    "title": "推特最后一个纯爱战士 - chudai🇨🇳",
    "uploader": "推特最后一个纯爱战士",
    "username": "BertieMaxi66340",
    "upload_date": "20251118",
    "duration": 1159.576,
    "filesize": 140290686,
    "download_date": "2025-11-24 23:44:47"
  },
  {
    "number": 38,
    "filename": "38-暴虐爱好者 - wataa  @BBBBTTTCC @SexytoBaby @SexytoDoll @SexytoGirl_00001.mp4",
    "url": "https://x.com/rahul56519662/status/1991165527780368841?s=46",
    "title": "暴虐爱好者 - wataa  @BBBBTTTCC @SexytoBaby @SexytoDoll @SexytoGirl",
    "uploader": "暴虐爱好者",
    "username": "adotun59",
    "upload_date": "20251119",
    "duration": 139.366,
    "filesize": 14354772,
    "download_date": "2025-11-24 23:44:55"
  },
  {
    "number": 39,
    "filename": "39-玩偶姐姐 𝕏 - Wataa🍑 漏了漏了尿漏了 哈哈哈🤣_00001.mp4",
    "url": "https://x.com/lifestylesetc/status/1991164577988694191?s=46",
    "title": "玩偶姐姐 𝕏 - Wataa🍑 漏了漏了尿漏了 哈哈哈🤣",
    "uploader": "玩偶姐姐 𝕏",
    "username": "Wanoujiejier",
    "upload_date": "20251119",
    "duration": 19.62,
    "filesize": 4915681,
    "download_date": "2025-11-24 23:44:58"
  },
  {
    "number": 40,
    "filename": "40-十八禁区𝐗少儿不宜 - wataa_00001.mp4",
    "url": "https://x.com/xb2026/status/1992877095987408982?s=46",
    "title": "十八禁区𝐗少儿不宜 - wataa",
    "uploader": "十八禁区𝐗少儿不宜",
    "username": "xb2026",
    "upload_date": "20251124",
    "duration": 2736.748,
    "filesize": 427533522,
    "download_date": "2025-11-24 23:51:03"
  },
  {
    "number": 41,
    "filename": "41-BDSM闻西（完整版在主页） - wataa @BBBBTTTCC  @SexytoBaby @SexytoDoll @SexytoGirl #1_00001.mp4",
    "url": "https://x.com/solodolo403/status/1992835675922878958?s=46",
    "title": "BDSM闻西（完整版在主页） - wataa @BBBBTTTCC  @SexytoBaby @SexytoDoll @SexytoGirl #1",
    "uploader": "BDSM闻西（完整版在主页）",
    "username": "solodolo403",
    "upload_date": "20251124",
    "duration": 14.366,
    "filesize": 1507290,
    "download_date": "2025-11-24 23:51:07"
  },
  {
    "number": 42,
    "filename": "42-BDSM闻西（完整版在主页） - wataa @BBBBTTTCC  @SexytoBaby @SexytoDoll @SexytoGirl #2_00002.mp4",
    "url": "https://x.com/solodolo403/status/1992835675922878958?s=46",
    "title": "BDSM闻西（完整版在主页） - wataa @BBBBTTTCC  @SexytoBaby @SexytoDoll @SexytoGirl #2",
    "uploader": "BDSM闻西（完整版在主页）",
    "username": "solodolo403",
    "upload_date": "20251124",
    "duration": 12.1,
    "filesize": 943583,
    "download_date": "2025-11-24 23:51:07"
  },
  {
    "number": 43,
    "filename": "43-纯欲小妈 - wataa🔥_00001.mp4",
    "url": "https://x.com/cyxm88887rm/status/1988421233541808145?s=46",
    "title": "纯欲小妈 - wataa🔥",
    "uploader": "纯欲小妈",
    "username": "cyxm88887rm",
    "upload_date": "20251112",
    "duration": 178.538,
    "filesize": 18866933,
    "download_date": "2025-11-24 23:51:15"
  },
  {
    "number": 44,
    "filename": "44-千娇百媚💕 - RT @sexer798： 💕Chudai💕  @BBBBTTTCC @SexytoBaby @SexytoDoll @SexytoGirl_00001.mp4",
    "url": "https://x.com/sexytogirl/status/1992991693394862589?s=46",
    "title": "千娇百媚💕 - RT @sexer798: 💕Chudai💕  @BBBBTTTCC @SexytoBaby @SexytoDoll @SexytoGirl",
    "uploader": "千娇百媚💕",
    "username": "SexytoGirl",
    "upload_date": "20251124",
    "duration": 153.733,
    "filesize": 18087303,
    "download_date": "2025-11-24 23:51:23"
  },
  {
    "number": 45,
    "filename": "45-猫姬里子 - wataa👀  @Xiaoxiaofoer @MitsumeDoji @OoniDevil_00001.mp4",
    "url": "https://x.com/reunnn2/status/1990411460984356925?s=46",
    "title": "猫姬里子 - wataa👀  @Xiaoxiaofoer @MitsumeDoji @OoniDevil",
    "uploader": "猫姬里子",
    "username": "Reunnn2",
    "upload_date": "20251117",
    "duration": 4.643,
    "filesize": 787409,
    "download_date": "2025-11-24 23:51:26"
  },
  {
    "number": 46,
    "filename": "46-a咪 - wataa 💕 #喷水 @MaecMax｜@GnewHome @WaecMax｜@SnewHome @DaecMax｜@QnewHome ..._00001.mp4",
    "url": "https://x.com/armycc99/status/1952874325364883799?s=46",
    "title": "a咪 - wataa 💕 #喷水 @MaecMax｜@GnewHome @WaecMax｜@SnewHome @DaecMax｜@QnewHome ...",
    "uploader": "a咪",
    "username": "armycc99",
    "upload_date": "20250805",
    "duration": 75.371,
    "filesize": 12278652,
    "download_date": "2025-11-24 23:51:31"
  },
  {
    "number": 47,
    "filename": "47-糖心Vlog官方 - Wataa🩷 #捅主任 #乘骑 #母狗_00001.mp4",
    "url": "https://x.com/tx001_cc/status/1989185270089211972?s=46",
    "title": "糖心Vlog官方 - Wataa🩷 #捅主任 #乘骑 #母狗",
    "uploader": "糖心Vlog官方",
    "username": "TX001_CC",
    "upload_date": "20251114",
    "duration": 2112.114,
    "filesize": 413557276,
    "download_date": "2025-11-26 06:38:50"
  },
  {
    "number": 48,
    "filename": "48-高冷的呆呆鱼. - chudai💫  #主人的任务 #一对一视频 #同城可约_00001.mp4",
    "url": "https://x.com/gldaidaiyu/status/1991853201352786241?s=46",
    "title": "高冷的呆呆鱼. - chudai💫  #主人的任务 #一对一视频 #同城可约",
    "uploader": "高冷的呆呆鱼.",
    "username": "GLdaidaiyu",
    "upload_date": "20251121",
    "duration": 556.876,
    "filesize": 50734603,
    "download_date": "2025-11-26 06:39:17"
  },
  {
    "number": 49,
    "filename": "49-P站小骚兔🐰 - Wataa #p站 #少女 #自慰   @BBBBTTTCC @SexytoDoll @SexytoGirl @SexytoBaby_00001.mp4",
    "url": "https://x.com/photixlabs/status/1993162562498969730?s=46",
    "title": "P站小骚兔🐰 - Wataa #p站 #少女 #自慰   @BBBBTTTCC @SexytoDoll @SexytoGirl @SexytoBaby",
    "uploader": "P站小骚兔🐰",
    "username": "PHOTIXLABS",
    "upload_date": "20251125",
    "duration": 654.107,
    "filesize": 41032731,
    "download_date": "2025-11-26 06:39:43"
  },
  {
    "number": 50,
    "filename": "50-奈酱（全国可✈️ - 太久没做爱了 小穴随便插一下就忍不住喷了 长沙来个吧～实在不行我飞也可以！ @BBBBTTTCC  @SexytoGirl  @Sexyt..._00001.mp4",
    "url": "https://x.com/kkww2588/status/1993384436143145255?s=46",
    "title": "奈酱（全国可✈️ - 太久没做爱了 小穴随便插一下就忍不住喷了 长沙来个吧～实在不行我飞也可以！ @BBBBTTTCC  @SexytoGirl  @Sexyt...",
    "uploader": "奈酱（全国可✈️",
    "username": "kkww2588",
    "upload_date": "20251125",
    "duration": 97.261,
    "filesize": 8523636,
    "download_date": "2025-11-26 06:39:50"
  },
  {
    "number": 51,
    "filename": "51-蜜汁甜甜酱💓 - Chudai @BBBBTTTCC  @SexytoDoll @SexytoGirl   @SexytoBaby_00001.mp4",
    "url": "https://x.com/waribaka1983/status/1993111893184331800?s=46",
    "title": "蜜汁甜甜酱💓 - Chudai @BBBBTTTCC  @SexytoDoll @SexytoGirl   @SexytoBaby",
    "uploader": "蜜汁甜甜酱💓",
    "username": "waribaka1983",
    "upload_date": "20251125",
    "duration": 558.633,
    "filesize": 81532516,
    "download_date": "2025-11-26 06:40:18"
  },
  {
    "number": 52,
    "filename": "52-冉冉学姐 - Wataa🌸 #Doi日记 #特殊辅导 #剧情_00001.mp4",
    "url": "https://x.com/xuejieranran/status/1992809149407850662?s=46",
    "title": "冉冉学姐 - Wataa🌸 #Doi日记 #特殊辅导 #剧情",
    "uploader": "冉冉学姐",
    "username": "Xuejieranran",
    "upload_date": "20251124",
    "duration": 1291.935,
    "filesize": 409126001,
    "download_date": "2025-11-26 06:42:40"
  },
  {
    "number": 53,
    "filename": "53-糖心Vlog官方 - Chudai🍑_00001.mp4",
    "url": "https://x.com/tx001_cc/status/1944704274598072381?s=46",
    "title": "糖心Vlog官方 - Chudai🍑",
    "uploader": "糖心Vlog官方",
    "username": "TX001_CC",
    "upload_date": "20250714",
    "duration": 2146.201,
    "filesize": 248003604,
    "download_date": "2025-11-26 06:43:59"
  },
  {
    "number": 54,
    "filename": "54-迷口 - basket case  @xqwanzi  @Mmxj1515_00001.mp4",
    "url": "https://x.com/mixmico3/status/1992523161242595835?s=46",
    "title": "迷口 - basket case  @xqwanzi  @Mmxj1515",
    "uploader": "迷口",
    "username": "MixMico3",
    "upload_date": "20251123",
    "duration": 79.55,
    "filesize": 16567737,
    "download_date": "2025-11-26 06:44:39"
  },
  {
    "number": 55,
    "filename": "55-a咪 - 主人的任务_00001.mp4",
    "url": "https://x.com/armycc99/status/1992589243282342071?s=46",
    "title": "a咪 - 主人的任务",
    "uploader": "a咪",
    "username": "armycc99",
    "upload_date": "20251123",
    "duration": 9.496,
    "filesize": 700038,
    "download_date": "2025-11-26 06:45:14"
  },
  {
    "number": 56,
    "filename": "56-BDSM闻西（完整版在主页） - wataa @BBBBTTTCC  @SexytoBaby @SexytoDoll @SexytoGirl #1_00001.mp4",
    "url": "https://x.com/solodolo403/status/1992835675922878958?s=46",
    "title": "BDSM闻西（完整版在主页） - wataa @BBBBTTTCC  @SexytoBaby @SexytoDoll @SexytoGirl #1",
    "uploader": "BDSM闻西（完整版在主页）",
    "username": "solodolo403",
    "upload_date": "20251124",
    "duration": 14.366,
    "filesize": 1507290,
    "download_date": "2025-11-26 06:45:28"
  },
  {
    "number": 57,
    "filename": "57-BDSM闻西（完整版在主页） - wataa @BBBBTTTCC  @SexytoBaby @SexytoDoll @SexytoGirl #2_00002.mp4",
    "url": "https://x.com/solodolo403/status/1992835675922878958?s=46",
    "title": "BDSM闻西（完整版在主页） - wataa @BBBBTTTCC  @SexytoBaby @SexytoDoll @SexytoGirl #2",
    "uploader": "BDSM闻西（完整版在主页）",
    "username": "solodolo403",
    "upload_date": "20251124",
    "duration": 12.1,
    "filesize": 943583,
    "download_date": "2025-11-26 06:45:28"
  },
  {
    "number": 58,
    "filename": "58-Honey 果子 - Wataa🔥_00001.mp4",
    "url": "https://x.com/madelinero62533/status/1992767915767267435?s=46",
    "title": "Honey 果子 - Wataa🔥",
    "uploader": "Honey 果子",
    "username": "MadelineRo62533",
    "upload_date": "20251124",
    "duration": 6.315,
    "filesize": 553721,
    "download_date": "2025-11-26 06:45:31"
  },
  {
    "number": 59,
    "filename": "59-止于娇喘 - Wataa  #频道搜捅主任  @BBBBTTTCC @SexytoDoll @SexytoGirl @SexytoBaby_00001.mp4",
    "url": "https://x.com/mrdj00098137/status/1992759625360511437?s=46",
    "title": "止于娇喘 - Wataa  #频道搜捅主任  @BBBBTTTCC @SexytoDoll @SexytoGirl @SexytoBaby",
    "uploader": "止于娇喘",
    "username": "MRDJ00098137",
    "upload_date": "20251124",
    "duration": 387.681,
    "filesize": 39580531,
    "download_date": "2025-11-26 06:45:47"
  },
  {
    "number": 60,
    "filename": "60-小虞跑跑 - 什么都是假的 只有我的水晶是真的_00001.mp4",
    "url": "https://x.com/jingtu223/status/1992843063530786972?s=46",
    "title": "小虞跑跑 - 什么都是假的 只有我的水晶是真的",
    "uploader": "小虞跑跑",
    "username": "jingtu223",
    "upload_date": "20251124",
    "duration": 37.733,
    "filesize": 3900534,
    "download_date": "2025-11-26 06:45:52"
  },
  {
    "number": 61,
    "filename": "61-小米辣🌶️ - 我第一次被我爸操屁眼的视频已经发出去很多了呀，为啥还有人私信我说上次更新的操屁眼照片鸡巴都没有插进去操呢，没收到视频可以跟我说我再发，但是..._00001.mp4",
    "url": "https://x.com/milaaini34/status/1991835589986099587?s=46",
    "title": "小米辣🌶️ - 我第一次被我爸操屁眼的视频已经发出去很多了呀，为啥还有人私信我说上次更新的操屁眼照片鸡巴都没有插进去操呢，没收到视频可以跟我说我再发，但是...",
    "uploader": "小米辣🌶️",
    "username": "MilaaInI34",
    "upload_date": "20251121",
    "duration": 22.3,
    "filesize": 1299132,
    "download_date": "2025-11-26 06:45:55"
  },
  {
    "number": 62,
    "filename": "62-十八禁区𝐗少儿不宜 - wataa_00001.mp4",
    "url": "https://x.com/xb2026/status/1992877095987408982?s=46",
    "title": "十八禁区𝐗少儿不宜 - wataa",
    "uploader": "十八禁区𝐗少儿不宜",
    "username": "xb2026",
    "upload_date": "20251124",
    "duration": 2736.748,
    "filesize": 427533522,
    "download_date": "2025-11-26 09:36:34"
  },
  {
    "number": 63,
    "filename": "63-BDSM闻西（完整版在主页） - wataa @BBBBTTTCC  @SexytoBaby @SexytoDoll @SexytoGirl #1_00001.mp4",
    "url": "https://x.com/solodolo403/status/1992835675922878958?s=46",
    "title": "BDSM闻西（完整版在主页） - wataa @BBBBTTTCC  @SexytoBaby @SexytoDoll @SexytoGirl #1",
    "uploader": "BDSM闻西（完整版在主页）",
    "username": "solodolo403",
    "upload_date": "20251124",
    "duration": 14.366,
    "filesize": 1507290,
    "download_date": "2025-11-26 09:36:39"
  },
  {
    "number": 64,
    "filename": "64-BDSM闻西（完整版在主页） - wataa @BBBBTTTCC  @SexytoBaby @SexytoDoll @SexytoGirl #2_00002.mp4",
    "url": "https://x.com/solodolo403/status/1992835675922878958?s=46",
    "title": "BDSM闻西（完整版在主页） - wataa @BBBBTTTCC  @SexytoBaby @SexytoDoll @SexytoGirl #2",
    "uploader": "BDSM闻西（完整版在主页）",
    "username": "solodolo403",
    "upload_date": "20251124",
    "duration": 12.1,
    "filesize": 943583,
    "download_date": "2025-11-26 09:36:39"
  },
  {
    "number": 65,
    "filename": "65-纯欲小妈 - wataa🔥_00001.mp4",
    "url": "https://x.com/cyxm88887rm/status/1988421233541808145?s=46",
    "title": "纯欲小妈 - wataa🔥",
    "uploader": "纯欲小妈",
    "username": "cyxm88887rm",
    "upload_date": "20251112",
    "duration": 178.538,
    "filesize": 18866933,
    "download_date": "2025-11-26 09:36:48"
  },
  {
    "number": 66,
    "filename": "66-千娇百媚💕 - RT @sexer798： 💕Chudai💕  @BBBBTTTCC @SexytoBaby @SexytoDoll @SexytoGirl_00001.mp4",
    "url": "https://x.com/sexytogirl/status/1992991693394862589?s=46",
    "title": "千娇百媚💕 - RT @sexer798: 💕Chudai💕  @BBBBTTTCC @SexytoBaby @SexytoDoll @SexytoGirl",
    "uploader": "千娇百媚💕",
    "username": "SexytoGirl",
    "upload_date": "20251124",
    "duration": 153.733,
    "filesize": 18087303,
    "download_date": "2025-11-26 09:36:57"
  },
  {
    "number": 67,
    "filename": "67-猫姬里子 - wataa👀  @Xiaoxiaofoer @MitsumeDoji @OoniDevil_00001.mp4",
    "url": "https://x.com/reunnn2/status/1990411460984356925?s=46",
    "title": "猫姬里子 - wataa👀  @Xiaoxiaofoer @MitsumeDoji @OoniDevil",
    "uploader": "猫姬里子",
    "username": "Reunnn2",
    "upload_date": "20251117",
    "duration": 4.643,
    "filesize": 787409,
    "download_date": "2025-11-26 09:37:00"
  },
  {
    "number": 68,
    "filename": "68-a咪 - wataa 💕 #喷水 @MaecMax｜@GnewHome @WaecMax｜@SnewHome @DaecMax｜@QnewHome ..._00001.mp4",
    "url": "https://x.com/armycc99/status/1952874325364883799?s=46",
    "title": "a咪 - wataa 💕 #喷水 @MaecMax｜@GnewHome @WaecMax｜@SnewHome @DaecMax｜@QnewHome ...",
    "uploader": "a咪",
    "username": "armycc99",
    "upload_date": "20250805",
    "duration": 75.371,
    "filesize": 12278652,
    "download_date": "2025-11-26 09:37:08"
  },
  {
    "number": 69,
    "filename": "69-纯情女大 - 洗澡澡啦_00001.mp4",
    "url": "https://x.com/fensedd/status/1991079808088858787?s=46",
    "title": "纯情女大 - 洗澡澡啦",
    "uploader": "纯情女大",
    "username": "fensedd",
    "upload_date": "20251119",
    "duration": 8.359,
    "filesize": 672953,
    "download_date": "2025-11-26 20:41:34"
  },
  {
    "number": 70,
    "filename": "70-纯情女大 - 湿答答  @sktwogirl @sktwober_00001.mp4",
    "url": "https://x.com/fensedd/status/1974828648554438974?s=46",
    "title": "纯情女大 - 湿答答  @sktwogirl @sktwober",
    "uploader": "纯情女大",
    "username": "fensedd",
    "upload_date": "20251005",
    "duration": 20.061,
    "filesize": 2172603,
    "download_date": "2025-11-26 20:41:38"
  },
  {
    "number": 71,
    "filename": "71-You like（京 ） - wataa @BBBBTTTCC @SexytoBaby @SexytoDoll @SexytoGirl_00001.mp4",
    "url": "https://x.com/sexytogirl/status/1993673766652756441?s=46",
    "title": "You like（京 ） - wataa @BBBBTTTCC @SexytoBaby @SexytoDoll @SexytoGirl",
    "uploader": "You like（京 ）",
    "username": "you_like17",
    "upload_date": "20251126",
    "duration": 12.033,
    "filesize": 1080371,
    "download_date": "2025-11-26 20:41:51"
  },
  {
    "number": 72,
    "filename": "72-OxO - wataa🩶  @sktwogirl @sktwolris @sktworel @sktwober_00001.mp4",
    "url": "https://x.com/oxoixlii/status/1993560352370704439?s=46",
    "title": "OxO - wataa🩶  @sktwogirl @sktwolris @sktworel @sktwober",
    "uploader": "OxO",
    "username": "OxOixlii",
    "upload_date": "20251126",
    "duration": 93.785,
    "filesize": 13165943,
    "download_date": "2025-11-26 20:41:58"
  },
  {
    "number": 73,
    "filename": "73-OxO - wataa💦_00001.mp4",
    "url": "https://x.com/oxoixlii/status/1993167853647020257?s=46",
    "title": "OxO - wataa💦",
    "uploader": "OxO",
    "username": "OxOixlii",
    "upload_date": "20251125",
    "duration": 61.68,
    "filesize": 5531243,
    "download_date": "2025-11-26 20:42:01"
  },
  {
    "number": 74,
    "filename": "74-捅处长 - wataa @BBBBTTTCC  @SexytoBaby  @SexytoDoll  @SexytoGirl_00001.mp4",
    "url": "https://x.com/sexytodoll/status/1993671548209914091?s=46",
    "title": "捅处长 - wataa @BBBBTTTCC  @SexytoBaby  @SexytoDoll  @SexytoGirl",
    "uploader": "捅处长",
    "username": "ERockG74",
    "upload_date": "20251126",
    "duration": 35.062,
    "filesize": 5300623,
    "download_date": "2025-11-26 20:42:05"
  },
  {
    "number": 75,
    "filename": "75-捅处长 - wataa @BBBBTTTCC  @SexytoBaby  @SexytoDoll  @SexytoGirl_00001.mp4",
    "url": "https://x.com/erockg74/status/1993286320056410120?s=46",
    "title": "捅处长 - wataa @BBBBTTTCC  @SexytoBaby  @SexytoDoll  @SexytoGirl",
    "uploader": "捅处长",
    "username": "ERockG74",
    "upload_date": "20251125",
    "duration": 30.046,
    "filesize": 5071646,
    "download_date": "2025-11-26 20:42:09"
  },
  {
    "number": 76,
    "filename": "76-捅处长 - wataa @BBBBTTTCC  @SexytoBaby  @SexytoDoll  @SexytoGirl_00001.mp4",
    "url": "https://x.com/erockg74/status/1992949039105802254?s=46",
    "title": "捅处长 - wataa @BBBBTTTCC  @SexytoBaby  @SexytoDoll  @SexytoGirl",
    "uploader": "捅处长",
    "username": "ERockG74",
    "upload_date": "20251124",
    "duration": 60.046,
    "filesize": 8056394,
    "download_date": "2025-11-26 20:42:13"
  },
  {
    "number": 77,
    "filename": "77-捅处长 - wataa @BBBBTTTCC  @SexytoBaby  @SexytoDoll  @SexytoGirl_00001.mp4",
    "url": "https://x.com/erockg74/status/1991804613180494259?s=46",
    "title": "捅处长 - wataa @BBBBTTTCC  @SexytoBaby  @SexytoDoll  @SexytoGirl",
    "uploader": "捅处长",
    "username": "ERockG74",
    "upload_date": "20251121",
    "duration": 45.046,
    "filesize": 4858647,
    "download_date": "2025-11-26 20:42:17"
  },
  {
    "number": 78,
    "filename": "78-a咪 - wataa 💕 @SexytoBaby @SexytoLady @SexytoDoll @SexytoGirl_00001.mp4",
    "url": "https://x.com/armycc99/status/1948704649755660326?s=46",
    "title": "a咪 - wataa 💕 @SexytoBaby @SexytoLady @SexytoDoll @SexytoGirl",
    "uploader": "a咪",
    "username": "armycc99",
    "upload_date": "20250725",
    "duration": 21.269,
    "filesize": 1705360,
    "download_date": "2025-11-26 20:42:21"
  },
  {
    "number": 79,
    "filename": "79-硬牛子 - 发发一号小狗的旧饭 嘴一根 穴一根是小狗的标配  @Xiaoxiaofoer @MitsumeDoji @OoniDevil_00001.mp4",
    "url": "https://x.com/reunnn2/status/1993669601717297556?s=46",
    "title": "硬牛子 - 发发一号小狗的旧饭 嘴一根 穴一根是小狗的标配  @Xiaoxiaofoer @MitsumeDoji @OoniDevil",
    "uploader": "硬牛子",
    "username": "ynzhard_bro",
    "upload_date": "20251125",
    "duration": 33.566,
    "filesize": 6399230,
    "download_date": "2025-11-26 20:42:24"
  },
  {
    "number": 80,
    "filename": "80-桃桃🍑 - 这辈子以来最爽的一次！_00001.mp4",
    "url": "https://x.com/wdqhctt/status/1961800678168465724?s=46",
    "title": "桃桃🍑 - 这辈子以来最爽的一次！",
    "uploader": "桃桃🍑",
    "username": "wdqhcTt",
    "upload_date": "20250830",
    "duration": 40.066,
    "filesize": 3253308,
    "download_date": "2025-11-26 20:42:28"
  },
  {
    "number": 81,
    "filename": "81-佐佐 - wataa_00001.mp4",
    "url": "https://x.com/chennianjun22/status/1991116162432987190?s=46",
    "title": "佐佐 - wataa",
    "uploader": "佐佐",
    "username": "chennianjun22",
    "upload_date": "20251119",
    "duration": 10.263,
    "filesize": 468713,
    "download_date": "2025-11-26 20:42:31"
  },
  {
    "number": 82,
    "filename": "82-萌酱owo - wataa @BBBBTTTCC  @SexytoDoll  @SexytoGirl  @SexytoBaby_00001.mp4",
    "url": "https://x.com/mengjiang333/status/1993368706521743631?s=46",
    "title": "萌酱owo - wataa @BBBBTTTCC  @SexytoDoll  @SexytoGirl  @SexytoBaby",
    "uploader": "萌酱owo",
    "username": "mengjiang333",
    "upload_date": "20251125",
    "duration": 34.666,
    "filesize": 2925833,
    "download_date": "2025-11-28 00:39:49"
  },
  {
    "number": 83,
    "filename": "83-胡桃夹心 - Wataa💙 @Xiaoxiaofoer @MitsumeDoji @OoniDevil_00001.mp4",
    "url": "https://x.com/ll27836/status/1993954010848743642?s=46",
    "title": "胡桃夹心 - Wataa💙 @Xiaoxiaofoer @MitsumeDoji @OoniDevil",
    "uploader": "胡桃夹心",
    "username": "LL27836",
    "upload_date": "20251127",
    "duration": 70.466,
    "filesize": 9323833,
    "download_date": "2025-11-28 00:39:54"
  },
  {
    "number": 84,
    "filename": "84-萌酱owo - 没人理我我只能自己一个人自慰了😭 @BBBBTTTCC  @SexytoDoll  @SexytoGirl  @SexytoBaby_00001.mp4",
    "url": "https://x.com/mengjiang333/status/1994058389647953961?s=46",
    "title": "萌酱owo - 没人理我我只能自己一个人自慰了😭 @BBBBTTTCC  @SexytoDoll  @SexytoGirl  @SexytoBaby",
    "uploader": "萌酱owo",
    "username": "mengjiang333",
    "upload_date": "20251127",
    "duration": 115.356,
    "filesize": 7248328,
    "download_date": "2025-11-28 00:39:58"
  },
  {
    "number": 85,
    "filename": "85-ragdoll - 感觉横屏更有美感一些＞_＜_00001.mp4",
    "url": "https://x.com/armycc99/status/1993952684760801764?s=46",
    "title": "ragdoll - 感觉横屏更有美感一些＞_＜",
    "uploader": "ragdoll",
    "username": "ragdollnn",
    "upload_date": "20251126",
    "duration": 6.95,
    "filesize": 644583,
    "download_date": "2025-11-28 00:40:01"
  },
  {
    "number": 86,
    "filename": "86-绯红喵喵 - Wataa🐾_00001.mp4",
    "url": "https://x.com/xuejieranran/status/1994020103885869577?s=46",
    "title": "绯红喵喵 - Wataa🐾",
    "uploader": "绯红喵喵",
    "username": "FeihongM_M",
    "upload_date": "20251113",
    "duration": 54.805,
    "filesize": 5621697,
    "download_date": "2025-11-28 00:40:05"
  },
  {
    "number": 87,
    "filename": "87-狐狸精fox🦊 - Wataa🦊 #看姐姐鲍鱼嘛_00001.mp4",
    "url": "https://x.com/tx001_cc/status/1994024379609698726?s=46",
    "title": "狐狸精fox🦊 - Wataa🦊 #看姐姐鲍鱼嘛",
    "uploader": "狐狸精fox🦊",
    "username": "Mishuemo",
    "upload_date": "20250702",
    "duration": 5.666,
    "filesize": 277685,
    "download_date": "2025-11-28 00:40:07"
  },
  {
    "number": 88,
    "filename": "88-雯酱 - RT @szhlhhss： 怎么这么粗大，小穴塞的满满的，好喜欢这种小穴包裹着鸡鸡的感觉_00001.mp4",
    "url": "https://x.com/szhlhhss/status/1993969679782777163?s=46",
    "title": "雯酱 - RT @szhlhhss: 怎么这么粗大，小穴塞的满满的，好喜欢这种小穴包裹着鸡鸡的感觉",
    "uploader": "雯酱",
    "username": "szhlhhss",
    "upload_date": "20251127",
    "duration": 14.065,
    "filesize": 1895816,
    "download_date": "2025-11-28 00:40:11"
  },
  {
    "number": 89,
    "filename": "89-雯酱 - RT @szhlhhss： 这谁顶得住啊😤_00001.mp4",
    "url": "https://x.com/szhlhhss/status/1993969835181846852?s=46",
    "title": "雯酱 - RT @szhlhhss: 这谁顶得住啊😤",
    "uploader": "雯酱",
    "username": "szhlhhss",
    "upload_date": "20251127",
    "duration": 28.2,
    "filesize": 2452131,
    "download_date": "2025-11-28 00:40:15"
  },
  {
    "number": 90,
    "filename": "90-硬牛子 - 171小美（二）  大家觉得这个171小美的喘息声色不色 （本人是很色的在做饭了🫠）  @Xiaoxiaofoer @MitsumeDoj..._00001.mp4",
    "url": "https://x.com/ynzhard_bro/status/1991192999041097829?s=46",
    "title": "硬牛子 - 171小美（二）  大家觉得这个171小美的喘息声色不色 （本人是很色的在做饭了🫠）  @Xiaoxiaofoer @MitsumeDoj...",
    "uploader": "硬牛子",
    "username": "ynzhard_bro",
    "upload_date": "20251119",
    "duration": 25.2,
    "filesize": 3553010,
    "download_date": "2025-11-29 01:17:08"
  },
  {
    "number": 91,
    "filename": "91-硬牛子 - 发发一号小狗的旧饭 嘴一根 穴一根是小狗的标配  @Xiaoxiaofoer @MitsumeDoji @OoniDevil_00001.mp4",
    "url": "https://x.com/ynzhard_bro/status/1993195189406736841?s=46",
    "title": "硬牛子 - 发发一号小狗的旧饭 嘴一根 穴一根是小狗的标配  @Xiaoxiaofoer @MitsumeDoji @OoniDevil",
    "uploader": "硬牛子",
    "username": "ynzhard_bro",
    "upload_date": "20251125",
    "duration": 33.566,
    "filesize": 6399230,
    "download_date": "2025-11-29 01:17:13"
  },
  {
    "number": 92,
    "filename": "92-绯红喵喵 - Wataa🐾_00001.mp4",
    "url": "https://x.com/xuejieranran/status/1994377309324025866?s=46",
    "title": "绯红喵喵 - Wataa🐾",
    "uploader": "绯红喵喵",
    "username": "FeihongM_M",
    "upload_date": "20251112",
    "duration": 12.632,
    "filesize": 1458217,
    "download_date": "2025-11-29 01:17:16"
  },
  {
    "number": 93,
    "filename": "93-小小绘 - wataa_00001.mp4",
    "url": "https://x.com/armycc99/status/1994417664710861007?s=46",
    "title": "小小绘 - wataa",
    "uploader": "小小绘",
    "username": "0705huihui",
    "upload_date": "20251128",
    "duration": 11.466,
    "filesize": 711606,
    "download_date": "2025-11-29 01:17:20"
  },
  {
    "number": 94,
    "filename": "94-小小绘 - wataa_00001.mp4",
    "url": "https://x.com/0705huihui/status/1993641939623891398?s=46",
    "title": "小小绘 - wataa",
    "uploader": "小小绘",
    "username": "0705huihui",
    "upload_date": "20251126",
    "duration": 72.233,
    "filesize": 4551600,
    "download_date": "2025-11-29 01:17:23"
  },
  {
    "number": 95,
    "filename": "95-圣母 - RT @bllnl985： 先生，你也不想让夫人丢掉工作吧  @Xiaoxiaofoer @ToukaYuan  @MitsumeDoji_00001.mp4",
    "url": "https://x.com/bllnl985/status/1994425422810083573?s=46",
    "title": "圣母 - RT @bllnl985: 先生，你也不想让夫人丢掉工作吧  @Xiaoxiaofoer @ToukaYuan  @MitsumeDoji",
    "uploader": "圣母",
    "username": "bllnl985",
    "upload_date": "20251128",
    "duration": 16.4,
    "filesize": 776959,
    "download_date": "2025-11-29 01:17:27"
  },
  {
    "number": 96,
    "filename": "96-hong14868 - wataa  @ToBulma @ToBulaer  @KawasawaSen @BulmaList_00001.mp4",
    "url": "https://x.com/hong14868/status/1994431551724261584?s=46",
    "title": "hong14868 - wataa  @ToBulma @ToBulaer  @KawasawaSen @BulmaList",
    "uploader": "hong14868",
    "username": "hong14868",
    "upload_date": "20251108",
    "duration": 12.3,
    "filesize": 2751398,
    "download_date": "2025-11-29 01:17:30"
  },
  {
    "number": 97,
    "filename": "03-Barry Keane - https：⧸⧸t.co⧸EWt2LDT3L5_00001.mp4",
    "url": "https://x.com/keane_barry/status/2001010900233543845?s=46",
    "title": "Barry Keane - https://t.co/EWt2LDT3L5",
    "uploader": "Barry Keane",
    "username": "keane_barry",
    "upload_date": "20251216",
    "duration": 7.035,
    "filesize": 788167,
    "download_date": "2025-12-17 15:42:20"
  },
  {
    "number": 98,
    "filename": "04-Barry Keane - https：⧸⧸t.co⧸EWt2LDT3L5_00001.mp4",
    "url": "https://x.com/keane_barry/status/2001010900233543845?s=46",
    "title": "Barry Keane - https://t.co/EWt2LDT3L5",
    "uploader": "Barry Keane",
    "username": "keane_barry",
    "upload_date": "20251216",
    "duration": 7.035,
    "filesize": 788167,
    "download_date": "2025-12-17 15:42:47"
  },
  {
    "number": 99,
    "filename": "100-Barry Keane - https：⧸⧸t.co⧸EWt2LDT3L5_00001.mp4",
    "url": "https://x.com/keane_barry/status/2001010900233543845?s=46",
    "title": "Barry Keane - https://t.co/EWt2LDT3L5",
    "uploader": "Barry Keane",
    "username": "keane_barry",
    "upload_date": "20251216",
    "duration": 7.035,
    "filesize": 788167,
    "download_date": "2025-12-17 16:00:42"
  },
  {
    "number": 100,
    "filename": "101-SI3CF3VJf9OTVsNL_00001.mp4",
    "url": "https://t.co/bzOULbJcCq",
    "title": "SI3CF3VJf9OTVsNL",
    "uploader": "Unknown",
    "username": "Unknown",
    "upload_date": "20250523",
    "duration": 0,
    "filesize": 60683701,
    "download_date": "2025-12-17 16:00:51"
  },
  {
    "number": 101,
    "filename": "102-SI3CF3VJf9OTVsNL_00001.mp4",
    "url": "https://video.twimg.com/amplify_video/1925878790103658496/vid/avc1/1080x1920/SI3CF3VJf9OTVsNL.mp4",
    "title": "SI3CF3VJf9OTVsNL",
    "uploader": "Unknown",
    "username": "Unknown",
    "upload_date": "20250523",
    "duration": 0,
    "filesize": 60683701,
    "download_date": "2025-12-17 16:01:01"
  },
  {
    "number": 102,
    "filename": "192-vBpq0KcqJmS-ej80_00001.mp4",
    "url": "https://x.com/RaguelR99371/status/2001140995061375003?s=20",
    "title": "vBpq0KcqJmS-ej80",
    "uploader": "Unknown",
    "username": "Unknown",
    "upload_date": "20230822",
    "duration": 0,
    "filesize": 309587059,
    "download_date": "2025-12-17 22:08:55"
  },
  {
    "number": 103,
    "filename": "197-Barry Keane - https：⧸⧸t.co⧸EWt2LDT3L5_00001.mp4",
    "url": "https://x.com/keane_barry/status/2001010900233543845?s=46",
    "title": "Barry Keane - https://t.co/EWt2LDT3L5",
    "uploader": "Barry Keane",
    "username": "keane_barry",
    "upload_date": "20251216",
    "duration": 7.035,
    "filesize": 788167,
    "download_date": "2025-12-17 22:35:48"
  },
  {
    "number": 104,
    "filename": "198-SI3CF3VJf9OTVsNL_00001.mp4",
    "url": "https://t.co/bzOULbJcCq",
    "title": "SI3CF3VJf9OTVsNL",
    "uploader": "Unknown",
    "username": "Unknown",
    "upload_date": "20250523",
    "duration": 0,
    "filesize": 60683701,
    "download_date": "2025-12-17 22:36:08"
  },
  {
    "number": 105,
    "filename": "200-Barry Keane - https：⧸⧸t.co⧸EWt2LDT3L5_00001.mp4",
    "url": "https://x.com/keane_barry/status/2001010900233543845?s=46",
    "title": "Barry Keane - https://t.co/EWt2LDT3L5",
    "uploader": "Barry Keane",
    "username": "keane_barry",
    "upload_date": "20251216",
    "duration": 7.035,
    "filesize": 788167,
    "download_date": "2025-12-17 22:47:10"
  },
  {
    "number": 106,
    "filename": "203-vBpq0KcqJmS-ej80_00001.mp4",
    "url": "https://x.com/RaguelR99371/status/2001140995061375003?s=20",
    "title": "vBpq0KcqJmS-ej80",
    "uploader": "Unknown",
    "username": "Unknown",
    "upload_date": "20230822",
    "duration": 0,
    "filesize": 309587059,
    "download_date": "2025-12-17 22:52:54"
  },
  {
    "number": 107,
    "filename": "204-vBpq0KcqJmS-ej80_00001.mp4",
    "url": "https://x.com/RaguelR99371/status/2001140995061375003?s=20",
    "title": "vBpq0KcqJmS-ej80",
    "uploader": "Unknown",
    "username": "Unknown",
    "upload_date": "20230822",
    "duration": 0,
    "filesize": 309587059,
    "download_date": "2025-12-17 23:11:50"
  },
  {
    "number": 108,
    "filename": "205-vBpq0KcqJmS-ej80_00001.mp4",
    "url": "https://x.com/RaguelR99371/status/2001140995061375003?s=20",
    "title": "vBpq0KcqJmS-ej80",
    "uploader": "Unknown",
    "username": "Unknown",
    "upload_date": "20230822",
    "duration": 0,
    "filesize": 309587059,
    "download_date": "2025-12-17 23:18:31"
  },
  {
    "number": 109,
    "filename": "206-UeZ1ML9eYksw8hWa_00001.mp4",
    "url": "https://video.twimg.com/amplify_video/1836180891443564547/vid/avc1/1080x1920/UeZ1ML9eYksw8hWa.mp4",
    "title": "UeZ1ML9eYksw8hWa",
    "uploader": "Unknown",
    "username": "Unknown",
    "upload_date": "20240917",
    "duration": 0,
    "filesize": 9474761,
    "download_date": "2025-12-17 23:33:58"
  },
  {
    "number": 110,
    "filename": "207-stelle - Us at home after spending the whole day sending dirty texts to each o..._00001.mp4",
    "url": "https://x.com/fireflaww/status/2000756367213146459?s=46",
    "title": "stelle - Us at home after spending the whole day sending dirty texts to each o...",
    "uploader": "stelle",
    "username": "fireflaww",
    "upload_date": "20251216",
    "duration": 30.325,
    "filesize": 5005629,
    "download_date": "2025-12-17 23:43:41"
  },
  {
    "number": 111,
    "filename": "208-小姨 - Wataa_00001.mp4",
    "url": "https://x.com/xiaoyixinmang/status/2001177953754079570?s=46",
    "title": "小姨 - Wataa",
    "uploader": "小姨",
    "username": "xiaoyixinmang",
    "upload_date": "20251217",
    "duration": 21.966,
    "filesize": 3146000,
    "download_date": "2025-12-17 23:43:43"
  },
  {
    "number": 112,
    "filename": "209-小姨 - Wataa_00001.mp4",
    "url": "https://x.com/xiaoyixinmang/status/1999741931082203343?s=46",
    "title": "小姨 - Wataa",
    "uploader": "小姨",
    "username": "xiaoyixinmang",
    "upload_date": "20251213",
    "duration": 33.692,
    "filesize": 5687511,
    "download_date": "2025-12-17 23:43:45"
  },
  {
    "number": 113,
    "filename": "210-小姨 - Wataa_00001.mp4",
    "url": "https://x.com/xiaoyixinmang/status/1999098667647832399?s=46",
    "title": "小姨 - Wataa",
    "uploader": "小姨",
    "username": "xiaoyixinmang",
    "upload_date": "20251211",
    "duration": 22.198,
    "filesize": 4318050,
    "download_date": "2025-12-17 23:43:46"
  },
  {
    "number": 114,
    "filename": "211-小姨 - Wataa_00001.mp4",
    "url": "https://x.com/xiaoyixinmang/status/1995039259712262264?s=46",
    "title": "小姨 - Wataa",
    "uploader": "小姨",
    "username": "xiaoyixinmang",
    "upload_date": "20251130",
    "duration": 25.216,
    "filesize": 1597038,
    "download_date": "2025-12-17 23:43:48"
  },
  {
    "number": 115,
    "filename": "212-小姨 - Wataa_00001.mp4",
    "url": "https://x.com/xiaoyixinmang/status/1993952566527574401?s=46",
    "title": "小姨 - Wataa",
    "uploader": "小姨",
    "username": "xiaoyixinmang",
    "upload_date": "20251127",
    "duration": 38.103,
    "filesize": 5486619,
    "download_date": "2025-12-17 23:43:50"
  },
  {
    "number": 116,
    "filename": "213-小姨 - Wataa_00001.mp4",
    "url": "https://x.com/xiaoyixinmang/status/1992476635757703574?s=46",
    "title": "小姨 - Wataa",
    "uploader": "小姨",
    "username": "xiaoyixinmang",
    "upload_date": "20251123",
    "duration": 54.613,
    "filesize": 3350356,
    "download_date": "2025-12-17 23:43:52"
  },
  {
    "number": 117,
    "filename": "214-小姨 - Wataa_00001.mp4",
    "url": "https://x.com/xiaoyixinmang/status/1991502363807608899?s=46",
    "title": "小姨 - Wataa",
    "uploader": "小姨",
    "username": "xiaoyixinmang",
    "upload_date": "20251120",
    "duration": 24.589,
    "filesize": 2004592,
    "download_date": "2025-12-17 23:43:53"
  },
  {
    "number": 118,
    "filename": "215-小姨 - Wataa_00001.mp4",
    "url": "https://x.com/xiaoyixinmang/status/1990426460520395257?s=46",
    "title": "小姨 - Wataa",
    "uploader": "小姨",
    "username": "xiaoyixinmang",
    "upload_date": "20251117",
    "duration": 38.359,
    "filesize": 7661184,
    "download_date": "2025-12-17 23:43:56"
  },
  {
    "number": 119,
    "filename": "216-小姨 - Wataa_00001.mp4",
    "url": "https://x.com/xiaoyixinmang/status/1989347359776727400?s=46",
    "title": "小姨 - Wataa",
    "uploader": "小姨",
    "username": "xiaoyixinmang",
    "upload_date": "20251114",
    "duration": 22.778,
    "filesize": 4746331,
    "download_date": "2025-12-17 23:43:57"
  },
  {
    "number": 120,
    "filename": "217-小姨 - Wataa_00001.mp4",
    "url": "https://x.com/xiaoyixinmang/status/1988503166648815963?s=46",
    "title": "小姨 - Wataa",
    "uploader": "小姨",
    "username": "xiaoyixinmang",
    "upload_date": "20251112",
    "duration": 140.178,
    "filesize": 27964059,
    "download_date": "2025-12-17 23:44:06"
  },
  {
    "number": 121,
    "filename": "218-小姨 - Wataa_00001.mp4",
    "url": "https://x.com/xiaoyixinmang/status/1987126607023346130?s=46",
    "title": "小姨 - Wataa",
    "uploader": "小姨",
    "username": "xiaoyixinmang",
    "upload_date": "20251108",
    "duration": 53.313,
    "filesize": 12352721,
    "download_date": "2025-12-17 23:44:10"
  },
  {
    "number": 122,
    "filename": "219-小姨 - Wataa_00001.mp4",
    "url": "https://x.com/xiaoyixinmang/status/1986027830560637202?s=46",
    "title": "小姨 - Wataa",
    "uploader": "小姨",
    "username": "xiaoyixinmang",
    "upload_date": "20251105",
    "duration": 14.071,
    "filesize": 1809167,
    "download_date": "2025-12-17 23:44:12"
  },
  {
    "number": 123,
    "filename": "220-小姨 - Wataa_00001.mp4",
    "url": "https://x.com/xiaoyixinmang/status/1985287546155516390?s=46",
    "title": "小姨 - Wataa",
    "uploader": "小姨",
    "username": "xiaoyixinmang",
    "upload_date": "20251103",
    "duration": 73.955,
    "filesize": 2897323,
    "download_date": "2025-12-17 23:44:13"
  },
  {
    "number": 124,
    "filename": "221-小姨 - Wataa_00001.mp4",
    "url": "https://x.com/xiaoyixinmang/status/1984531331527909463?s=46",
    "title": "小姨 - Wataa",
    "uploader": "小姨",
    "username": "xiaoyixinmang",
    "upload_date": "20251101",
    "duration": 142.013,
    "filesize": 10375731,
    "download_date": "2025-12-17 23:44:17"
  },
  {
    "number": 125,
    "filename": "222-小姨 - Wataa_00001.mp4",
    "url": "https://x.com/xiaoyixinmang/status/1984164445078351892?s=46",
    "title": "小姨 - Wataa",
    "uploader": "小姨",
    "username": "xiaoyixinmang",
    "upload_date": "20251031",
    "duration": 7.174,
    "filesize": 408365,
    "download_date": "2025-12-17 23:44:19"
  },
  {
    "number": 126,
    "filename": "223-小姨 - Wataa_00001.mp4",
    "url": "https://x.com/xiaoyixinmang/status/1982385082049700095?s=46",
    "title": "小姨 - Wataa",
    "uploader": "小姨",
    "username": "xiaoyixinmang",
    "upload_date": "20251026",
    "duration": 31.114,
    "filesize": 5751134,
    "download_date": "2025-12-17 23:44:20"
  },
  {
    "number": 127,
    "filename": "224-小姨 - Wataa_00001.mp4",
    "url": "https://x.com/xiaoyixinmang/status/1981241255477858453?s=46",
    "title": "小姨 - Wataa",
    "uploader": "小姨",
    "username": "xiaoyixinmang",
    "upload_date": "20251023",
    "duration": 11.749,
    "filesize": 740458,
    "download_date": "2025-12-17 23:44:37"
  },
  {
    "number": 128,
    "filename": "225-小姨 - Wataa_00001.mp4",
    "url": "https://x.com/xiaoyixinmang/status/1980242409285140485?s=46",
    "title": "小姨 - Wataa",
    "uploader": "小姨",
    "username": "xiaoyixinmang",
    "upload_date": "20251020",
    "duration": 21.362,
    "filesize": 2214960,
    "download_date": "2025-12-17 23:44:39"
  },
  {
    "number": 129,
    "filename": "226-小姨 - Wataa_00001.mp4",
    "url": "https://x.com/xiaoyixinmang/status/1979149996084904282?s=46",
    "title": "小姨 - Wataa",
    "uploader": "小姨",
    "username": "xiaoyixinmang",
    "upload_date": "20251017",
    "duration": 55.147,
    "filesize": 5127304,
    "download_date": "2025-12-17 23:44:41"
  },
  {
    "number": 130,
    "filename": "227-小姨 - Wataa_00001.mp4",
    "url": "https://x.com/xiaoyixinmang/status/1973393233691418778?s=46",
    "title": "小姨 - Wataa",
    "uploader": "小姨",
    "username": "xiaoyixinmang",
    "upload_date": "20251001",
    "duration": 142.709,
    "filesize": 20243552,
    "download_date": "2025-12-17 23:44:48"
  },
  {
    "number": 131,
    "filename": "228-小姨 - Wataa_00001.mp4",
    "url": "https://x.com/xiaoyixinmang/status/1943191839697441270?s=46",
    "title": "小姨 - Wataa",
    "uploader": "小姨",
    "username": "xiaoyixinmang",
    "upload_date": "20250710",
    "duration": 56.053,
    "filesize": 5074263,
    "download_date": "2025-12-17 23:44:50"
  },
  {
    "number": 132,
    "filename": "229-小姨 - Chudai😻_00001.mp4",
    "url": "https://x.com/xiaoyixinmang/status/1934496684731711744?s=46",
    "title": "小姨 - Chudai😻",
    "uploader": "小姨",
    "username": "xiaoyixinmang",
    "upload_date": "20250616",
    "duration": 559.391,
    "filesize": 29877756,
    "download_date": "2025-12-17 23:44:59"
  },
  {
    "number": 133,
    "filename": "230-ABG@ - 此刻的小狗是多么可爱_00001.mp4",
    "url": "https://x.com/manlianxia53604/status/1888479960391954657?s=46",
    "title": "ABG@ - 此刻的小狗是多么可爱",
    "uploader": "ABG@",
    "username": "manlianxia53604",
    "upload_date": "20250209",
    "duration": 38.666,
    "filesize": 2082526,
    "download_date": "2025-12-17 23:50:53"
  },
  {
    "number": 134,
    "filename": "231-芮 - Wataa_00001.mp4",
    "url": "https://x.com/ruinabingbing/status/1987212187627364590?s=46",
    "title": "芮 - Wataa",
    "uploader": "芮",
    "username": "ruinabingbing",
    "upload_date": "20251108",
    "duration": 56.423,
    "filesize": 6623968,
    "download_date": "2025-12-18 00:02:25"
  },
  {
    "number": 135,
    "filename": "232-nini ౨ৎ - Wataa_00001.mp4",
    "url": "https://x.com/ninicherri/status/2000620436975919602?s=46",
    "title": "nini ౨ৎ - Wataa",
    "uploader": "nini ౨ৎ",
    "username": "ninicherri",
    "upload_date": "20251215",
    "duration": 7.066,
    "filesize": 1116691,
    "download_date": "2025-12-18 00:02:29"
  },
  {
    "number": 136,
    "filename": "233-nini ౨ৎ - camgirl fantasy_00001.mp4",
    "url": "https://x.com/ninicherri/status/2001057356742836727?s=46",
    "title": "nini ౨ৎ - camgirl fantasy",
    "uploader": "nini ౨ৎ",
    "username": "ninicherri",
    "upload_date": "20250819",
    "duration": 9.4,
    "filesize": 1182474,
    "download_date": "2025-12-18 00:02:33"
  },
  {
    "number": 137,
    "filename": "234-pavanbose85@yahoo.co - https：⧸⧸t.co⧸3xZ3WgIziv_00001.mp4",
    "url": "https://x.com/pavanbose1985/status/2001121327495954882?s=46",
    "title": "pavanbose85@yahoo.co - https://t.co/3xZ3WgIziv",
    "uploader": "pavanbose85@yahoo.co",
    "username": "pavanbose1985",
    "upload_date": "20251217",
    "duration": 49.388,
    "filesize": 13912308,
    "download_date": "2025-12-18 00:02:40"
  },
  {
    "number": 138,
    "filename": "235-claudia - Wataa (yes they are natural)_00001.mp4",
    "url": "https://x.com/kittenasff/status/2000983669381472395?s=46",
    "title": "claudia - Wataa (yes they are natural)",
    "uploader": "claudia",
    "username": "claudiaamarinae",
    "upload_date": "20251215",
    "duration": 5.158,
    "filesize": 1236391,
    "download_date": "2025-12-18 00:02:45"
  },
  {
    "number": 139,
    "filename": "236-Fernanda - https：⧸⧸t.co⧸5CgrG7bCCI_00001.mp4",
    "url": "https://x.com/fernand94593768/status/2000970220153004419?s=46",
    "title": "Fernanda - https://t.co/5CgrG7bCCI",
    "uploader": "Fernanda",
    "username": "Fernand94593768",
    "upload_date": "20251216",
    "duration": 43.281,
    "filesize": 9190765,
    "download_date": "2025-12-18 00:02:51"
  },
  {
    "number": 140,
    "filename": "237-cathbye ｜ FREE FANSLY - chudai？_00001.mp4",
    "url": "https://x.com/kittenasff/status/2000983867524833791?s=46",
    "title": "cathbye | FREE FANSLY - chudai?",
    "uploader": "cathbye | FREE FANSLY",
    "username": "cathbye",
    "upload_date": "20251215",
    "duration": 7.1,
    "filesize": 424393,
    "download_date": "2025-12-18 00:02:56"
  },
  {
    "number": 141,
    "filename": "238-Brandy Brown - https：⧸⧸t.co⧸hAUWfSXhCN_00001.mp4",
    "url": "https://x.com/brandybrow33184/status/2000890822238331026?s=46",
    "title": "Brandy Brown - https://t.co/hAUWfSXhCN",
    "uploader": "Brandy Brown",
    "username": "BrandyBrow33184",
    "upload_date": "20251216",
    "duration": 7.058,
    "filesize": 748572,
    "download_date": "2025-12-18 00:03:00"
  },
  {
    "number": 142,
    "filename": "239-ᴴᴬᴸᴰʳᵘᵐˢ⛧⁽ᶜⱽᴸᵀᴱ⁾ - https：⧸⧸t.co⧸DsNk7quGO8_00001.mp4",
    "url": "https://x.com/halcvlte/status/2001208569476325819?s=46",
    "title": "ᴴᴬᴸᴰʳᵘᵐˢ⛧⁽ᶜⱽᴸᵀᴱ⁾ - https://t.co/DsNk7quGO8",
    "uploader": "ᴴᴬᴸᴰʳᵘᵐˢ⛧⁽ᶜⱽᴸᵀᴱ⁾",
    "username": "halcvlte",
    "upload_date": "20251217",
    "duration": 7.801,
    "filesize": 464731,
    "download_date": "2025-12-18 00:03:03"
  },
  {
    "number": 143,
    "filename": "240-奶椰西米露 - Wataa🎀_00001.mp4",
    "url": "https://x.com/naiyeximilu/status/1994617315732635958?s=46",
    "title": "奶椰西米露 - Wataa🎀",
    "uploader": "奶椰西米露",
    "username": "Naiyeximilu",
    "upload_date": "20251129",
    "duration": 2309.34,
    "filesize": 129515349,
    "download_date": "2025-12-18 00:03:53"
  },
  {
    "number": 144,
    "filename": "241-FTjUjw4vWm_Ecio-_00001.mp4",
    "url": "https://video.twimg.com/amplify_video/1954485385037594624/vid/avc1/320x528/FTjUjw4vWm_Ecio-.mp4",
    "title": "FTjUjw4vWm_Ecio-",
    "uploader": "Unknown",
    "username": "Unknown",
    "upload_date": "20250810",
    "duration": 0,
    "filesize": 330947,
    "download_date": "2025-12-18 00:03:56"
  },
  {
    "number": 145,
    "filename": "242-leehan - vcs_00001.mp4",
    "url": "https://x.com/hourvay/status/2001283495415652770?s=46",
    "title": "leehan - vcs",
    "uploader": "leehan",
    "username": "hourvay",
    "upload_date": "20251217",
    "duration": 5.688,
    "filesize": 275027,
    "download_date": "2025-12-18 00:03:58"
  },
  {
    "number": 146,
    "filename": "243-Vivi - https：⧸⧸t.co⧸5jj9G4rXaO_00001.mp4",
    "url": "https://x.com/vviwnne/status/2000991174195052606?s=46",
    "title": "Vivi - https://t.co/5jj9G4rXaO",
    "uploader": "Vivi",
    "username": "vviwnne",
    "upload_date": "20251216",
    "duration": 17.549,
    "filesize": 4214574,
    "download_date": "2025-12-18 06:42:10"
  },
  {
    "number": 147,
    "filename": "244-Zaina (selling) - can i ride you like this？ Tip me to get full video_00001.mp4",
    "url": "https://x.com/beeansfw/status/1960790466636497033?s=46",
    "title": "Zaina (selling) - can i ride you like this? Tip me to get full video",
    "uploader": "Zaina (selling)",
    "username": "beeansfw",
    "upload_date": "20250827",
    "duration": 13.472,
    "filesize": 1074996,
    "download_date": "2025-12-18 06:42:13"
  },
  {
    "number": 148,
    "filename": "245-4iYAxGwBgyzJ84Ey_00001.mp4",
    "url": "https://video.twimg.com/amplify_video/1906656822792237057/vid/avc1/1920x1080/4iYAxGwBgyzJ84Ey.mp4?tag=16",
    "title": "4iYAxGwBgyzJ84Ey",
    "uploader": "Unknown",
    "username": "Unknown",
    "upload_date": "20250331",
    "duration": 0,
    "filesize": 119042722,
    "download_date": "2025-12-19 02:01:24"
  },
  {
    "number": 149,
    "filename": "246-soleilretro ($7 OF) ₊˚⊹♡ - hi ：p_00001.mp4",
    "url": "https://x.com/soleilretro_/status/1993393134253097239?s=46",
    "title": "soleilretro ($7 OF) ₊˚⊹♡ - hi :p",
    "uploader": "soleilretro ($7 OF) ₊˚⊹♡",
    "username": "soleilretro_",
    "upload_date": "20251125",
    "duration": 3.866,
    "filesize": 768033,
    "download_date": "2025-12-19 02:01:28"
  },
  {
    "number": 150,
    "filename": "247-小野猫~百乐集 - 身材完美的女学生进行乳交、足交和各种舔阴，包括中出特写 ~妹子这身材条件简直太顶了~  （主页还有更多精彩视频）  投稿💌： @Sexyt..._00001.mp4",
    "url": "https://x.com/xiaoyemaoblj/status/1907278817829453934?s=46",
    "title": "小野猫~百乐集 - 身材完美的女学生进行乳交、足交和各种舔阴，包括中出特写 ~妹子这身材条件简直太顶了~  （主页还有更多精彩视频）  投稿💌： @Sexyt...",
    "uploader": "小野猫~百乐集",
    "username": "xiaoyemaoblj",
    "upload_date": "20250402",
    "duration": 1654.866,
    "filesize": 140389139,
    "download_date": "2025-12-19 02:02:25"
  },
  {
    "number": 151,
    "filename": "248-小野猫~百乐集 - 幼女的曼妙身材 巨屌插入妹子嫩穴 惨叫连连 #嫩妹 #学生 #清纯  关注小野猫 定期分享不一样的成人视频_00001.mp4",
    "url": "https://x.com/xiaoyemaoblj/status/1990396874952454626?s=46",
    "title": "小野猫~百乐集 - 幼女的曼妙身材 巨屌插入妹子嫩穴 惨叫连连 #嫩妹 #学生 #清纯  关注小野猫 定期分享不一样的成人视频",
    "uploader": "小野猫~百乐集",
    "username": "xiaoyemaoblj",
    "upload_date": "20251117",
    "duration": 422.933,
    "filesize": 58667542,
    "download_date": "2025-12-19 02:04:51"
  },
  {
    "number": 152,
    "filename": "249-240316 - #厕拍 #嫩妹 #尿尿 #白袜 白袜配小嫩鲍，太有了！_00001.mp4",
    "url": "https://x.com/1002xb/status/2000950124663726409?s=46",
    "title": "240316 - #厕拍 #嫩妹 #尿尿 #白袜 白袜配小嫩鲍，太有了！",
    "uploader": "240316",
    "username": "1002xb",
    "upload_date": "20251216",
    "duration": 54.0,
    "filesize": 6555423,
    "download_date": "2025-12-19 02:04:55"
  },
  {
    "number": 153,
    "filename": "250-关键词 - 刚成年的小女生还是太羞涩了 #女高 #小狗调教_00001.mp4",
    "url": "https://x.com/xiaokk00/status/2000859337728880782?s=46",
    "title": "关键词 - 刚成年的小女生还是太羞涩了 #女高 #小狗调教",
    "uploader": "关键词",
    "username": "xiaokk00",
    "upload_date": "20251216",
    "duration": 10.421,
    "filesize": 768325,
    "download_date": "2025-12-19 02:31:59"
  },
  {
    "number": 154,
    "filename": "251-关键词 - #女大学生反差 #小狗日记 #m #后入 #无套打桩_00001.mp4",
    "url": "https://x.com/xiaokk00/status/1926137578006200769?s=46",
    "title": "关键词 - #女大学生反差 #小狗日记 #m #后入 #无套打桩",
    "uploader": "关键词",
    "username": "xiaokk00",
    "upload_date": "20250524",
    "duration": 42.358,
    "filesize": 3704416,
    "download_date": "2025-12-19 02:32:03"
  },
  {
    "number": 155,
    "filename": "252-加一 - wataa_00001.mp4",
    "url": "https://x.com/onlylovesun0712/status/2001625171552276624?s=46",
    "title": "加一 - wataa",
    "uploader": "加一",
    "username": "jiayi0652",
    "upload_date": "20251218",
    "duration": 4.166,
    "filesize": 363679,
    "download_date": "2025-12-19 02:32:06"
  },
  {
    "number": 156,
    "filename": "253-美羊羊桑ii - 做春梦了 谁懂啊  醒了就湿了🥹🥹  #女高中生   #反差女大    #女高_00001.mp4",
    "url": "https://x.com/ccz243215498210/status/1994949857182904584?s=46",
    "title": "美羊羊桑ii - 做春梦了 谁懂啊  醒了就湿了🥹🥹  #女高中生   #反差女大    #女高",
    "uploader": "美羊羊桑ii",
    "username": "ccz243215498210",
    "upload_date": "20251130",
    "duration": 11.25,
    "filesize": 1059944,
    "download_date": "2025-12-19 02:32:30"
  },
  {
    "number": 157,
    "filename": "254-小野猫~百乐集 - 在街边搭讪了一个萝莉 小女孩的逼果然又紧又粉嫩  #学生 #清纯 #粉嫩 #无套内射  关注小野猫 定期分享不一样的成人视频_00001.mp4",
    "url": "https://x.com/xiaoyemaoblj/status/1991399109790777670?s=46",
    "title": "小野猫~百乐集 - 在街边搭讪了一个萝莉 小女孩的逼果然又紧又粉嫩  #学生 #清纯 #粉嫩 #无套内射  关注小野猫 定期分享不一样的成人视频",
    "uploader": "小野猫~百乐集",
    "username": "xiaoyemaoblj",
    "upload_date": "20251120",
    "duration": 644.133,
    "filesize": 55333383,
    "download_date": "2025-12-19 02:33:02"
  },
  {
    "number": 158,
    "filename": "255-小野猫~百乐集 - 刚上大一的学生穿上黑丝 展示嫩穴 🤪🤪 #学生 #黑丝 #白虎 #嫩穴   点赞关注不迷路  每天分享第一超绝成人资源_00001.mp4",
    "url": "https://x.com/xiaoyemaoblj/status/1966350645050716403?s=46",
    "title": "小野猫~百乐集 - 刚上大一的学生穿上黑丝 展示嫩穴 🤪🤪 #学生 #黑丝 #白虎 #嫩穴   点赞关注不迷路  每天分享第一超绝成人资源",
    "uploader": "小野猫~百乐集",
    "username": "xiaoyemaoblj",
    "upload_date": "20250912",
    "duration": 119.7,
    "filesize": 38787273,
    "download_date": "2025-12-19 02:33:20"
  },
  {
    "number": 159,
    "filename": "256-玩偶姐姐 𝕏 - 高潮后颤抖的身体🥵🥵🥵_00001.mp4",
    "url": "https://x.com/wanoujiejier/status/2001649247591240135?s=46",
    "title": "玩偶姐姐 𝕏 - 高潮后颤抖的身体🥵🥵🥵",
    "uploader": "玩偶姐姐 𝕏",
    "username": "Wanoujiejier",
    "upload_date": "20250906",
    "duration": 36.533,
    "filesize": 2298998,
    "download_date": "2025-12-19 02:33:23"
  },
  {
    "number": 160,
    "filename": "257-玩偶姐姐 𝕏 - Wataa🍑 漏了漏了尿漏了 哈哈哈🤣_00001.mp4",
    "url": "https://x.com/wanoujiejier/status/1991153926025159002?s=46",
    "title": "玩偶姐姐 𝕏 - Wataa🍑 漏了漏了尿漏了 哈哈哈🤣",
    "uploader": "玩偶姐姐 𝕏",
    "username": "Wanoujiejier",
    "upload_date": "20251119",
    "duration": 19.62,
    "filesize": 4915681,
    "download_date": "2025-12-19 02:33:27"
  },
  {
    "number": 161,
    "filename": "258-🥝 Kiwi anime 🥝 - https：⧸⧸t.co⧸IEVbXsUuHE_00001.mp4",
    "url": "https://x.com/waifukiwi/status/1925309027711336482?s=46",
    "title": "🥝 Kiwi anime 🥝 - https://t.co/IEVbXsUuHE",
    "uploader": "🥝 Kiwi anime 🥝",
    "username": "Waifukiwi",
    "upload_date": "20250521",
    "duration": 90.163,
    "filesize": 5393553,
    "download_date": "2025-12-19 02:33:31"
  },
  {
    "number": 162,
    "filename": "259-糖心Vlog官方 - Wataa🩷 #糖心Vlog #乘骑 #母狗_00001.mp4",
    "url": "https://x.com/tangxinviog/status/2001235421158920659?s=46",
    "title": "糖心Vlog官方 - Wataa🩷 #糖心Vlog #乘骑 #母狗",
    "uploader": "糖心Vlog官方",
    "username": "TangxinVIog",
    "upload_date": "20251217",
    "duration": 1341.857,
    "filesize": 259048408,
    "download_date": "2025-12-19 02:34:52"
  },
  {
    "number": 163,
    "filename": "260-玩偶姐姐 𝕏 - Wataa🍑 好白的iPhone17ProMax😳_00001.mp4",
    "url": "https://x.com/wanoujiejier/status/1998346692568224018?s=46",
    "title": "玩偶姐姐 𝕏 - Wataa🍑 好白的iPhone17ProMax😳",
    "uploader": "玩偶姐姐 𝕏",
    "username": "Wanoujiejier",
    "upload_date": "20251209",
    "duration": 16.555,
    "filesize": 1250317,
    "download_date": "2025-12-19 02:35:05"
  },
  {
    "number": 164,
    "filename": "261-玩偶姐姐 𝕏 - Wataa🍑 舔爽到漏尿 打码差评😅_00001.mp4",
    "url": "https://x.com/wanoujiejier/status/1997985996395499522?s=46",
    "title": "玩偶姐姐 𝕏 - Wataa🍑 舔爽到漏尿 打码差评😅",
    "uploader": "玩偶姐姐 𝕏",
    "username": "Wanoujiejier",
    "upload_date": "20251208",
    "duration": 35.292,
    "filesize": 1927468,
    "download_date": "2025-12-19 02:35:08"
  },
  {
    "number": 165,
    "filename": "262-oscar - this would fix me right now_00001.mp4",
    "url": "https://x.com/_booty/status/2001409381695414487?s=46",
    "title": "oscar - this would fix me right now",
    "uploader": "oscar",
    "username": "_booty",
    "upload_date": "20251217",
    "duration": 29.812,
    "filesize": 3679734,
    "download_date": "2025-12-19 02:35:19"
  },
  {
    "number": 166,
    "filename": "263-BTleaks - https：⧸⧸t.co⧸kvQhDYWU8h_00001.mp4",
    "url": "https://x.com/btleaks/status/1971927336510804080?s=46",
    "title": "BTleaks - https://t.co/kvQhDYWU8h",
    "uploader": "BTleaks",
    "username": "BTleaks",
    "upload_date": "20250927",
    "duration": 365.9,
    "filesize": 27541830,
    "download_date": "2025-12-19 02:35:37"
  },
  {
    "number": 167,
    "filename": "264-stelle - You are crying but you are so wet down there_00001.mp4",
    "url": "https://x.com/fireflaww/status/1969350859323502655?s=46",
    "title": "stelle - You are crying but you are so wet down there",
    "uploader": "stelle",
    "username": "fireflaww",
    "upload_date": "20250920",
    "duration": 460.033,
    "filesize": 118150292,
    "download_date": "2025-12-19 02:36:19"
  },
  {
    "number": 168,
    "filename": "265-miru ｜ NSFW - #nsfwtwt_00001.mp4",
    "url": "https://x.com/mirubabe/status/1879467799871180845?s=46",
    "title": "miru | NSFW - #nsfwtwt",
    "uploader": "miru | NSFW",
    "username": "mirubabe",
    "upload_date": "20250115",
    "duration": 4.746,
    "filesize": 254297,
    "download_date": "2025-12-19 02:36:22"
  },
  {
    "number": 169,
    "filename": "266-おかず屋さん - 👈👆👉👇_00001.mp4",
    "url": "https://x.com/oakzuokazu/status/1988532540794110391?s=46",
    "title": "おかず屋さん - 👈👆👉👇",
    "uploader": "おかず屋さん",
    "username": "oakzuokazu",
    "upload_date": "20251112",
    "duration": 2764.233,
    "filesize": 384642804,
    "download_date": "2025-12-19 02:38:39"
  },
  {
    "number": 170,
    "filename": "267-oscar - shy girls make the best secret sluts_00001.mp4",
    "url": "https://x.com/_booty/status/1999282950114840685?s=46",
    "title": "oscar - shy girls make the best secret sluts",
    "uploader": "oscar",
    "username": "_booty",
    "upload_date": "20251212",
    "duration": 92.266,
    "filesize": 6763873,
    "download_date": "2025-12-19 02:38:43"
  },
  {
    "number": 171,
    "filename": "268-少雨決行☔️ - ❄️_00001.mp4",
    "url": "https://x.com/oi88e10369/status/1995136752881963430?s=46",
    "title": "少雨決行☔️ - ❄️",
    "uploader": "少雨決行☔️",
    "username": "oi88e10369",
    "upload_date": "20251130",
    "duration": 140.61,
    "filesize": 11836766,
    "download_date": "2025-12-19 02:38:49"
  },
  {
    "number": 172,
    "filename": "269-少雨決行☔️ - ☂️_00001.mp4",
    "url": "https://x.com/oi88e10369/status/2001643124104536201?s=46",
    "title": "少雨決行☔️ - ☂️",
    "uploader": "少雨決行☔️",
    "username": "oi88e10369",
    "upload_date": "20251218",
    "duration": 137.3,
    "filesize": 8041515,
    "download_date": "2025-12-19 02:38:53"
  },
  {
    "number": 173,
    "filename": "270-temptasian (+18) - https：⧸⧸t.co⧸WUVhvvFlEr_00001.mp4",
    "url": "https://x.com/temptasiannsfw/status/1987055483807568105?s=46",
    "title": "temptasian (+18) - https://t.co/WUVhvvFlEr",
    "uploader": "temptasian (+18)",
    "username": "temptasiannsfw",
    "upload_date": "20251108",
    "duration": 432.666,
    "filesize": 35143529,
    "download_date": "2025-12-19 02:39:10"
  },
  {
    "number": 174,
    "filename": "271-Cum Bunny - https：⧸⧸t.co⧸oceLBIt2oz_00001.mp4",
    "url": "https://x.com/cumbunnyxxx/status/1999104843365937553?s=46",
    "title": "Cum Bunny - https://t.co/oceLBIt2oz",
    "uploader": "Cum Bunny",
    "username": "CumBunnyXXX",
    "upload_date": "20251211",
    "duration": 536.055,
    "filesize": 30886670,
    "download_date": "2025-12-19 02:39:22"
  },
  {
    "number": 175,
    "filename": "272-rico. - So hot 🫣  guy： @_fighterr_00001.mp4",
    "url": "https://x.com/rico___mm/status/1996169637684461727?s=46",
    "title": "rico. - So hot 🫣  guy: @_fighterr",
    "uploader": "rico.",
    "username": "rico___mm",
    "upload_date": "20251203",
    "duration": 92.833,
    "filesize": 29778061,
    "download_date": "2025-12-19 02:39:37"
  },
  {
    "number": 176,
    "filename": "273-miru ｜ NSFW - pov your needy perv gf gets so wet just from grinding on you_00001.mp4",
    "url": "https://x.com/mirubabe/status/1927964169359217098?s=46",
    "title": "miru | NSFW - pov your needy perv gf gets so wet just from grinding on you",
    "uploader": "miru | NSFW",
    "username": "mirubabe",
    "upload_date": "20250529",
    "duration": 6.433,
    "filesize": 690231,
    "download_date": "2025-12-19 02:39:40"
  },
  {
    "number": 177,
    "filename": "274-尤川 - wataa @Xiaoxiaofoer @MitsumeDoji @OoniDevil @taohuabang_00001.mp4",
    "url": "https://x.com/capitalmen_/status/2000095910047703411?s=46",
    "title": "尤川 - wataa @Xiaoxiaofoer @MitsumeDoji @OoniDevil @taohuabang",
    "uploader": "尤川",
    "username": "CapitalMen_",
    "upload_date": "20251214",
    "duration": 67.918,
    "filesize": 5314672,
    "download_date": "2025-12-19 02:39:44"
  },
  {
    "number": 178,
    "filename": "275-MALONG先生 - Wataa  @Xiaoxiaofoer  @MitsumeDoji  @OoniDevil @TaoHuaBang_00001.mp4",
    "url": "https://x.com/malongxs/status/2000577009966108829?s=46",
    "title": "MALONG先生 - Wataa  @Xiaoxiaofoer  @MitsumeDoji  @OoniDevil @TaoHuaBang",
    "uploader": "MALONG先生",
    "username": "MALONGXS",
    "upload_date": "20251215",
    "duration": 105.103,
    "filesize": 4751317,
    "download_date": "2025-12-19 02:39:48"
  },
  {
    "number": 179,
    "filename": "276-是丫头呀 - 我说话算数哦，今晚单男爸爸给我剃完毛之后我真的随便让他玩喽，先是给他口爆吃精一次，再被内射，然后把我骚屄扣的连续高潮喷水，最后他又尿尿给我..._00001.mp4",
    "url": "https://x.com/suytyaqq/status/2001625891517141104?s=46",
    "title": "是丫头呀 - 我说话算数哦，今晚单男爸爸给我剃完毛之后我真的随便让他玩喽，先是给他口爆吃精一次，再被内射，然后把我骚屄扣的连续高潮喷水，最后他又尿尿给我...",
    "uploader": "是丫头呀",
    "username": "SuytyaQq",
    "upload_date": "20251218",
    "duration": 39.166,
    "filesize": 6341779,
    "download_date": "2025-12-19 02:40:01"
  },
  {
    "number": 180,
    "filename": "277-Duvet - 餐厅包厢露出篇~ @Xiaoxiaofoer  @MitsumeDoji  @OoniDevil  @TaoHuaBang_00001.mp4",
    "url": "https://x.com/gniy666/status/2000888613995995596?s=46",
    "title": "Duvet - 餐厅包厢露出篇~ @Xiaoxiaofoer  @MitsumeDoji  @OoniDevil  @TaoHuaBang",
    "uploader": "Duvet",
    "username": "Gniy666",
    "upload_date": "20251216",
    "duration": 6.966,
    "filesize": 415137,
    "download_date": "2025-12-19 02:40:24"
  },
  {
    "number": 181,
    "filename": "278-尤川 - 有腹肌的女生好嫩 @Xiaoxiaofoer @MitsumeDoji @OoniDevil @taohuabang_00001.mp4",
    "url": "https://x.com/capitalmen_/status/2000821670387573166?s=46",
    "title": "尤川 - 有腹肌的女生好嫩 @Xiaoxiaofoer @MitsumeDoji @OoniDevil @taohuabang",
    "uploader": "尤川",
    "username": "CapitalMen_",
    "upload_date": "20251216",
    "duration": 119.582,
    "filesize": 8698815,
    "download_date": "2025-12-19 02:40:29"
  },
  {
    "number": 182,
    "filename": "279-猫姬里子 - wataa🥵  @Xiaoxiaofoer  @MitsumeDoji  @OoniDevil @TaoHuaBang_00001.mp4",
    "url": "https://x.com/reunnn2/status/1999834861524459875?s=46",
    "title": "猫姬里子 - wataa🥵  @Xiaoxiaofoer  @MitsumeDoji  @OoniDevil @TaoHuaBang",
    "uploader": "猫姬里子",
    "username": "Reunnn2",
    "upload_date": "20251213",
    "duration": 14.071,
    "filesize": 1892844,
    "download_date": "2025-12-19 02:40:33"
  },
  {
    "number": 183,
    "filename": "280-𝚖𝚊𝚢𝚋𝚎 𝚕𝚎𝚗𝚊🐾 - ur favorite helper elf ：D_00001.mp4",
    "url": "https://x.com/swoftlena/status/2001357116519657877?s=46",
    "title": "𝚖𝚊𝚢𝚋𝚎 𝚕𝚎𝚗𝚊🐾 - ur favorite helper elf :D",
    "uploader": "𝚖𝚊𝚢𝚋𝚎 𝚕𝚎𝚗𝚊🐾",
    "username": "swoftlena",
    "upload_date": "20251217",
    "duration": 8.533,
    "filesize": 913316,
    "download_date": "2025-12-19 02:40:36"
  },
  {
    "number": 184,
    "filename": "281-玩偶姐姐 𝕏 - Wataa🍑 开闸放水名场面 真猛🥵_00001.mp4",
    "url": "https://x.com/wanoujiejier/status/1990443127912681680?s=46",
    "title": "玩偶姐姐 𝕏 - Wataa🍑 开闸放水名场面 真猛🥵",
    "uploader": "玩偶姐姐 𝕏",
    "username": "Wanoujiejier",
    "upload_date": "20251117",
    "duration": 20.066,
    "filesize": 1514250,
    "download_date": "2025-12-19 02:40:39"
  },
  {
    "number": 185,
    "filename": "282-마음함.nsfw - https：⧸⧸t.co⧸wNYSOkr1YT_00001.mp4",
    "url": "https://x.com/myp0rny/status/1996875467975225620?s=46",
    "title": "마음함.nsfw - https://t.co/wNYSOkr1YT",
    "uploader": "마음함.nsfw",
    "username": "myp0rny",
    "upload_date": "20251205",
    "duration": 48.333,
    "filesize": 1854149,
    "download_date": "2025-12-19 02:40:43"
  },
  {
    "number": 186,
    "filename": "283-阳布布鸭 - Chudai💞_00001.mp4",
    "url": "https://x.com/1yangbubuya/status/1936751829792198743?s=46",
    "title": "阳布布鸭 - Chudai💞",
    "uploader": "阳布布鸭",
    "username": "1yangbubuya",
    "upload_date": "20250622",
    "duration": 140.011,
    "filesize": 12235115,
    "download_date": "2025-12-19 02:40:48"
  },
  {
    "number": 187,
    "filename": "284-玩偶姐姐 𝕏 - Wataa🍑 这算进去了还是没进去🤔_00001.mp4",
    "url": "https://x.com/wanoujiejier/status/2001690810220474576?s=46",
    "title": "玩偶姐姐 𝕏 - Wataa🍑 这算进去了还是没进去🤔",
    "uploader": "玩偶姐姐 𝕏",
    "username": "Wanoujiejier",
    "upload_date": "20251111",
    "duration": 58.165,
    "filesize": 7851760,
    "download_date": "2025-12-19 02:40:52"
  },
  {
    "number": 188,
    "filename": "285-Mia Miku - wataa_00001.mp4",
    "url": "https://x.com/petiteviiv/status/2001656951500075411?s=46",
    "title": "Mia Miku - wataa",
    "uploader": "Mia Miku",
    "username": "Mia_miiku",
    "upload_date": "20251217",
    "duration": 7.151,
    "filesize": 720914,
    "download_date": "2025-12-19 02:40:55"
  },
  {
    "number": 189,
    "filename": "286-Mia Miku - wataa_00001.mp4",
    "url": "https://x.com/mia_miiku/status/1997407985480368514?s=46",
    "title": "Mia Miku - wataa",
    "uploader": "Mia Miku",
    "username": "Mia_miiku",
    "upload_date": "20251206",
    "duration": 16.233,
    "filesize": 1055534,
    "download_date": "2025-12-19 02:40:58"
  },
  {
    "number": 190,
    "filename": "287-🍓草莓老师🍓 - Wataa_00001.mp4",
    "url": "https://x.com/onlylovesun0712/status/2001625653976928272?s=46",
    "title": "🍓草莓老师🍓 - Wataa",
    "uploader": "🍓草莓老师🍓",
    "username": "Onlylovesun0712",
    "upload_date": "20251119",
    "duration": 15.766,
    "filesize": 412454,
    "download_date": "2025-12-19 02:41:15"
  },
  {
    "number": 191,
    "filename": "288-🌶️ - me after seeing my dms 🫠 #dildo #pussy #goonette #nsfw_00001.mp4",
    "url": "https://x.com/nighttimeneeds/status/1999993497437221066?s=46",
    "title": "🌶️ - me after seeing my dms 🫠 #dildo #pussy #goonette #nsfw",
    "uploader": "🌶️",
    "username": "nighttimeneeds",
    "upload_date": "20251214",
    "duration": 22.737,
    "filesize": 1204391,
    "download_date": "2025-12-19 02:41:28"
  },
  {
    "number": 192,
    "filename": "289-meow 🐬🦈🐠 - that being said a lady with a nice tight tummy and some perkalicious ..._00001.mp4",
    "url": "https://x.com/verycloudyday/status/1986313296211816837?s=46",
    "title": "meow 🐬🦈🐠 - that being said a lady with a nice tight tummy and some perkalicious ...",
    "uploader": "meow 🐬🦈🐠",
    "username": "verycloudyday",
    "upload_date": "20251106",
    "duration": 19.6,
    "filesize": 2029685,
    "download_date": "2025-12-19 02:41:32"
  },
  {
    "number": 193,
    "filename": "290-🌶️ - i need a caretaker like this 🫠🫠 #nsfwtwt #goonette #pussy_00001.mp4",
    "url": "https://x.com/nighttimeneeds/status/1992030130622136833?s=46",
    "title": "🌶️ - i need a caretaker like this 🫠🫠 #nsfwtwt #goonette #pussy",
    "uploader": "🌶️",
    "username": "nighttimeneeds",
    "upload_date": "20251122",
    "duration": 14.371,
    "filesize": 3107449,
    "download_date": "2025-12-19 02:41:35"
  },
  {
    "number": 194,
    "filename": "291-Marichka Honey ❅ - wataa_00001.mp4",
    "url": "https://x.com/mia_miiku/status/2001643636673729004?s=46",
    "title": "Marichka Honey ❅ - wataa",
    "uploader": "Marichka Honey ❅",
    "username": "Marichka_Keye",
    "upload_date": "20251204",
    "duration": 8.8,
    "filesize": 795060,
    "download_date": "2025-12-19 02:41:39"
  },
  {
    "number": 195,
    "filename": "292-🌶️ - my love language #nsfwtwt #pussy #goonette_00001.mp4",
    "url": "https://x.com/nighttimeneeds/status/1992716128028880915?s=46",
    "title": "🌶️ - my love language #nsfwtwt #pussy #goonette",
    "uploader": "🌶️",
    "username": "nighttimeneeds",
    "upload_date": "20251123",
    "duration": 15.23,
    "filesize": 959724,
    "download_date": "2025-12-19 02:41:42"
  },
  {
    "number": 196,
    "filename": "293-meow 🐬🦈🐠 - not gonna lie yall i made the videos but it didn’t feel very good 😭😭😭..._00001.mp4",
    "url": "https://x.com/verycloudyday/status/1982933232397291836?s=46",
    "title": "meow 🐬🦈🐠 - not gonna lie yall i made the videos but it didn’t feel very good 😭😭😭...",
    "uploader": "meow 🐬🦈🐠",
    "username": "verycloudyday",
    "upload_date": "20251027",
    "duration": 10.147,
    "filesize": 1084728,
    "download_date": "2025-12-19 02:41:46"
  },
  {
    "number": 197,
    "filename": "294-MEGADUMP 📉 - Join Telegram⧸Discord➡️  #blowjob #latina #nsfw #horny #xxx #porn #mi..._00001.mp4",
    "url": "https://x.com/megadumpnet/status/1973459426020675689?s=46",
    "title": "MEGADUMP 📉 - Join Telegram/Discord➡️  #blowjob #latina #nsfw #horny #xxx #porn #mi...",
    "uploader": "MEGADUMP 📉",
    "username": "megadumpnet",
    "upload_date": "20251001",
    "duration": 71.391,
    "filesize": 17190813,
    "download_date": "2025-12-19 02:41:53"
  },
  {
    "number": 198,
    "filename": "295-🌶️ - bestie just showing it off 💋 #pussy #nsfw #goonette_00001.mp4",
    "url": "https://x.com/nighttimeneeds/status/2000609761033687196?s=46",
    "title": "🌶️ - bestie just showing it off 💋 #pussy #nsfw #goonette",
    "uploader": "🌶️",
    "username": "nighttimeneeds",
    "upload_date": "20251215",
    "duration": 3.685,
    "filesize": 388048,
    "download_date": "2025-12-19 02:41:56"
  },
  {
    "number": 199,
    "filename": "296-meow 🐬🦈🐠 - omg boobies!!!!!!!!!!!! make sure to milk urself silly tardie ：D_00001.mp4",
    "url": "https://x.com/verycloudyday/status/2001088843240349727?s=46",
    "title": "meow 🐬🦈🐠 - omg boobies!!!!!!!!!!!! make sure to milk urself silly tardie :D",
    "uploader": "meow 🐬🦈🐠",
    "username": "verycloudyday",
    "upload_date": "20251217",
    "duration": 39.208,
    "filesize": 4666832,
    "download_date": "2025-12-19 02:42:00"
  },
  {
    "number": 200,
    "filename": "297-Joel ｜ 🇲🇽 dm for promo 📣 - need to play with your sensitive cunt after I’ve already made you cum..._00001.mp4",
    "url": "https://x.com/joexl336/status/1982522114469974168?s=46",
    "title": "Joel | 🇲🇽 dm for promo 📣 - need to play with your sensitive cunt after I’ve already made you cum...",
    "uploader": "Joel | 🇲🇽 dm for promo 📣",
    "username": "joexl336",
    "upload_date": "20251026",
    "duration": 24.733,
    "filesize": 1811927,
    "download_date": "2025-12-19 02:42:03"
  },
  {
    "number": 201,
    "filename": "298-flora. - hole inspection_00001.mp4",
    "url": "https://x.com/cybergoonette/status/1979457424403701795?s=46",
    "title": "flora. - hole inspection",
    "uploader": "flora.",
    "username": "cybergoonette",
    "upload_date": "20251018",
    "duration": 100.124,
    "filesize": 13860948,
    "download_date": "2025-12-19 02:42:09"
  },
  {
    "number": 202,
    "filename": "299-𝓣𝓱𝓮 𝓟𝓾𝓫𝓵𝓲𝓬 𝓟𝓮𝓪𝓬𝓱 🍑 - Flashing all the nerds this fat pussy at the bookstore. I got caught ..._00001.mp4",
    "url": "https://x.com/public_peach/status/1988608596419150310?s=46",
    "title": "𝓣𝓱𝓮 𝓟𝓾𝓫𝓵𝓲𝓬 𝓟𝓮𝓪𝓬𝓱 🍑 - Flashing all the nerds this fat pussy at the bookstore. I got caught ...",
    "uploader": "𝓣𝓱𝓮 𝓟𝓾𝓫𝓵𝓲𝓬 𝓟𝓮𝓪𝓬𝓱 🍑",
    "username": "public_peach",
    "upload_date": "20251112",
    "duration": 18.233,
    "filesize": 1206816,
    "download_date": "2025-12-19 02:42:12"
  },
  {
    "number": 203,
    "filename": "300-Joel ｜ 🇲🇽 dm for promo 📣 - “stop？？ Why would I stop sweetheart, this shit feels so fucking good ..._00001.mp4",
    "url": "https://x.com/joexl336/status/1989375775225598210?s=46",
    "title": "Joel | 🇲🇽 dm for promo 📣 - “stop?? Why would I stop sweetheart, this shit feels so fucking good ...",
    "uploader": "Joel | 🇲🇽 dm for promo 📣",
    "username": "joexl336",
    "upload_date": "20251114",
    "duration": 17.058,
    "filesize": 1371862,
    "download_date": "2025-12-19 02:42:16"
  },
  {
    "number": 204,
    "filename": "301-🌶️ - another one 🥹🥵 #pussy #nsfw #nsfwtwt #goonette #1_00001.mp4",
    "url": "https://x.com/nighttimeneeds/status/1994349226969493876?s=46",
    "title": "🌶️ - another one 🥹🥵 #pussy #nsfw #nsfwtwt #goonette #1",
    "uploader": "🌶️",
    "username": "nighttimeneeds",
    "upload_date": "20251128",
    "duration": 140.082,
    "filesize": 11644489,
    "download_date": "2025-12-19 02:42:22"
  },
  {
    "number": 205,
    "filename": "302-🌶️ - another one 🥹🥵 #pussy #nsfw #nsfwtwt #goonette #2_00002.mp4",
    "url": "https://x.com/nighttimeneeds/status/1994349226969493876?s=46",
    "title": "🌶️ - another one 🥹🥵 #pussy #nsfw #nsfwtwt #goonette #2",
    "uploader": "🌶️",
    "username": "nighttimeneeds",
    "upload_date": "20251128",
    "duration": 14.371,
    "filesize": 3107449,
    "download_date": "2025-12-19 02:42:22"
  },
  {
    "number": 206,
    "filename": "303-meow 🐬🦈🐠 - my wrists and elbows hurt so badddd send helpo!@!!!!!!! also do u guy..._00001.mp4",
    "url": "https://x.com/verycloudyday/status/2001058555877539969?s=46",
    "title": "meow 🐬🦈🐠 - my wrists and elbows hurt so badddd send helpo!@!!!!!!! also do u guy...",
    "uploader": "meow 🐬🦈🐠",
    "username": "verycloudyday",
    "upload_date": "20251216",
    "duration": 24.512,
    "filesize": 2510007,
    "download_date": "2025-12-19 02:42:26"
  },
  {
    "number": 207,
    "filename": "304-🌶️ - this makes me feel so good 🫠 #goonette #nsfwtwt_00001.mp4",
    "url": "https://x.com/nighttimeneeds/status/1996248108770967959?s=46",
    "title": "🌶️ - this makes me feel so good 🫠 #goonette #nsfwtwt",
    "uploader": "🌶️",
    "username": "nighttimeneeds",
    "upload_date": "20251203",
    "duration": 45.133,
    "filesize": 5415652,
    "download_date": "2025-12-19 02:42:30"
  },
  {
    "number": 208,
    "filename": "305-nica ☠︎︎ - wataa_00001.mp4",
    "url": "https://x.com/mia_miiku/status/2001512623867924568?s=46",
    "title": "nica ☠︎︎ - wataa",
    "uploader": "nica ☠︎︎",
    "username": "NiKaHxD",
    "upload_date": "20251216",
    "duration": 6.6,
    "filesize": 487502,
    "download_date": "2025-12-19 02:42:33"
  },
  {
    "number": 209,
    "filename": "306-nica ☠︎︎ - wataa_00001.mp4",
    "url": "https://x.com/nikahxd/status/2000957285032452554?s=46",
    "title": "nica ☠︎︎ - wataa",
    "uploader": "nica ☠︎︎",
    "username": "NiKaHxD",
    "upload_date": "20251216",
    "duration": 11.466,
    "filesize": 664757,
    "download_date": "2025-12-19 02:42:36"
  },
  {
    "number": 210,
    "filename": "307-♡ - wataa_00001.mp4",
    "url": "https://x.com/uwunikah/status/2000950851381420350?s=46",
    "title": "♡ - wataa",
    "uploader": "♡",
    "username": "uwunikah",
    "upload_date": "20251216",
    "duration": 9.166,
    "filesize": 572378,
    "download_date": "2025-12-19 02:42:55"
  },
  {
    "number": 211,
    "filename": "308-🍓草莓老师🍓 - Wataa_00001.mp4",
    "url": "https://x.com/onlylovesun0712/status/2001952845982318893?s=46",
    "title": "🍓草莓老师🍓 - Wataa",
    "uploader": "🍓草莓老师🍓",
    "username": "Onlylovesun0712",
    "upload_date": "20251219",
    "duration": 10.796,
    "filesize": 965755,
    "download_date": "2025-12-19 18:44:01"
  },
  {
    "number": 212,
    "filename": "309-玫瑰定义浪漫 - hi_00001.mp4",
    "url": "https://x.com/in2you_m/status/1758014097818591363?s=46",
    "title": "玫瑰定义浪漫 - hi",
    "uploader": "玫瑰定义浪漫",
    "username": "in2you_m",
    "upload_date": "20240215",
    "duration": 5.133,
    "filesize": 501601,
    "download_date": "2025-12-19 19:39:48"
  },
  {
    "number": 213,
    "filename": "310-@unter - im in love with this video_00001.mp4",
    "url": "https://x.com/unter1080p/status/2001408815397232881?s=46",
    "title": "@unter - im in love with this video",
    "uploader": "@unter",
    "username": "unter1080p",
    "upload_date": "20251217",
    "duration": 40.138,
    "filesize": 4784074,
    "download_date": "2025-12-19 19:43:37"
  },
  {
    "number": 214,
    "filename": "311-Alice - wataa_00001.mp4",
    "url": "https://x.com/purebeautye_/status/2001739368482947090?s=46",
    "title": "Alice - wataa",
    "uploader": "Alice",
    "username": "purebeautye_",
    "upload_date": "20251218",
    "duration": 12.55,
    "filesize": 627381,
    "download_date": "2025-12-19 19:43:38"
  },
  {
    "number": 215,
    "filename": "312-von - 清纯jk甜妹 被男友曝光 露脸做爱 在学校当甜妹 在床上当母狗 #反差 #母狗 #清纯 #甜妹 #曝光 #曝光女友  #jk #反差婊 @... #1_00001.mp4",
    "url": "https://x.com/von1113366/status/2001296477935587800?s=46",
    "title": "von - 清纯jk甜妹 被男友曝光 露脸做爱 在学校当甜妹 在床上当母狗 #反差 #母狗 #清纯 #甜妹 #曝光 #曝光女友  #jk #反差婊 @... #1",
    "uploader": "von",
    "username": "von1113366",
    "upload_date": "20251217",
    "duration": 4.899,
    "filesize": 648691,
    "download_date": "2025-12-19 19:45:14"
  },
  {
    "number": 216,
    "filename": "313-von - 清纯jk甜妹 被男友曝光 露脸做爱 在学校当甜妹 在床上当母狗 #反差 #母狗 #清纯 #甜妹 #曝光 #曝光女友  #jk #反差婊 @... #2_00002.mp4",
    "url": "https://x.com/von1113366/status/2001296477935587800?s=46",
    "title": "von - 清纯jk甜妹 被男友曝光 露脸做爱 在学校当甜妹 在床上当母狗 #反差 #母狗 #清纯 #甜妹 #曝光 #曝光女友  #jk #反差婊 @... #2",
    "uploader": "von",
    "username": "von1113366",
    "upload_date": "20251217",
    "duration": 27.376,
    "filesize": 4255846,
    "download_date": "2025-12-19 19:45:14"
  },
  {
    "number": 217,
    "filename": "314-von - 清纯jk甜妹 被男友曝光 露脸做爱 在学校当甜妹 在床上当母狗 #反差 #母狗 #清纯 #甜妹 #曝光 #曝光女友  #jk #反差婊 @... #3_00003.mp4",
    "url": "https://x.com/von1113366/status/2001296477935587800?s=46",
    "title": "von - 清纯jk甜妹 被男友曝光 露脸做爱 在学校当甜妹 在床上当母狗 #反差 #母狗 #清纯 #甜妹 #曝光 #曝光女友  #jk #反差婊 @... #3",
    "uploader": "von",
    "username": "von1113366",
    "upload_date": "20251217",
    "duration": 72.957,
    "filesize": 6040231,
    "download_date": "2025-12-19 19:45:14"
  },
  {
    "number": 218,
    "filename": "315-加一 - wataa_00001.mp4",
    "url": "https://x.com/jiayi0652/status/2001977523752894757?s=46",
    "title": "加一 - wataa",
    "uploader": "加一",
    "username": "jiayi0652",
    "upload_date": "20251219",
    "duration": 90.566,
    "filesize": 6265147,
    "download_date": "2025-12-19 19:45:50"
  },
  {
    "number": 219,
    "filename": "316-temptasian (+18) - https：⧸⧸t.co⧸Pk1mesva62_00001.mp4",
    "url": "https://x.com/temptasiannsfw/status/2001909622152565242?s=46",
    "title": "temptasian (+18) - https://t.co/Pk1mesva62",
    "uploader": "temptasian (+18)",
    "username": "temptasiannsfw",
    "upload_date": "20251219",
    "duration": 233.75,
    "filesize": 75567714,
    "download_date": "2025-12-19 19:46:11"
  },
  {
    "number": 220,
    "filename": "317-ロゼ - ROSÉ -🥀 - ラウンジ嬢との夕焼けセックスはたまらん_00001.mp4",
    "url": "https://x.com/__rose001/status/1966819141446193186?s=46",
    "title": "ロゼ - ROSÉ -🥀 - ラウンジ嬢との夕焼けセックスはたまらん",
    "uploader": "ロゼ - ROSÉ -🥀",
    "username": "__rose001",
    "upload_date": "20250913",
    "duration": 81.363,
    "filesize": 7866115,
    "download_date": "2025-12-19 19:46:43"
  },
  {
    "number": 221,
    "filename": "318-ロゼ - ROSÉ -🥀 - 西麻布ラウンジ嬢の生々しい裏の顔。 高額な諭吉を渡すほどど顔可愛すぎるから絶対見てほしい。_00001.mp4",
    "url": "https://x.com/__rose001/status/1965752350796394712?s=46",
    "title": "ロゼ - ROSÉ -🥀 - 西麻布ラウンジ嬢の生々しい裏の顔。 高額な諭吉を渡すほどど顔可愛すぎるから絶対見てほしい。",
    "uploader": "ロゼ - ROSÉ -🥀",
    "username": "__rose001",
    "upload_date": "20250910",
    "duration": 174.382,
    "filesize": 11598854,
    "download_date": "2025-12-19 19:47:10"
  },
  {
    "number": 222,
    "filename": "319-纯情小猫🐱 - 在室友的床位扒开小穴 羞耻感拉满了🥵  投稿 @ToBulma @ToBulaer @KawasawaSen @BulmaList_00001.mp4",
    "url": "https://x.com/ranru666/status/1924710635474190674?s=46",
    "title": "纯情小猫🐱 - 在室友的床位扒开小穴 羞耻感拉满了🥵  投稿 @ToBulma @ToBulaer @KawasawaSen @BulmaList",
    "uploader": "纯情小猫🐱",
    "username": "ranru666",
    "upload_date": "20250520",
    "duration": 14.966,
    "filesize": 695649,
    "download_date": "2025-12-19 19:47:16"
  },
  {
    "number": 223,
    "filename": "320-Mia Miku - wataa_00001.mp4",
    "url": "https://x.com/mia_miiku/status/2001810362409324836?s=46",
    "title": "Mia Miku - wataa",
    "uploader": "Mia Miku",
    "username": "Mia_miiku",
    "upload_date": "20251219",
    "duration": 4.866,
    "filesize": 434911,
    "download_date": "2025-12-19 19:47:32"
  },
  {
    "number": 224,
    "filename": "321-Faptuary - POV： Your weekend has started and Alexa Miro is visiting.  On a scale..._00001.mp4",
    "url": "https://x.com/faptuary/status/1979451263428210992?s=46",
    "title": "Faptuary - POV: Your weekend has started and Alexa Miro is visiting.  On a scale...",
    "uploader": "Faptuary",
    "username": "faptuary",
    "upload_date": "20251018",
    "duration": 34.183,
    "filesize": 3680534,
    "download_date": "2025-12-19 19:47:47"
  },
  {
    "number": 225,
    "filename": "322-Luna 路子萱 - Wataa👅_00001.mp4",
    "url": "https://x.com/in2you_m/status/2001935925966975436?s=46",
    "title": "Luna 路子萱 - Wataa👅",
    "uploader": "Luna 路子萱",
    "username": "luzixuan117",
    "upload_date": "20251216",
    "duration": 30.691,
    "filesize": 5648321,
    "download_date": "2025-12-19 19:48:12"
  },
  {
    "number": 226,
    "filename": "323-Honey Glow - wataa_00001.mp4",
    "url": "https://x.com/marichka_keye/status/2001896382681223342?s=46",
    "title": "Honey Glow - wataa",
    "uploader": "Honey Glow",
    "username": "honey_gllow",
    "upload_date": "20251218",
    "duration": 9.477,
    "filesize": 895465,
    "download_date": "2025-12-19 19:48:20"
  },
  {
    "number": 227,
    "filename": "324-伊邪那美 - 无套爆操身上多处纹身的jk小母狗吧 @MitsumeDoji  @Xiaoxiaofoer  @OoniDevil_00001.mp4",
    "url": "https://x.com/yxnamei/status/1995468813320495444?s=46",
    "title": "伊邪那美 - 无套爆操身上多处纹身的jk小母狗吧 @MitsumeDoji  @Xiaoxiaofoer  @OoniDevil",
    "uploader": "伊邪那美",
    "username": "Yxnamei",
    "upload_date": "20251201",
    "duration": 42.1,
    "filesize": 3969140,
    "download_date": "2025-12-19 19:48:53"
  },
  {
    "number": 228,
    "filename": "325-yuki ᰔᩚ - Chudai_00001.mp4",
    "url": "https://x.com/yukitorisauce/status/2001742809364402510?s=46",
    "title": "yuki ᰔᩚ - Chudai",
    "uploader": "yuki ᰔᩚ",
    "username": "yukitorisauce",
    "upload_date": "20251218",
    "duration": 6.345,
    "filesize": 360627,
    "download_date": "2025-12-20 22:18:03"
  },
  {
    "number": 229,
    "filename": "326-ilay - https：⧸⧸t.co⧸IrfAMchsUM_00001.mp4",
    "url": "https://x.com/cravedromance/status/2002106158803566797?s=20",
    "title": "ilay - https://t.co/IrfAMchsUM",
    "uploader": "ilay",
    "username": "cravedromance",
    "upload_date": "20251219",
    "duration": 171.717,
    "filesize": 12552862,
    "download_date": "2025-12-20 22:27:15"
  },
  {
    "number": 230,
    "filename": "327-jess - Should I take my bra off？_00001.mp4",
    "url": "https://x.com/luhvars/status/2002121783911096543?s=20",
    "title": "jess - Should I take my bra off?",
    "uploader": "jess",
    "username": "luhvars",
    "upload_date": "20251219",
    "duration": 6.903,
    "filesize": 557517,
    "download_date": "2025-12-20 23:28:05"
  }
]