================================================================================
📤 Upload Timestamp : 2025-10-08 15:24:59
📁 File Name        : 02-Neona. - vcs.mp4
💾 File Size        : 0.33 MB
📄 Upload Type      : video
📺 Resolution       : 886x482
🎬 FPS             : 59
⏱️  Duration        : 4.6s
================================================================================
================================================================================
📤 Upload Timestamp : 2025-10-08 15:31:24
📁 File Name        : 03-H . r n y - need this so bad....mp4
💾 File Size        : 5.91 MB
📄 Upload Type      : video
📺 Resolution       : 1024x720
🎬 FPS             : 30
⏱️  Duration        : 1m 0s
================================================================================
================================================================================
📤 Upload Timestamp : 2025-10-08 15:33:15
📁 File Name        : 04-推荐官 - chudai🔥.mp4
💾 File Size        : 201.81 MB
📄 Upload Type      : video
📺 Resolution       : 720x1280
🎬 FPS             : 23
⏱️  Duration        : 27m 11s
================================================================================
================================================================================
📤 Upload Timestamp : 2025-10-08 15:59:28
📁 File Name        : 05-H . r n y - need this so bad....mp4
💾 File Size        : 5.91 MB
📄 Upload Type      : video
📺 Resolution       : 1024x720
🎬 FPS             : 30
⏱️  Duration        : 1m 0s
================================================================================
================================================================================
📤 Upload Timestamp : 2025-10-08 16:12:15
📁 File Name        : 07-H . r n y - need this so bad....mp4
💾 File Size        : 5.91 MB
📄 Upload Type      : video
📺 Resolution       : 1024x720
🎬 FPS             : 30
⏱️  Duration        : 1m 0s
================================================================================
================================================================================
📤 Upload Timestamp : 2025-10-08 16:13:54
📁 File Name        : 08-推荐官 - chudai🔥.mp4
💾 File Size        : 201.81 MB
📄 Upload Type      : video
📺 Resolution       : 720x1280
🎬 FPS             : 23
⏱️  Duration        : 27m 11s
================================================================================
================================================================================
📤 Upload Timestamp : 2025-10-08 16:16:07
📁 File Name        : 01-Neona. - vcs.mp4
💾 File Size        : 0.33 MB
📄 Upload Type      : video
📺 Resolution       : 886x482
🎬 FPS             : 59
⏱️  Duration        : 4.6s
================================================================================
================================================================================
📤 Upload Timestamp : 2025-10-08 16:18:25
📁 File Name        : 08-推荐官 - chudai🔥.mp4
💾 File Size        : 201.81 MB
📄 Upload Type      : video
📺 Resolution       : 720x1280
🎬 FPS             : 23
⏱️  Duration        : 27m 11s
================================================================================
