2026-01-18 00:21:19,712 - INFO - Initialized scraper for @hyoga2001x
2026-01-18 00:21:19,713 - INFO - Download directory: downloads\hyoga2001x
2026-01-18 00:21:19,713 - INFO - ============================================================
2026-01-18 00:21:19,714 - INFO - STARTING SCRAPING FOR @hyoga2001x
2026-01-18 00:21:19,714 - INFO - ============================================================
2026-01-18 00:21:19,714 - INFO - Starting to scrape media from @hyoga2001x (max: 100 tweets)
2026-01-18 00:21:19,715 - INFO - Fetching page 1 from https://nitter.net/hyoga2001x?page=1
2026-01-18 00:21:21,771 - INFO - Fetching page 2 from https://nitter.net/hyoga2001x?page=2
2026-01-18 00:21:21,962 - INFO - No new tweets found on this page. Stopping.
2026-01-18 00:21:21,963 - WARNING - No tweet URLs found. Profile might be private or doesn't exist.
2026-01-18 00:21:21,964 - INFO - Results saved to: downloads\hyoga2001x\hyoga2001x_results.json
2026-01-18 00:21:21,964 - INFO - ============================================================
2026-01-18 00:21:21,964 - INFO - SCRAPING COMPLETE!
2026-01-18 00:21:21,964 - INFO - Username: @hyoga2001x
2026-01-18 00:21:21,965 - INFO - Video URLs found: 0
2026-01-18 00:21:21,965 - INFO - Image URLs found: 0
2026-01-18 00:21:21,965 - INFO - Videos downloaded: 0
2026-01-18 00:21:21,965 - INFO - Images downloaded: 0
2026-01-18 00:21:21,965 - INFO - Download directory: downloads\hyoga2001x
2026-01-18 00:21:21,966 - INFO - ============================================================
2026-01-18 00:23:41,859 - INFO - Initialized scraper for @ninicherri
2026-01-18 00:23:41,859 - INFO - Download directory: downloads\ninicherri
2026-01-18 00:23:41,860 - INFO - ============================================================
2026-01-18 00:23:41,860 - INFO - STARTING SCRAPING FOR @ninicherri
2026-01-18 00:23:41,860 - INFO - ============================================================
2026-01-18 00:23:41,860 - INFO - Starting to scrape media from @ninicherri (max: 100 tweets)
2026-01-18 00:23:41,860 - INFO - Fetching page 1 from https://nitter.net/ninicherri?page=1
2026-01-18 00:23:43,773 - INFO - Fetching page 2 from https://nitter.net/ninicherri?page=2
2026-01-18 00:23:43,958 - INFO - No new tweets found on this page. Stopping.
2026-01-18 00:23:43,959 - WARNING - No tweet URLs found. Profile might be private or doesn't exist.
2026-01-18 00:23:43,960 - INFO - Results saved to: downloads\ninicherri\ninicherri_results.json
2026-01-18 00:23:43,961 - INFO - ============================================================
2026-01-18 00:23:43,961 - INFO - SCRAPING COMPLETE!
2026-01-18 00:23:43,961 - INFO - Username: @ninicherri
2026-01-18 00:23:43,962 - INFO - Video URLs found: 0
2026-01-18 00:23:43,962 - INFO - Image URLs found: 0
2026-01-18 00:23:43,962 - INFO - Videos downloaded: 0
2026-01-18 00:23:43,963 - INFO - Images downloaded: 0
2026-01-18 00:23:43,963 - INFO - Download directory: downloads\ninicherri
2026-01-18 00:23:43,963 - INFO - ============================================================
